Archive member included to satisfy reference by file (symbol)

c:/program files (x86)/atollic/truestudio for arm 7.1.2/armtools/bin/../lib/gcc/arm-atollic-eabi/5.3.1/../../../../arm-atollic-eabi/lib/armv6-m\libc_nano.a(lib_a-init.o)
                              src\startup_stm32l072xx.o (__libc_init_array)
c:/program files (x86)/atollic/truestudio for arm 7.1.2/armtools/bin/../lib/gcc/arm-atollic-eabi/5.3.1/../../../../arm-atollic-eabi/lib/armv6-m\libc_nano.a(lib_a-memcpy-stub.o)
                              Middlewares\Third_Party\Lora\Mac\region\RegionAS923.o (memcpy)
c:/program files (x86)/atollic/truestudio for arm 7.1.2/armtools/bin/../lib/gcc/arm-atollic-eabi/5.3.1/../../../../arm-atollic-eabi/lib/armv6-m\libc_nano.a(lib_a-memset.o)
                              Drivers\BSP\MLM32L07X01\Phy\sx1276.o (memset)
c:/program files (x86)/atollic/truestudio for arm 7.1.2/armtools/bin/../lib/gcc/arm-atollic-eabi/5.3.1/../../../../arm-atollic-eabi/lib/armv6-m\libc_nano.a(lib_a-strcpy.o)
                              src\main.o (strcpy)
c:/program files (x86)/atollic/truestudio for arm 7.1.2/armtools/bin/../lib/gcc/arm-atollic-eabi/5.3.1/../../../../arm-atollic-eabi/lib/armv6-m\libc_nano.a(lib_a-strlen.o)
                              src\tiny_printf.o (strlen)
c:/program files (x86)/atollic/truestudio for arm 7.1.2/armtools/bin/../lib/gcc/arm-atollic-eabi/5.3.1/../../../../arm-atollic-eabi/lib/armv6-m\libc_nano.a(lib_a-strncmp.o)
                              src\main.o (strncmp)
c:/program files (x86)/atollic/truestudio for arm 7.1.2/armtools/bin/../lib/gcc/arm-atollic-eabi/5.3.1/../../../../arm-atollic-eabi/lib/armv6-m\libc_nano.a(lib_a-vsprintf.o)
                              src\vcom.o (vsprintf)
c:/program files (x86)/atollic/truestudio for arm 7.1.2/armtools/bin/../lib/gcc/arm-atollic-eabi/5.3.1/../../../../arm-atollic-eabi/lib/armv6-m\libc_nano.a(lib_a-impure.o)
                              c:/program files (x86)/atollic/truestudio for arm 7.1.2/armtools/bin/../lib/gcc/arm-atollic-eabi/5.3.1/../../../../arm-atollic-eabi/lib/armv6-m\libc_nano.a(lib_a-vsprintf.o) (_impure_ptr)
c:/program files (x86)/atollic/truestudio for arm 7.1.2/armtools/bin/../lib/gcc/arm-atollic-eabi/5.3.1/../../../../arm-atollic-eabi/lib/armv6-m\libc_nano.a(lib_a-nano-svfprintf.o)
                              c:/program files (x86)/atollic/truestudio for arm 7.1.2/armtools/bin/../lib/gcc/arm-atollic-eabi/5.3.1/../../../../arm-atollic-eabi/lib/armv6-m\libc_nano.a(lib_a-vsprintf.o) (_svfprintf_r)
c:/program files (x86)/atollic/truestudio for arm 7.1.2/armtools/bin/../lib/gcc/arm-atollic-eabi/5.3.1/../../../../arm-atollic-eabi/lib/armv6-m\libc_nano.a(lib_a-nano-vfprintf_i.o)
                              c:/program files (x86)/atollic/truestudio for arm 7.1.2/armtools/bin/../lib/gcc/arm-atollic-eabi/5.3.1/../../../../arm-atollic-eabi/lib/armv6-m\libc_nano.a(lib_a-nano-svfprintf.o) (_printf_i)
c:/program files (x86)/atollic/truestudio for arm 7.1.2/armtools/bin/../lib/gcc/arm-atollic-eabi/5.3.1/../../../../arm-atollic-eabi/lib/armv6-m\libc_nano.a(lib_a-memchr-stub.o)
                              c:/program files (x86)/atollic/truestudio for arm 7.1.2/armtools/bin/../lib/gcc/arm-atollic-eabi/5.3.1/../../../../arm-atollic-eabi/lib/armv6-m\libc_nano.a(lib_a-nano-svfprintf.o) (memchr)
c:/program files (x86)/atollic/truestudio for arm 7.1.2/armtools/bin/../lib/gcc/arm-atollic-eabi/5.3.1/../../../../arm-atollic-eabi/lib/armv6-m\libc_nano.a(lib_a-memmove.o)
                              c:/program files (x86)/atollic/truestudio for arm 7.1.2/armtools/bin/../lib/gcc/arm-atollic-eabi/5.3.1/../../../../arm-atollic-eabi/lib/armv6-m\libc_nano.a(lib_a-nano-svfprintf.o) (memmove)
c:/program files (x86)/atollic/truestudio for arm 7.1.2/armtools/bin/../lib/gcc/arm-atollic-eabi/5.3.1/../../../../arm-atollic-eabi/lib/armv6-m\libc_nano.a(lib_a-nano-freer.o)
                              c:/program files (x86)/atollic/truestudio for arm 7.1.2/armtools/bin/../lib/gcc/arm-atollic-eabi/5.3.1/../../../../arm-atollic-eabi/lib/armv6-m\libc_nano.a(lib_a-nano-svfprintf.o) (_free_r)
c:/program files (x86)/atollic/truestudio for arm 7.1.2/armtools/bin/../lib/gcc/arm-atollic-eabi/5.3.1/../../../../arm-atollic-eabi/lib/armv6-m\libc_nano.a(lib_a-nano-mallocr.o)
                              c:/program files (x86)/atollic/truestudio for arm 7.1.2/armtools/bin/../lib/gcc/arm-atollic-eabi/5.3.1/../../../../arm-atollic-eabi/lib/armv6-m\libc_nano.a(lib_a-nano-svfprintf.o) (_malloc_r)
c:/program files (x86)/atollic/truestudio for arm 7.1.2/armtools/bin/../lib/gcc/arm-atollic-eabi/5.3.1/../../../../arm-atollic-eabi/lib/armv6-m\libc_nano.a(lib_a-nano-reallocr.o)
                              c:/program files (x86)/atollic/truestudio for arm 7.1.2/armtools/bin/../lib/gcc/arm-atollic-eabi/5.3.1/../../../../arm-atollic-eabi/lib/armv6-m\libc_nano.a(lib_a-nano-svfprintf.o) (_realloc_r)
[...]
Memory Configuration

Name             Origin             Length             Attributes
FLASH            0x08000000         0x00030000         xr
RAM              0x20000000         0x00005000         xrw
MEMORY_B1        0x60000000         0x00000000         xr
*default*        0x00000000         0xffffffff

Linker script and memory map

LOAD c:/program files (x86)/atollic/truestudio for arm 7.1.2/armtools/bin/../lib/gcc/arm-atollic-eabi/5.3.1/armv6-m/crti.o
LOAD c:/program files (x86)/atollic/truestudio for arm 7.1.2/armtools/bin/../lib/gcc/arm-atollic-eabi/5.3.1/armv6-m/crtbegin.o
LOAD Drivers\BSP\B-L072Z-LRWAN1\b-l072z-lrwan1.o
LOAD Drivers\BSP\MLM32L07X01\Phy\sx1276.o
LOAD Drivers\BSP\MLM32L07X01\mlm32l07x01.o
LOAD Drivers\STM32L0xx_HAL_Driver\Src\stm32l0xx_hal.o
LOAD Drivers\STM32L0xx_HAL_Driver\Src\stm32l0xx_hal_adc.o
LOAD Drivers\STM32L0xx_HAL_Driver\Src\stm32l0xx_hal_adc_ex.o
LOAD Drivers\STM32L0xx_HAL_Driver\Src\stm32l0xx_hal_comp.o
LOAD Drivers\STM32L0xx_HAL_Driver\Src\stm32l0xx_hal_comp_ex.o
LOAD Drivers\STM32L0xx_HAL_Driver\Src\stm32l0xx_hal_cortex.o
LOAD Drivers\STM32L0xx_HAL_Driver\Src\stm32l0xx_hal_crc.o
LOAD Drivers\STM32L0xx_HAL_Driver\Src\stm32l0xx_hal_crc_ex.o
LOAD Drivers\STM32L0xx_HAL_Driver\Src\stm32l0xx_hal_cryp.o
LOAD Drivers\STM32L0xx_HAL_Driver\Src\stm32l0xx_hal_cryp_ex.o
LOAD Drivers\STM32L0xx_HAL_Driver\Src\stm32l0xx_hal_dac.o
LOAD Drivers\STM32L0xx_HAL_Driver\Src\stm32l0xx_hal_dac_ex.o
LOAD Drivers\STM32L0xx_HAL_Driver\Src\stm32l0xx_hal_dma.o
LOAD Drivers\STM32L0xx_HAL_Driver\Src\stm32l0xx_hal_firewall.o
LOAD Drivers\STM32L0xx_HAL_Driver\Src\stm32l0xx_hal_flash.o
LOAD Drivers\STM32L0xx_HAL_Driver\Src\stm32l0xx_hal_flash_ex.o
LOAD Drivers\STM32L0xx_HAL_Driver\Src\stm32l0xx_hal_flash_ramfunc.o
LOAD Drivers\STM32L0xx_HAL_Driver\Src\stm32l0xx_hal_gpio.o
LOAD Drivers\STM32L0xx_HAL_Driver\Src\stm32l0xx_hal_i2c.o
LOAD Drivers\STM32L0xx_HAL_Driver\Src\stm32l0xx_hal_i2c_ex.o
LOAD Drivers\STM32L0xx_HAL_Driver\Src\stm32l0xx_hal_i2s.o
LOAD Drivers\STM32L0xx_HAL_Driver\Src\stm32l0xx_hal_irda.o
LOAD Drivers\STM32L0xx_HAL_Driver\Src\stm32l0xx_hal_iwdg.o
LOAD Drivers\STM32L0xx_HAL_Driver\Src\stm32l0xx_hal_lcd.o
LOAD Drivers\STM32L0xx_HAL_Driver\Src\stm32l0xx_hal_lptim.o
LOAD Drivers\STM32L0xx_HAL_Driver\Src\stm32l0xx_hal_pcd.o
LOAD Drivers\STM32L0xx_HAL_Driver\Src\stm32l0xx_hal_pcd_ex.o
LOAD Drivers\STM32L0xx_HAL_Driver\Src\stm32l0xx_hal_pwr.o
LOAD Drivers\STM32L0xx_HAL_Driver\Src\stm32l0xx_hal_pwr_ex.o
LOAD Drivers\STM32L0xx_HAL_Driver\Src\stm32l0xx_hal_rcc.o
LOAD Drivers\STM32L0xx_HAL_Driver\Src\stm32l0xx_hal_rcc_ex.o
LOAD Drivers\STM32L0xx_HAL_Driver\Src\stm32l0xx_hal_rng.o
LOAD Drivers\STM32L0xx_HAL_Driver\Src\stm32l0xx_hal_rtc.o
LOAD Drivers\STM32L0xx_HAL_Driver\Src\stm32l0xx_hal_rtc_ex.o
LOAD Drivers\STM32L0xx_HAL_Driver\Src\stm32l0xx_hal_smartcard.o
LOAD Drivers\STM32L0xx_HAL_Driver\Src\stm32l0xx_hal_smartcard_ex.o
LOAD Drivers\STM32L0xx_HAL_Driver\Src\stm32l0xx_hal_smbus.o
LOAD Drivers\STM32L0xx_HAL_Driver\Src\stm32l0xx_hal_spi.o
LOAD Drivers\STM32L0xx_HAL_Driver\Src\stm32l0xx_hal_tim.o
LOAD Drivers\STM32L0xx_HAL_Driver\Src\stm32l0xx_hal_tim_ex.o
LOAD Drivers\STM32L0xx_HAL_Driver\Src\stm32l0xx_hal_tsc.o
LOAD Drivers\STM32L0xx_HAL_Driver\Src\stm32l0xx_hal_uart.o
LOAD Drivers\STM32L0xx_HAL_Driver\Src\stm32l0xx_hal_uart_ex.o
LOAD Drivers\STM32L0xx_HAL_Driver\Src\stm32l0xx_hal_usart.o
LOAD Drivers\STM32L0xx_HAL_Driver\Src\stm32l0xx_hal_wwdg.o
LOAD Middlewares\Third_Party\Lora\Core\lora.o
LOAD Middlewares\Third_Party\Lora\Crypto\aes.o
LOAD Middlewares\Third_Party\Lora\Crypto\cmac.o
LOAD Middlewares\Third_Party\Lora\Mac\LoRaMac.o
LOAD Middlewares\Third_Party\Lora\Mac\LoRaMacCrypto.o
LOAD Middlewares\Third_Party\Lora\Mac\region\Region.o
LOAD Middlewares\Third_Party\Lora\Mac\region\RegionAS923.o
LOAD Middlewares\Third_Party\Lora\Mac\region\RegionAU915.o
LOAD Middlewares\Third_Party\Lora\Mac\region\RegionCN470.o
LOAD Middlewares\Third_Party\Lora\Mac\region\RegionCN779.o
LOAD Middlewares\Third_Party\Lora\Mac\region\RegionCommon.o
LOAD Middlewares\Third_Party\Lora\Mac\region\RegionEU433.o
LOAD Middlewares\Third_Party\Lora\Mac\region\RegionEU868.o
LOAD Middlewares\Third_Party\Lora\Mac\region\RegionIN865.o
LOAD Middlewares\Third_Party\Lora\Mac\region\RegionKR920.o
LOAD Middlewares\Third_Party\Lora\Mac\region\RegionUS915-Hybrid.o
LOAD Middlewares\Third_Party\Lora\Mac\region\RegionUS915.o
LOAD Middlewares\Third_Party\Lora\Utilities\delay.o
LOAD Middlewares\Third_Party\Lora\Utilities\low_power.o
LOAD Middlewares\Third_Party\Lora\Utilities\timeServer.o
LOAD Middlewares\Third_Party\Lora\Utilities\utilities.o
LOAD src\debug.o
LOAD src\gps.o
LOAD src\hw_gpio.o
LOAD src\hw_rtc.o
LOAD src\hw_spi.o
LOAD src\main.o
LOAD src\mlm32l0xx_hal_msp.o
LOAD src\mlm32l0xx_hw.o
LOAD src\mlm32l0xx_it.o
LOAD src\startup_stm32l072xx.o
LOAD src\stm32l0xx_hal_msp.o
LOAD src\stm32l0xx_hw.o
LOAD src\stm32l0xx_it.o
LOAD src\system_stm32l0xx.o
LOAD src\tiny_printf.o
LOAD src\vcom.o
START GROUP
LOAD c:/program files (x86)/atollic/truestudio for arm 7.1.2/armtools/bin/../lib/gcc/arm-atollic-eabi/5.3.1/../../../../arm-atollic-eabi/lib/armv6-m\libc_nano.a
LOAD c:/program files (x86)/atollic/truestudio for arm 7.1.2/armtools/bin/../lib/gcc/arm-atollic-eabi/5.3.1/../../../../arm-atollic-eabi/lib/armv6-m\libm.a
END GROUP
                0x00000080                malloc_getpagesize_P = 0x80
START GROUP
LOAD c:/program files (x86)/atollic/truestudio for arm 7.1.2/armtools/bin/../lib/gcc/arm-atollic-eabi/5.3.1/armv6-m\libgcc.a
LOAD c:/program files (x86)/atollic/truestudio for arm 7.1.2/armtools/bin/../lib/gcc/arm-atollic-eabi/5.3.1/../../../../arm-atollic-eabi/lib/armv6-m\libc_nano.a
END GROUP
START GROUP
LOAD c:/program files (x86)/atollic/truestudio for arm 7.1.2/armtools/bin/../lib/gcc/arm-atollic-eabi/5.3.1/armv6-m\libgcc.a
LOAD c:/program files (x86)/atollic/truestudio for arm 7.1.2/armtools/bin/../lib/gcc/arm-atollic-eabi/5.3.1/../../../../arm-atollic-eabi/lib/armv6-m\libc_nano.a
LOAD c:/program files (x86)/atollic/truestudio for arm 7.1.2/armtools/bin/../lib/gcc/arm-atollic-eabi/5.3.1/../../../../arm-atollic-eabi/lib/armv6-m\libnosys.a
END GROUP
START GROUP
LOAD c:/program files (x86)/atollic/truestudio for arm 7.1.2/armtools/bin/../lib/gcc/arm-atollic-eabi/5.3.1/armv6-m\libgcc.a
LOAD c:/program files (x86)/atollic/truestudio for arm 7.1.2/armtools/bin/../lib/gcc/arm-atollic-eabi/5.3.1/../../../../arm-atollic-eabi/lib/armv6-m\libc_nano.a
LOAD c:/program files (x86)/atollic/truestudio for arm 7.1.2/armtools/bin/../lib/gcc/arm-atollic-eabi/5.3.1/../../../../arm-atollic-eabi/lib/armv6-m\libnosys.a
END GROUP
LOAD c:/program files (x86)/atollic/truestudio for arm 7.1.2/armtools/bin/../lib/gcc/arm-atollic-eabi/5.3.1/armv6-m/crtend.o
LOAD c:/program files (x86)/atollic/truestudio for arm 7.1.2/armtools/bin/../lib/gcc/arm-atollic-eabi/5.3.1/armv6-m/crtn.o
                0x20005000                _estack = 0x20005000
                0x00000000                _Min_Heap_Size = 0x0
                0x00000100                _Min_Stack_Size = 0x100

.isr_vector     0x08000000       0xc0
                0x08000000                . = ALIGN (0x4)
 *(.isr_vector)
 .isr_vector    0x08000000       0xc0 src\startup_stm32l072xx.o
                0x08000000                g_pfnVectors
                0x080000c0                . = ALIGN (0x4)

.text           0x080000c0     0xc514
                0x080000c0                . = ALIGN (0x4)
 *(.text)
 .text          0x080000c0       0x48 c:/program files (x86)/atollic/truestudio for arm 7.1.2/armtools/bin/../lib/gcc/arm-atollic-eabi/5.3.1/armv6-m/crtbegin.o
 .text          0x08000108      0x114 c:/program files (x86)/atollic/truestudio for arm 7.1.2/armtools/bin/../lib/gcc/arm-atollic-eabi/5.3.1/armv6-m\libgcc.a(_udivsi3.o)
                0x08000108                __aeabi_uidiv
                0x08000108                __udivsi3
                0x08000214                __aeabi_uidivmod
 .text          0x0800021c      0x1d4 c:/program files (x86)/atollic/truestudio for arm 7.1.2/armtools/bin/../lib/gcc/arm-atollic-eabi/5.3.1/armv6-m\libgcc.a(_divsi3.o)
                0x0800021c                __divsi3
                0x0800021c                __aeabi_idiv
                0x080003e8                __aeabi_idivmod
 .text          0x080003f0        0x4 c:/program files (x86)/atollic/truestudio for arm 7.1.2/armtools/bin/../lib/gcc/arm-atollic-eabi/5.3.1/armv6-m\libgcc.a(_dvmd_tls.o)
                0x080003f0                __aeabi_idiv0
                0x080003f0                __aeabi_ldiv0
 .text          0x080003f4       0x7c c:/program files (x86)/atollic/truestudio for arm 7.1.2/armtools/bin/../lib/gcc/arm-atollic-eabi/5.3.1/armv6-m\libgcc.a(_arm_cmpdf2.o)
                0x080003f4                __aeabi_cdrcmple
                0x08000404                __aeabi_cdcmple
                0x08000404                __aeabi_cdcmpeq
                0x08000414                __aeabi_dcmpeq
                0x08000420                __aeabi_dcmplt
                0x08000434                __aeabi_dcmple
                0x08000448                __aeabi_dcmpgt
                0x0800045c                __aeabi_dcmpge
 .text          0x08000470       0x40 c:/program files (x86)/atollic/truestudio for arm 7.1.2/armtools/bin/../lib/gcc/arm-atollic-eabi/5.3.1/armv6-m\libgcc.a(_aeabi_uldivmod.o)
                0x08000470                __aeabi_uldivmod
 .text          0x080004b0       0x3c c:/program files (x86)/atollic/truestudio for arm 7.1.2/armtools/bin/../lib/gcc/arm-atollic-eabi/5.3.1/armv6-m\libgcc.a(_fixunsdfsi.o)
                0x080004b0                __aeabi_d2uiz
                0x080004b0                __fixunsdfsi
 .text          0x080004ec      0x180 c:/program files (x86)/atollic/truestudio for arm 7.1.2/armtools/bin/../lib/gcc/arm-atollic-eabi/5.3.1/armv6-m\libgcc.a(_udivmoddi4.o)
                0x080004ec                __udivmoddi4
 .text          0x0800066c      0x658 c:/program files (x86)/atollic/truestudio for arm 7.1.2/armtools/bin/../lib/gcc/arm-atollic-eabi/5.3.1/armv6-m\libgcc.a(adddf3.o)
                0x0800066c                __aeabi_dadd
 .text          0x08000cc4      0x62c c:/program files (x86)/atollic/truestudio for arm 7.1.2/armtools/bin/../lib/gcc/arm-atollic-eabi/5.3.1/armv6-m\libgcc.a(divdf3.o)
                0x08000cc4                __aeabi_ddiv
 .text          0x080012f0       0x80 c:/program files (x86)/atollic/truestudio for arm 7.1.2/armtools/bin/../lib/gcc/arm-atollic-eabi/5.3.1/armv6-m\libgcc.a(eqdf2.o)
                0x080012f0                __nedf2
                0x080012f0                __eqdf2
 .text          0x08001370       0xc8 c:/program files (x86)/atollic/truestudio for arm 7.1.2/armtools/bin/../lib/gcc/arm-atollic-eabi/5.3.1/armv6-m\libgcc.a(gedf2.o)
                0x08001370                __gedf2
                0x08001370                __gtdf2
 .text          0x08001438       0xd4 c:/program files (x86)/atollic/truestudio for arm 7.1.2/armtools/bin/../lib/gcc/arm-atollic-eabi/5.3.1/armv6-m\libgcc.a(ledf2.o)
                0x08001438                __ledf2
                0x08001438                __ltdf2
 .text          0x0800150c      0x4f4 c:/program files (x86)/atollic/truestudio for arm 7.1.2/armtools/bin/../lib/gcc/arm-atollic-eabi/5.3.1/armv6-m\libgcc.a(muldf3.o)
                0x0800150c                __aeabi_dmul
 .text          0x08001a00      0x6a8 c:/program files (x86)/atollic/truestudio for arm 7.1.2/armtools/bin/../lib/gcc/arm-atollic-eabi/5.3.1/armv6-m\libgcc.a(subdf3.o)
                0x08001a00                __aeabi_dsub
 .text          0x080020a8       0x6c c:/program files (x86)/atollic/truestudio for arm 7.1.2/armtools/bin/../lib/gcc/arm-atollic-eabi/5.3.1/armv6-m\libgcc.a(fixdfsi.o)
                0x080020a8                __aeabi_d2iz
 .text          0x08002114       0x84 c:/program files (x86)/atollic/truestudio for arm 7.1.2/armtools/bin/../lib/gcc/arm-atollic-eabi/5.3.1/armv6-m\libgcc.a(floatsidf.o)
                0x08002114                __aeabi_i2d
 .text          0x08002198       0x70 c:/program files (x86)/atollic/truestudio for arm 7.1.2/armtools/bin/../lib/gcc/arm-atollic-eabi/5.3.1/armv6-m\libgcc.a(floatunsidf.o)
                0x08002198                __aeabi_ui2d
 .text          0x08002208       0x3c c:/program files (x86)/atollic/truestudio for arm 7.1.2/armtools/bin/../lib/gcc/arm-atollic-eabi/5.3.1/armv6-m\libgcc.a(_clzsi2.o)
                0x08002208                __clzsi2
 .text          0x08002244       0x18 c:/program files (x86)/atollic/truestudio for arm 7.1.2/armtools/bin/../lib/gcc/arm-atollic-eabi/5.3.1/armv6-m\libgcc.a(_clzdi2.o)
                0x08002244                __clzdi2
 *(.text*)
 .text.BSP_LED_On
                0x0800225c       0x38 Drivers\BSP\B-L072Z-LRWAN1\b-l072z-lrwan1.o
                0x0800225c                BSP_LED_On
 .text.BSP_LED_Off
                0x08002294       0x38 Drivers\BSP\B-L072Z-LRWAN1\b-l072z-lrwan1.o
                0x08002294                BSP_LED_Off
 .text.BSP_LED_Toggle
                0x080022cc       0x38 Drivers\BSP\B-L072Z-LRWAN1\b-l072z-lrwan1.o
                0x080022cc                BSP_LED_Toggle
 .text.SX1276Init
                0x08002304       0xf4 Drivers\BSP\MLM32L07X01\Phy\sx1276.o
                0x08002304                SX1276Init
 .text.SX1276GetStatus
                0x080023f8       0x14 Drivers\BSP\MLM32L07X01\Phy\sx1276.o
                0x080023f8                SX1276GetStatus
 .text.SX1276SetChannel
                0x0800240c       0x80 Drivers\BSP\MLM32L07X01\Phy\sx1276.o
                0x0800240c                SX1276SetChannel
 .text.SX1276IsChannelFree
                0x0800248c       0x74 Drivers\BSP\MLM32L07X01\Phy\sx1276.o
                0x0800248c                SX1276IsChannelFree
 .text.SX1276Random
                0x08002500       0x68 Drivers\BSP\MLM32L07X01\Phy\sx1276.o
                0x08002500                SX1276Random
 .text.RxChainCalibration
                0x08002568       0xe4 Drivers\BSP\MLM32L07X01\Phy\sx1276.o
 .text.GetFskBandwidthRegValue
                0x0800264c       0x70 Drivers\BSP\MLM32L07X01\Phy\sx1276.o
 .text.SX1276SetRxConfig
                0x080026bc      0x448 Drivers\BSP\MLM32L07X01\Phy\sx1276.o
                0x080026bc                SX1276SetRxConfig
 .text.SX1276SetTxConfig
                0x08002b04      0x3a0 Drivers\BSP\MLM32L07X01\Phy\sx1276.o
                0x08002b04                SX1276SetTxConfig
 .text.SX1276GetTimeOnAir
                0x08002ea4      0x320 Drivers\BSP\MLM32L07X01\Phy\sx1276.o
                0x08002ea4                SX1276GetTimeOnAir
 .text.SX1276Send
                0x080031c4      0x180 Drivers\BSP\MLM32L07X01\Phy\sx1276.o
                0x080031c4                SX1276Send
 .text.SX1276SetSleep
                0x08003344       0x34 Drivers\BSP\MLM32L07X01\Phy\sx1276.o
                0x08003344                SX1276SetSleep
 .text.SX1276SetStby
                0x08003378       0x34 Drivers\BSP\MLM32L07X01\Phy\sx1276.o
                0x08003378                SX1276SetStby
 .text.SX1276SetRx
                0x080033ac      0x3d0 Drivers\BSP\MLM32L07X01\Phy\sx1276.o
                0x080033ac                SX1276SetRx
 .text.SX1276SetTx
                0x0800377c       0xf4 Drivers\BSP\MLM32L07X01\Phy\sx1276.o
                0x0800377c                SX1276SetTx
 .text.SX1276StartCad
                0x08003870       0x50 Drivers\BSP\MLM32L07X01\Phy\sx1276.o
                0x08003870                SX1276StartCad
 .text.SX1276SetTxContinuousWave
                0x080038c0       0xd8 Drivers\BSP\MLM32L07X01\Phy\sx1276.o
                0x080038c0                SX1276SetTxContinuousWave
 .text.SX1276ReadRssi
                0x08003998       0x98 Drivers\BSP\MLM32L07X01\Phy\sx1276.o
                0x08003998                SX1276ReadRssi
 .text.SX1276Reset
                0x08003a30       0x68 Drivers\BSP\MLM32L07X01\Phy\sx1276.o
                0x08003a30                SX1276Reset
 .text.SX1276SetOpMode
                0x08003a98       0x58 Drivers\BSP\MLM32L07X01\Phy\sx1276.o
                0x08003a98                SX1276SetOpMode
 .text.SX1276SetModem
                0x08003af0       0x98 Drivers\BSP\MLM32L07X01\Phy\sx1276.o
                0x08003af0                SX1276SetModem
 .text.SX1276SetSyncWord
                0x08003b88       0x28 Drivers\BSP\MLM32L07X01\Phy\sx1276.o
                0x08003b88                SX1276SetSyncWord
 .text.SX1276Write
                0x08003bb0       0x28 Drivers\BSP\MLM32L07X01\Phy\sx1276.o
                0x08003bb0                SX1276Write
 .text.SX1276Read
                0x08003bd8       0x2c Drivers\BSP\MLM32L07X01\Phy\sx1276.o
                0x08003bd8                SX1276Read
 .text.SX1276WriteBuffer
                0x08003c04       0x8c Drivers\BSP\MLM32L07X01\Phy\sx1276.o
                0x08003c04                SX1276WriteBuffer
 .text.SX1276ReadBuffer
                0x08003c90       0x8c Drivers\BSP\MLM32L07X01\Phy\sx1276.o
                0x08003c90                SX1276ReadBuffer
 .text.SX1276WriteFifo
                0x08003d1c       0x24 Drivers\BSP\MLM32L07X01\Phy\sx1276.o
                0x08003d1c                SX1276WriteFifo
 .text.SX1276ReadFifo
                0x08003d40       0x24 Drivers\BSP\MLM32L07X01\Phy\sx1276.o
                0x08003d40                SX1276ReadFifo
 .text.SX1276SetMaxPayloadLength
                0x08003d64       0x64 Drivers\BSP\MLM32L07X01\Phy\sx1276.o
                0x08003d64                SX1276SetMaxPayloadLength
 .text.SX1276OnTimeoutIrq
                0x08003dc8       0xd8 Drivers\BSP\MLM32L07X01\Phy\sx1276.o
                0x08003dc8                SX1276OnTimeoutIrq
 .text.SX1276OnDio0Irq
                0x08003ea0      0x48c Drivers\BSP\MLM32L07X01\Phy\sx1276.o
                0x08003ea0                SX1276OnDio0Irq
 .text.SX1276OnDio1Irq
                0x0800432c      0x1a0 Drivers\BSP\MLM32L07X01\Phy\sx1276.o
                0x0800432c                SX1276OnDio1Irq
 .text.SX1276OnDio2Irq
                0x080044cc      0x174 Drivers\BSP\MLM32L07X01\Phy\sx1276.o
                0x080044cc                SX1276OnDio2Irq
 .text.SX1276OnDio3Irq
                0x08004640       0x84 Drivers\BSP\MLM32L07X01\Phy\sx1276.o
                0x08004640                SX1276OnDio3Irq
 .text.SX1276OnDio4Irq
                0x080046c4       0x38 Drivers\BSP\MLM32L07X01\Phy\sx1276.o
                0x080046c4                SX1276OnDio4Irq
 .text.SX1276IoInit
                0x080046fc       0x88 Drivers\BSP\MLM32L07X01\mlm32l07x01.o
                0x080046fc                SX1276IoInit
 .text.SX1276IoIrqInit
                0x08004784       0x5c Drivers\BSP\MLM32L07X01\mlm32l07x01.o
                0x08004784                SX1276IoIrqInit
 .text.SX1276IoDeInit
                0x080047e0       0x68 Drivers\BSP\MLM32L07X01\mlm32l07x01.o
                0x080047e0                SX1276IoDeInit
 .text.SX1276SetRfTxPower
                0x08004848      0x1c4 Drivers\BSP\MLM32L07X01\mlm32l07x01.o
                0x08004848                SX1276SetRfTxPower
 .text.SX1276GetPaSelect
                0x08004a0c       0x14 Drivers\BSP\MLM32L07X01\mlm32l07x01.o
                0x08004a0c                SX1276GetPaSelect
 .text.SX1276SetAntSwLowPower
                0x08004a20       0x88 Drivers\BSP\MLM32L07X01\mlm32l07x01.o
                0x08004a20                SX1276SetAntSwLowPower
 .text.SX1276AntSwInit
                0x08004aa8       0x80 Drivers\BSP\MLM32L07X01\mlm32l07x01.o
 .text.SX1276AntSwDeInit
                0x08004b28       0x80 Drivers\BSP\MLM32L07X01\mlm32l07x01.o
 .text.SX1276SetAntSw
                0x08004ba8       0x78 Drivers\BSP\MLM32L07X01\mlm32l07x01.o
                0x08004ba8                SX1276SetAntSw
 .text.OnTcxoStopTimerEvent
                0x08004c20       0x28 Drivers\BSP\MLM32L07X01\mlm32l07x01.o
 .text.SX1276CheckRfFrequency
                0x08004c48       0x14 Drivers\BSP\MLM32L07X01\mlm32l07x01.o
                0x08004c48                SX1276CheckRfFrequency
 .text.HAL_Init
                0x08004c5c       0x28 Drivers\STM32L0xx_HAL_Driver\Src\stm32l0xx_hal.o
                0x08004c5c                HAL_Init
 .text.HAL_IncTick
                0x08004c84       0x18 Drivers\STM32L0xx_HAL_Driver\Src\stm32l0xx_hal.o
                0x08004c84                HAL_IncTick
 .text.HAL_GetTick
                0x08004c9c       0x14 Drivers\STM32L0xx_HAL_Driver\Src\stm32l0xx_hal.o
                0x08004c9c                HAL_GetTick
 .text.HAL_DBGMCU_DisableDBGSleepMode
                0x08004cb0       0x1c Drivers\STM32L0xx_HAL_Driver\Src\stm32l0xx_hal.o
                0x08004cb0                HAL_DBGMCU_DisableDBGSleepMode
 .text.HAL_DBGMCU_DisableDBGStopMode
                0x08004ccc       0x1c Drivers\STM32L0xx_HAL_Driver\Src\stm32l0xx_hal.o
                0x08004ccc                HAL_DBGMCU_DisableDBGStopMode
 .text.HAL_DBGMCU_DisableDBGStandbyMode
                0x08004ce8       0x1c Drivers\STM32L0xx_HAL_Driver\Src\stm32l0xx_hal.o
                0x08004ce8                HAL_DBGMCU_DisableDBGStandbyMode
 .text.HAL_ADC_Init
                0x08004d04      0x2d8 Drivers\STM32L0xx_HAL_Driver\Src\stm32l0xx_hal_adc.o
                0x08004d04                HAL_ADC_Init
 .text.HAL_ADC_MspInit
                0x08004fdc       0x10 Drivers\STM32L0xx_HAL_Driver\Src\stm32l0xx_hal_adc.o
                0x08004fdc                HAL_ADC_MspInit
 .text.HAL_ADC_Start
                0x08004fec       0xa8 Drivers\STM32L0xx_HAL_Driver\Src\stm32l0xx_hal_adc.o
                0x08004fec                HAL_ADC_Start
 .text.HAL_ADC_PollForConversion
                0x08005094      0x128 Drivers\STM32L0xx_HAL_Driver\Src\stm32l0xx_hal_adc.o
                0x08005094                HAL_ADC_PollForConversion
 .text.HAL_ADC_GetValue
                0x080051bc       0x18 Drivers\STM32L0xx_HAL_Driver\Src\stm32l0xx_hal_adc.o
                0x080051bc                HAL_ADC_GetValue
 .text.HAL_ADC_ConfigChannel
                0x080051d4      0x10c Drivers\STM32L0xx_HAL_Driver\Src\stm32l0xx_hal_adc.o
                0x080051d4                HAL_ADC_ConfigChannel
 .text.ADC_Enable
                0x080052e0       0xbc Drivers\STM32L0xx_HAL_Driver\Src\stm32l0xx_hal_adc.o
 .text.ADC_DelayMicroSecond
                0x0800539c       0x3c Drivers\STM32L0xx_HAL_Driver\Src\stm32l0xx_hal_adc.o
 .text.HAL_ADCEx_Calibration_Start
                0x080053d8      0x120 Drivers\STM32L0xx_HAL_Driver\Src\stm32l0xx_hal_adc_ex.o
                0x080053d8                HAL_ADCEx_Calibration_Start
 .text.NVIC_EnableIRQ
                0x080054f8       0x2c Drivers\STM32L0xx_HAL_Driver\Src\stm32l0xx_hal_cortex.o
 .text.NVIC_GetPendingIRQ
                0x08005524       0x3c Drivers\STM32L0xx_HAL_Driver\Src\stm32l0xx_hal_cortex.o
 .text.NVIC_SetPendingIRQ
                0x08005560       0x34 Drivers\STM32L0xx_HAL_Driver\Src\stm32l0xx_hal_cortex.o
 .text.NVIC_ClearPendingIRQ
                0x08005594       0x34 Drivers\STM32L0xx_HAL_Driver\Src\stm32l0xx_hal_cortex.o
 .text.NVIC_SetPriority
                0x080055c8       0xdc Drivers\STM32L0xx_HAL_Driver\Src\stm32l0xx_hal_cortex.o
 .text.HAL_NVIC_SetPriority
                0x080056a4       0x2c Drivers\STM32L0xx_HAL_Driver\Src\stm32l0xx_hal_cortex.o
                0x080056a4                HAL_NVIC_SetPriority
 .text.HAL_NVIC_EnableIRQ
                0x080056d0       0x20 Drivers\STM32L0xx_HAL_Driver\Src\stm32l0xx_hal_cortex.o
                0x080056d0                HAL_NVIC_EnableIRQ
 .text.HAL_NVIC_SetPendingIRQ
                0x080056f0       0x20 Drivers\STM32L0xx_HAL_Driver\Src\stm32l0xx_hal_cortex.o
                0x080056f0                HAL_NVIC_SetPendingIRQ
 .text.HAL_NVIC_GetPendingIRQ
                0x08005710       0x24 Drivers\STM32L0xx_HAL_Driver\Src\stm32l0xx_hal_cortex.o
                0x08005710                HAL_NVIC_GetPendingIRQ
 .text.HAL_NVIC_ClearPendingIRQ
                0x08005734       0x20 Drivers\STM32L0xx_HAL_Driver\Src\stm32l0xx_hal_cortex.o
                0x08005734                HAL_NVIC_ClearPendingIRQ
 .text.HAL_GPIO_Init
                0x08005754      0x2fc Drivers\STM32L0xx_HAL_Driver\Src\stm32l0xx_hal_gpio.o
                0x08005754                HAL_GPIO_Init
 .text.HAL_GPIO_WritePin
                0x08005a50       0x3c Drivers\STM32L0xx_HAL_Driver\Src\stm32l0xx_hal_gpio.o
                0x08005a50                HAL_GPIO_WritePin
 .text.HAL_GPIO_TogglePin
                0x08005a8c       0x24 Drivers\STM32L0xx_HAL_Driver\Src\stm32l0xx_hal_gpio.o
                0x08005a8c                HAL_GPIO_TogglePin
 .text.HAL_GPIO_EXTI_IRQHandler
                0x08005ab0       0x38 Drivers\STM32L0xx_HAL_Driver\Src\stm32l0xx_hal_gpio.o
                0x08005ab0                HAL_GPIO_EXTI_IRQHandler
 .text.HAL_PWR_DisablePVD
                0x08005ae8       0x1c Drivers\STM32L0xx_HAL_Driver\Src\stm32l0xx_hal_pwr.o
                0x08005ae8                HAL_PWR_DisablePVD
 .text.HAL_PWR_EnterSLEEPMode
                0x08005b04       0x5c Drivers\STM32L0xx_HAL_Driver\Src\stm32l0xx_hal_pwr.o
                0x08005b04                HAL_PWR_EnterSLEEPMode
 .text.HAL_PWR_EnterSTOPMode
                0x08005b60       0x68 Drivers\STM32L0xx_HAL_Driver\Src\stm32l0xx_hal_pwr.o
                0x08005b60                HAL_PWR_EnterSTOPMode
 .text.HAL_PWREx_EnableFastWakeUp
                0x08005bc8       0x1c Drivers\STM32L0xx_HAL_Driver\Src\stm32l0xx_hal_pwr_ex.o
                0x08005bc8                HAL_PWREx_EnableFastWakeUp
 .text.HAL_PWREx_EnableUltraLowPower
                0x08005be4       0x1c Drivers\STM32L0xx_HAL_Driver\Src\stm32l0xx_hal_pwr_ex.o
                0x08005be4                HAL_PWREx_EnableUltraLowPower
 .text.HAL_RCC_OscConfig
                0x08005c00      0x748 Drivers\STM32L0xx_HAL_Driver\Src\stm32l0xx_hal_rcc.o
                0x08005c00                HAL_RCC_OscConfig
 .text.HAL_RCC_ClockConfig
                0x08006348      0x234 Drivers\STM32L0xx_HAL_Driver\Src\stm32l0xx_hal_rcc.o
                0x08006348                HAL_RCC_ClockConfig
 .text.HAL_RCC_GetSysClockFreq
                0x0800657c      0x100 Drivers\STM32L0xx_HAL_Driver\Src\stm32l0xx_hal_rcc.o
                0x0800657c                HAL_RCC_GetSysClockFreq
 .text.HAL_RCC_GetHCLKFreq
                0x0800667c       0x14 Drivers\STM32L0xx_HAL_Driver\Src\stm32l0xx_hal_rcc.o
                0x0800667c                HAL_RCC_GetHCLKFreq
 .text.HAL_RCC_GetPCLK1Freq
                0x08006690       0x2c Drivers\STM32L0xx_HAL_Driver\Src\stm32l0xx_hal_rcc.o
                0x08006690                HAL_RCC_GetPCLK1Freq
 .text.HAL_RCC_GetPCLK2Freq
                0x080066bc       0x2c Drivers\STM32L0xx_HAL_Driver\Src\stm32l0xx_hal_rcc.o
                0x080066bc                HAL_RCC_GetPCLK2Freq
 .text.RCC_SetFlashLatencyFromMSIRange
                0x080066e8       0xb0 Drivers\STM32L0xx_HAL_Driver\Src\stm32l0xx_hal_rcc.o
 .text.HAL_RCCEx_PeriphCLKConfig
                0x08006798      0x2a4 Drivers\STM32L0xx_HAL_Driver\Src\stm32l0xx_hal_rcc_ex.o
                0x08006798                HAL_RCCEx_PeriphCLKConfig
 .text.HAL_RCCEx_GetPeriphCLKFreq
                0x08006a3c      0x3d8 Drivers\STM32L0xx_HAL_Driver\Src\stm32l0xx_hal_rcc_ex.o
                0x08006a3c                HAL_RCCEx_GetPeriphCLKFreq
 .text.HAL_RTC_Init
                0x08006e14      0x108 Drivers\STM32L0xx_HAL_Driver\Src\stm32l0xx_hal_rtc.o
                0x08006e14                HAL_RTC_Init
 .text.HAL_RTC_SetTime
                0x08006f1c      0x19c Drivers\STM32L0xx_HAL_Driver\Src\stm32l0xx_hal_rtc.o
                0x08006f1c                HAL_RTC_SetTime
 .text.HAL_RTC_GetTime
                0x080070b8       0xbc Drivers\STM32L0xx_HAL_Driver\Src\stm32l0xx_hal_rtc.o
                0x080070b8                HAL_RTC_GetTime
 .text.HAL_RTC_SetDate
                0x08007174      0x17c Drivers\STM32L0xx_HAL_Driver\Src\stm32l0xx_hal_rtc.o
                0x08007174                HAL_RTC_SetDate
 .text.HAL_RTC_GetDate
                0x080072f0       0xa0 Drivers\STM32L0xx_HAL_Driver\Src\stm32l0xx_hal_rtc.o
                0x080072f0                HAL_RTC_GetDate
 .text.HAL_RTC_SetAlarm_IT
                0x08007390      0x2e0 Drivers\STM32L0xx_HAL_Driver\Src\stm32l0xx_hal_rtc.o
                0x08007390                HAL_RTC_SetAlarm_IT
 .text.HAL_RTC_DeactivateAlarm
                0x08007670      0x144 Drivers\STM32L0xx_HAL_Driver\Src\stm32l0xx_hal_rtc.o
                0x08007670                HAL_RTC_DeactivateAlarm
 .text.HAL_RTC_GetAlarm
                0x080077b4      0x194 Drivers\STM32L0xx_HAL_Driver\Src\stm32l0xx_hal_rtc.o
                0x080077b4                HAL_RTC_GetAlarm
 .text.HAL_RTC_AlarmIRQHandler
                0x08007948       0x9c Drivers\STM32L0xx_HAL_Driver\Src\stm32l0xx_hal_rtc.o
                0x08007948                HAL_RTC_AlarmIRQHandler
 .text.HAL_RTC_WaitForSynchro
                0x080079e4       0x54 Drivers\STM32L0xx_HAL_Driver\Src\stm32l0xx_hal_rtc.o
                0x080079e4                HAL_RTC_WaitForSynchro
 .text.RTC_EnterInitMode
                0x08007a38       0x58 Drivers\STM32L0xx_HAL_Driver\Src\stm32l0xx_hal_rtc.o
                0x08007a38                RTC_EnterInitMode
 .text.RTC_ByteToBcd2
                0x08007a90       0x44 Drivers\STM32L0xx_HAL_Driver\Src\stm32l0xx_hal_rtc.o
                0x08007a90                RTC_ByteToBcd2
 .text.RTC_Bcd2ToByte
                0x08007ad4       0x40 Drivers\STM32L0xx_HAL_Driver\Src\stm32l0xx_hal_rtc.o
                0x08007ad4                RTC_Bcd2ToByte
 .text.HAL_RTCEx_EnableBypassShadow
                0x08007b14       0x68 Drivers\STM32L0xx_HAL_Driver\Src\stm32l0xx_hal_rtc_ex.o
                0x08007b14                HAL_RTCEx_EnableBypassShadow
 .text.HAL_RTCEx_AlarmBEventCallback
                0x08007b7c       0x10 Drivers\STM32L0xx_HAL_Driver\Src\stm32l0xx_hal_rtc_ex.o
                0x08007b7c                HAL_RTCEx_AlarmBEventCallback
 .text.HAL_SPI_Init
                0x08007b8c       0xd4 Drivers\STM32L0xx_HAL_Driver\Src\stm32l0xx_hal_spi.o
                0x08007b8c                HAL_SPI_Init
 .text.HAL_SPI_DeInit
                0x08007c60       0x54 Drivers\STM32L0xx_HAL_Driver\Src\stm32l0xx_hal_spi.o
                0x08007c60                HAL_SPI_DeInit
 .text.HAL_SPI_MspInit
                0x08007cb4       0x10 Drivers\STM32L0xx_HAL_Driver\Src\stm32l0xx_hal_spi.o
                0x08007cb4                HAL_SPI_MspInit
 .text.HAL_SPI_MspDeInit
                0x08007cc4       0x10 Drivers\STM32L0xx_HAL_Driver\Src\stm32l0xx_hal_spi.o
                0x08007cc4                HAL_SPI_MspDeInit
 .text.HAL_SPI_TransmitReceive
                0x08007cd4      0x4ec Drivers\STM32L0xx_HAL_Driver\Src\stm32l0xx_hal_spi.o
                0x08007cd4                HAL_SPI_TransmitReceive
 .text.HAL_SPI_IRQHandler
                0x080081c0      0x144 Drivers\STM32L0xx_HAL_Driver\Src\stm32l0xx_hal_spi.o
                0x080081c0                HAL_SPI_IRQHandler
 .text.HAL_SPI_ErrorCallback
                0x08008304       0x10 Drivers\STM32L0xx_HAL_Driver\Src\stm32l0xx_hal_spi.o
                0x08008304                HAL_SPI_ErrorCallback
 .text.HAL_SPI_GetState
                0x08008314       0x18 Drivers\STM32L0xx_HAL_Driver\Src\stm32l0xx_hal_spi.o
                0x08008314                HAL_SPI_GetState
 .text.SPI_WaitOnFlagUntilTimeout
                0x0800832c      0x154 Drivers\STM32L0xx_HAL_Driver\Src\stm32l0xx_hal_spi.o
 .text.HAL_UART_Init
                0x08008480       0xb0 Drivers\STM32L0xx_HAL_Driver\Src\stm32l0xx_hal_uart.o
                0x08008480                HAL_UART_Init
 .text.HAL_UART_DeInit
                0x08008530       0x74 Drivers\STM32L0xx_HAL_Driver\Src\stm32l0xx_hal_uart.o
                0x08008530                HAL_UART_DeInit
 .text.HAL_UART_Transmit
                0x080085a4      0x144 Drivers\STM32L0xx_HAL_Driver\Src\stm32l0xx_hal_uart.o
                0x080085a4                HAL_UART_Transmit
 .text.UART_SetConfig
                0x080086e8      0x6ac Drivers\STM32L0xx_HAL_Driver\Src\stm32l0xx_hal_uart.o
                0x080086e8                UART_SetConfig
 .text.UART_AdvFeatureConfig
                0x08008d94      0x158 Drivers\STM32L0xx_HAL_Driver\Src\stm32l0xx_hal_uart.o
                0x08008d94                UART_AdvFeatureConfig
 .text.UART_CheckIdleState
                0x08008eec       0x90 Drivers\STM32L0xx_HAL_Driver\Src\stm32l0xx_hal_uart.o
                0x08008eec                UART_CheckIdleState
 .text.UART_WaitOnFlagUntilTimeout
                0x08008f7c       0x98 Drivers\STM32L0xx_HAL_Driver\Src\stm32l0xx_hal_uart.o
                0x08008f7c                UART_WaitOnFlagUntilTimeout
 .text.lora_Init
                0x08009014      0x12c Middlewares\Third_Party\Lora\Core\lora.o
                0x08009014                lora_Init
 .text.DelayMs  0x08009140       0x18 Middlewares\Third_Party\Lora\Utilities\delay.o
                0x08009140                DelayMs
 .text.LowPower_Disable
                0x08009158       0x3c Middlewares\Third_Party\Lora\Utilities\low_power.o
                0x08009158                LowPower_Disable
 .text.LowPower_Enable
                0x08009194       0x40 Middlewares\Third_Party\Lora\Utilities\low_power.o
                0x08009194                LowPower_Enable
 .text.LowPower_GetState
                0x080091d4       0x14 Middlewares\Third_Party\Lora\Utilities\low_power.o
                0x080091d4                LowPower_GetState
 .text.LowPower_Handler
                0x080091e8       0x28 Middlewares\Third_Party\Lora\Utilities\low_power.o
                0x080091e8                LowPower_Handler
 .text.TimerInit
                0x08009210       0x30 Middlewares\Third_Party\Lora\Utilities\timeServer.o
                0x08009210                TimerInit
 .text.TimerStart
                0x08009240       0xa4 Middlewares\Third_Party\Lora\Utilities\timeServer.o
                0x08009240                TimerStart
 .text.TimerInsertTimer
                0x080092e4       0x5c Middlewares\Third_Party\Lora\Utilities\timeServer.o
 .text.TimerInsertNewHeadTimer
                0x08009340       0x3c Middlewares\Third_Party\Lora\Utilities\timeServer.o
 .text.TimerIrqHandler
                0x0800937c       0xf0 Middlewares\Third_Party\Lora\Utilities\timeServer.o
                0x0800937c                TimerIrqHandler
 .text.TimerStop
                0x0800946c       0xf0 Middlewares\Third_Party\Lora\Utilities\timeServer.o
                0x0800946c                TimerStop
 .text.TimerExists
                0x0800955c       0x38 Middlewares\Third_Party\Lora\Utilities\timeServer.o
 .text.TimerSetValue
                0x08009594       0x4c Middlewares\Third_Party\Lora\Utilities\timeServer.o
                0x08009594                TimerSetValue
 .text.TimerSetTimeout
                0x080095e0       0x48 Middlewares\Third_Party\Lora\Utilities\timeServer.o
 .text.memcpy1  0x08009628       0x38 Middlewares\Third_Party\Lora\Utilities\utilities.o
                0x08009628                memcpy1
 .text.DBG_Init
                0x08009660       0x60 src\debug.o
                0x08009660                DBG_Init
 .text.Error_Handler
                0x080096c0        0x8 src\debug.o
                0x080096c0                Error_Handler
 .text.SPI_Config
                0x080096c8       0x94 src\gps.o
                0x080096c8                SPI_Config
 .text.SPI_Init
                0x0800975c       0x64 src\gps.o
                0x0800975c                SPI_Init
 .text.HW_GPIO_Init
                0x080097c0       0xe8 src\hw_gpio.o
                0x080097c0                HW_GPIO_Init
 .text.HW_GPIO_SetIrq
                0x080098a8       0x74 src\hw_gpio.o
                0x080098a8                HW_GPIO_SetIrq
 .text.HW_GPIO_IrqHandler
                0x0800991c       0x3c src\hw_gpio.o
                0x0800991c                HW_GPIO_IrqHandler
 .text.HW_GPIO_Write
                0x08009958       0x2c src\hw_gpio.o
                0x08009958                HW_GPIO_Write
 .text.HW_GPIO_GetBitPos
                0x08009984       0x98 src\hw_gpio.o
 .text.HW_RTC_Init
                0x08009a1c       0x30 src\hw_rtc.o
                0x08009a1c                HW_RTC_Init
 .text.HW_RTC_SetConfig
                0x08009a4c       0xb0 src\hw_rtc.o
 .text.HW_RTC_setMcuWakeUpTime
                0x08009afc       0xd8 src\hw_rtc.o
                0x08009afc                HW_RTC_setMcuWakeUpTime
 .text.HW_RTC_GetMinimumTimeout
                0x08009bd4        0xc src\hw_rtc.o
                0x08009bd4                HW_RTC_GetMinimumTimeout
 .text.HW_RTC_ms2Tick
                0x08009be0       0x30 src\hw_rtc.o
                0x08009be0                HW_RTC_ms2Tick
 .text.HW_RTC_SetAlarm
                0x08009c10       0x60 src\hw_rtc.o
                0x08009c10                HW_RTC_SetAlarm
 .text.HW_RTC_GetTimerElapsedTime
                0x08009c70       0x2c src\hw_rtc.o
                0x08009c70                HW_RTC_GetTimerElapsedTime
 .text.HW_RTC_GetTimerValue
                0x08009c9c       0x24 src\hw_rtc.o
                0x08009c9c                HW_RTC_GetTimerValue
 .text.HW_RTC_StopAlarm
                0x08009cc0       0x34 src\hw_rtc.o
                0x08009cc0                HW_RTC_StopAlarm
 .text.HW_RTC_IrqHandler
                0x08009cf4       0x1c src\hw_rtc.o
                0x08009cf4                HW_RTC_IrqHandler
 .text.HW_RTC_DelayMs
                0x08009d10       0x40 src\hw_rtc.o
                0x08009d10                HW_RTC_DelayMs
 .text.HW_RTC_SetTimerContext
                0x08009d50       0x2c src\hw_rtc.o
                0x08009d50                HW_RTC_SetTimerContext
 .text.HW_RTC_GetTimerContext
                0x08009d7c       0x14 src\hw_rtc.o
                0x08009d7c                HW_RTC_GetTimerContext
 .text.HW_RTC_SetAlarmConfig
                0x08009d90       0x1c src\hw_rtc.o
 .text.HW_RTC_StartWakeUpAlarm
                0x08009dac      0x300 src\hw_rtc.o
 .text.HW_RTC_GetCalendarValue
                0x0800a0ac      0x154 src\hw_rtc.o
 .text.HW_SPI_Init
                0x0800a200      0x108 src\hw_spi.o
                0x0800a200                HW_SPI_Init
 .text.HW_SPI_DeInit
                0x0800a308       0xdc src\hw_spi.o
                0x0800a308                HW_SPI_DeInit
 .text.HW_SPI_InOut
                0x0800a3e4       0x34 src\hw_spi.o
                0x0800a3e4                HW_SPI_InOut
 .text.SpiFrequency
                0x0800a418       0x70 src\hw_spi.o
 .text.main     0x0800a488      0x560 src\main.o
                0x0800a488                main
 .text.OnTxDone
                0x0800a9e8       0x2c src\main.o
                0x0800a9e8                OnTxDone
 .text.OnRxDone
                0x0800aa14       0x80 src\main.o
                0x0800aa14                OnRxDone
 .text.OnTxTimeout
                0x0800aa94       0x20 src\main.o
                0x0800aa94                OnTxTimeout
 .text.OnRxTimeout
                0x0800aab4       0x20 src\main.o
                0x0800aab4                OnRxTimeout
 .text.OnRxError
                0x0800aad4       0x20 src\main.o
                0x0800aad4                OnRxError
 .text.OnledEvent
                0x0800aaf4       0x30 src\main.o
 .text.LoraTxData
                0x0800ab24      0x210 src\main.o
 .text.LoraRxData
                0x0800ad34       0xac src\main.o
 .text.OnTimerLedEvent
                0x0800ade0       0x10 src\main.o
 .text.Reset_Handler
                0x0800adf0       0x50 src\startup_stm32l072xx.o
                0x0800adf0                Reset_Handler
 .text.Default_Handler
                0x0800ae40        0x2 src\startup_stm32l072xx.o
                0x0800ae40                TSC_IRQHandler
                0x0800ae40                ADC1_COMP_IRQHandler
                0x0800ae40                PVD_IRQHandler
                0x0800ae40                I2C1_IRQHandler
                0x0800ae40                RCC_CRS_IRQHandler
                0x0800ae40                SPI1_IRQHandler
                0x0800ae40                TIM6_DAC_IRQHandler
                0x0800ae40                I2C2_IRQHandler
                0x0800ae40                DMA1_Channel4_5_6_7_IRQHandler
                0x0800ae40                TIM3_IRQHandler
                0x0800ae40                DMA1_Channel1_IRQHandler
                0x0800ae40                USART4_5_IRQHandler
                0x0800ae40                Default_Handler
                0x0800ae40                TIM22_IRQHandler
                0x0800ae40                TIM7_IRQHandler
                0x0800ae40                USB_IRQHandler
                0x0800ae40                I2C3_IRQHandler
                0x0800ae40                TIM21_IRQHandler
                0x0800ae40                WWDG_IRQHandler
                0x0800ae40                TIM2_IRQHandler
                0x0800ae40                DMA1_Channel2_3_IRQHandler
                0x0800ae40                FLASH_IRQHandler
                0x0800ae40                USART1_IRQHandler
                0x0800ae40                RNG_LPUART1_IRQHandler
                0x0800ae40                LPTIM1_IRQHandler
 *fill*         0x0800ae42        0x2 
 .text.HAL_InitTick
                0x0800ae44       0x14 src\stm32l0xx_hal_msp.o
                0x0800ae44                HAL_InitTick
 .text.HAL_MspInit
                0x0800ae58       0x28 src\stm32l0xx_hal_msp.o
                0x0800ae58                HAL_MspInit
 .text.HAL_RTC_MspInit
                0x0800ae80       0x84 src\stm32l0xx_hal_msp.o
                0x0800ae80                HAL_RTC_MspInit
 .text.HAL_RTC_AlarmAEventCallback
                0x0800af04       0x14 src\stm32l0xx_hal_msp.o
                0x0800af04                HAL_RTC_AlarmAEventCallback
 .text.HAL_GPIO_EXTI_Callback
                0x0800af18       0x20 src\stm32l0xx_hal_msp.o
                0x0800af18                HAL_GPIO_EXTI_Callback
 .text.MSP_GetIRQn
                0x0800af38       0x38 src\stm32l0xx_hal_msp.o
                0x0800af38                MSP_GetIRQn
 .text.HW_Init  0x0800af70       0x3c src\stm32l0xx_hw.o
                0x0800af70                HW_Init
 .text.HW_DeInit
                0x0800afac       0x28 src\stm32l0xx_hw.o
                0x0800afac                HW_DeInit
 .text.SystemClock_Config
                0x0800afd4       0xe4 src\stm32l0xx_hw.o
                0x0800afd4                SystemClock_Config
 .text.HW_GetRandomSeed
                0x0800b0b8       0x28 src\stm32l0xx_hw.o
                0x0800b0b8                HW_GetRandomSeed
 .text.HW_GetUniqueId
                0x0800b0e0       0xa4 src\stm32l0xx_hw.o
                0x0800b0e0                HW_GetUniqueId
 .text.HW_GetBatteryLevel
                0x0800b184       0xb4 src\stm32l0xx_hw.o
                0x0800b184                HW_GetBatteryLevel
 .text.HW_AdcInit
                0x0800b238       0xc4 src\stm32l0xx_hw.o
                0x0800b238                HW_AdcInit
 .text.HW_AdcReadChannel
                0x0800b2fc       0xf0 src\stm32l0xx_hw.o
                0x0800b2fc                HW_AdcReadChannel
 .text.HW_EnterStopMode
                0x0800b3ec       0x40 src\stm32l0xx_hw.o
                0x0800b3ec                HW_EnterStopMode
 .text.HW_ExitStopMode
                0x0800b42c       0x7c src\stm32l0xx_hw.o
                0x0800b42c                HW_ExitStopMode
 .text.HW_EnterSleepMode
                0x0800b4a8       0x14 src\stm32l0xx_hw.o
                0x0800b4a8                HW_EnterSleepMode
 .text.NMI_Handler
                0x0800b4bc        0xc src\stm32l0xx_it.o
                0x0800b4bc                NMI_Handler
 .text.HardFault_Handler
                0x0800b4c8        0x8 src\stm32l0xx_it.o
                0x0800b4c8                HardFault_Handler
 .text.SVC_Handler
                0x0800b4d0        0xc src\stm32l0xx_it.o
                0x0800b4d0                SVC_Handler
 .text.PendSV_Handler
                0x0800b4dc        0xc src\stm32l0xx_it.o
                0x0800b4dc                PendSV_Handler
 .text.SysTick_Handler
                0x0800b4e8       0x10 src\stm32l0xx_it.o
                0x0800b4e8                SysTick_Handler
 .text.SPI2_IRQHandler
                0x0800b4f8       0x18 src\stm32l0xx_it.o
                0x0800b4f8                SPI2_IRQHandler
 .text.USART2_IRQHandler
                0x0800b510       0x10 src\stm32l0xx_it.o
                0x0800b510                USART2_IRQHandler
 .text.RTC_IRQHandler
                0x0800b520       0x10 src\stm32l0xx_it.o
                0x0800b520                RTC_IRQHandler
 .text.EXTI0_1_IRQHandler
                0x0800b530       0x18 src\stm32l0xx_it.o
                0x0800b530                EXTI0_1_IRQHandler
 .text.EXTI2_3_IRQHandler
                0x0800b548       0x18 src\stm32l0xx_it.o
                0x0800b548                EXTI2_3_IRQHandler
 .text.EXTI4_15_IRQHandler
                0x0800b560       0x74 src\stm32l0xx_it.o
                0x0800b560                EXTI4_15_IRQHandler
 .text.SystemInit
                0x0800b5d4       0x7c src\system_stm32l0xx.o
                0x0800b5d4                SystemInit
 .text.vcom_Init
                0x0800b650       0x60 src\vcom.o
                0x0800b650                vcom_Init
 .text.vcom_DeInit
                0x0800b6b0       0x18 src\vcom.o
                0x0800b6b0                vcom_DeInit
 .text.vcom_Send
                0x0800b6c8      0x120 src\vcom.o
                0x0800b6c8                vcom_Send
 .text.vcom_Print
                0x0800b7e8       0x9c src\vcom.o
                0x0800b7e8                vcom_Print
 .text.HAL_UART_MspInit
                0x0800b884       0x28 src\vcom.o
                0x0800b884                HAL_UART_MspInit
 .text.vcom_IoInit
                0x0800b8ac       0xac src\vcom.o
                0x0800b8ac                vcom_IoInit
 .text.vcom_IoDeInit
                0x0800b958       0x94 src\vcom.o
                0x0800b958                vcom_IoDeInit
 .text.HAL_UART_MspDeInit
                0x0800b9ec       0x14 src\vcom.o
                0x0800b9ec                HAL_UART_MspDeInit
 .text.__libc_init_array
                0x0800ba00       0x4c c:/program files (x86)/atollic/truestudio for arm 7.1.2/armtools/bin/../lib/gcc/arm-atollic-eabi/5.3.1/../../../../arm-atollic-eabi/lib/armv6-m\libc_nano.a(lib_a-init.o)
                0x0800ba00                __libc_init_array
 .text.memcpy   0x0800ba4c       0x12 c:/program files (x86)/atollic/truestudio for arm 7.1.2/armtools/bin/../lib/gcc/arm-atollic-eabi/5.3.1/../../../../arm-atollic-eabi/lib/armv6-m\libc_nano.a(lib_a-memcpy-stub.o)
                0x0800ba4c                memcpy
 .text.memset   0x0800ba5e       0x10 c:/program files (x86)/atollic/truestudio for arm 7.1.2/armtools/bin/../lib/gcc/arm-atollic-eabi/5.3.1/../../../../arm-atollic-eabi/lib/armv6-m\libc_nano.a(lib_a-memset.o)
                0x0800ba5e                memset
 .text.strcpy   0x0800ba6e       0x10 c:/program files (x86)/atollic/truestudio for arm 7.1.2/armtools/bin/../lib/gcc/arm-atollic-eabi/5.3.1/../../../../arm-atollic-eabi/lib/armv6-m\libc_nano.a(lib_a-strcpy.o)
                0x0800ba6e                strcpy
 .text.strncmp  0x0800ba7e       0x24 c:/program files (x86)/atollic/truestudio for arm 7.1.2/armtools/bin/../lib/gcc/arm-atollic-eabi/5.3.1/../../../../arm-atollic-eabi/lib/armv6-m\libc_nano.a(lib_a-strncmp.o)
                0x0800ba7e                strncmp
 *fill*         0x0800baa2        0x2 
 .text._vsprintf_r
                0x0800baa4       0x30 c:/program files (x86)/atollic/truestudio for arm 7.1.2/armtools/bin/../lib/gcc/arm-atollic-eabi/5.3.1/../../../../arm-atollic-eabi/lib/armv6-m\libc_nano.a(lib_a-vsprintf.o)
                0x0800baa4                _vsprintf_r
                0x0800baa4                _vsiprintf_r
 .text.vsprintf
                0x0800bad4       0x18 c:/program files (x86)/atollic/truestudio for arm 7.1.2/armtools/bin/../lib/gcc/arm-atollic-eabi/5.3.1/../../../../arm-atollic-eabi/lib/armv6-m\libc_nano.a(lib_a-vsprintf.o)
                0x0800bad4                vsiprintf
                0x0800bad4                vsprintf
 .text.__ssputs_r
                0x0800baec       0xc4 c:/program files (x86)/atollic/truestudio for arm 7.1.2/armtools/bin/../lib/gcc/arm-atollic-eabi/5.3.1/../../../../arm-atollic-eabi/lib/armv6-m\libc_nano.a(lib_a-nano-svfprintf.o)
                0x0800baec                __ssputs_r
 .text._svfprintf_r
                0x0800bbb0      0x1fc c:/program files (x86)/atollic/truestudio for arm 7.1.2/armtools/bin/../lib/gcc/arm-atollic-eabi/5.3.1/../../../../arm-atollic-eabi/lib/armv6-m\libc_nano.a(lib_a-nano-svfprintf.o)
                0x0800bbb0                _svfiprintf_r
                0x0800bbb0                _svfprintf_r
 .text._printf_common
                0x0800bdac       0xdc c:/program files (x86)/atollic/truestudio for arm 7.1.2/armtools/bin/../lib/gcc/arm-atollic-eabi/5.3.1/../../../../arm-atollic-eabi/lib/armv6-m\libc_nano.a(lib_a-nano-vfprintf_i.o)
                0x0800bdac                _printf_common
 .text._printf_i
                0x0800be88      0x244 c:/program files (x86)/atollic/truestudio for arm 7.1.2/armtools/bin/../lib/gcc/arm-atollic-eabi/5.3.1/../../../../arm-atollic-eabi/lib/armv6-m\libc_nano.a(lib_a-nano-vfprintf_i.o)
                0x0800be88                _printf_i
 .text.memchr   0x0800c0cc       0x16 c:/program files (x86)/atollic/truestudio for arm 7.1.2/armtools/bin/../lib/gcc/arm-atollic-eabi/5.3.1/../../../../arm-atollic-eabi/lib/armv6-m\libc_nano.a(lib_a-memchr-stub.o)
                0x0800c0cc                memchr
 .text.memmove  0x0800c0e2       0x2a c:/program files (x86)/atollic/truestudio for arm 7.1.2/armtools/bin/../lib/gcc/arm-atollic-eabi/5.3.1/../../../../arm-atollic-eabi/lib/armv6-m\libc_nano.a(lib_a-memmove.o)
                0x0800c0e2                memmove
 .text._free_r  0x0800c10c       0x98 c:/program files (x86)/atollic/truestudio for arm 7.1.2/armtools/bin/../lib/gcc/arm-atollic-eabi/5.3.1/../../../../arm-atollic-eabi/lib/armv6-m\libc_nano.a(lib_a-nano-freer.o)
                0x0800c10c                _free_r
 .text._malloc_r
                0x0800c1a4       0xc0 c:/program files (x86)/atollic/truestudio for arm 7.1.2/armtools/bin/../lib/gcc/arm-atollic-eabi/5.3.1/../../../../arm-atollic-eabi/lib/armv6-m\libc_nano.a(lib_a-nano-mallocr.o)
                0x0800c1a4                _malloc_r
 .text._realloc_r
                0x0800c264       0x4c c:/program files (x86)/atollic/truestudio for arm 7.1.2/armtools/bin/../lib/gcc/arm-atollic-eabi/5.3.1/../../../../arm-atollic-eabi/lib/armv6-m\libc_nano.a(lib_a-nano-reallocr.o)
                0x0800c264                _realloc_r
 .text._sbrk_r  0x0800c2b0       0x24 c:/program files (x86)/atollic/truestudio for arm 7.1.2/armtools/bin/../lib/gcc/arm-atollic-eabi/5.3.1/../../../../arm-atollic-eabi/lib/armv6-m\libc_nano.a(lib_a-sbrkr.o)
                0x0800c2b0                _sbrk_r
 .text.__malloc_lock
                0x0800c2d4        0x2 c:/program files (x86)/atollic/truestudio for arm 7.1.2/armtools/bin/../lib/gcc/arm-atollic-eabi/5.3.1/../../../../arm-atollic-eabi/lib/armv6-m\libc_nano.a(lib_a-mlock.o)
                0x0800c2d4                __malloc_lock
 .text.__malloc_unlock
                0x0800c2d6        0x2 c:/program files (x86)/atollic/truestudio for arm 7.1.2/armtools/bin/../lib/gcc/arm-atollic-eabi/5.3.1/../../../../arm-atollic-eabi/lib/armv6-m\libc_nano.a(lib_a-mlock.o)
                0x0800c2d6                __malloc_unlock
 .text._malloc_usable_size_r
                0x0800c2d8       0x16 c:/program files (x86)/atollic/truestudio for arm 7.1.2/armtools/bin/../lib/gcc/arm-atollic-eabi/5.3.1/../../../../arm-atollic-eabi/lib/armv6-m\libc_nano.a(lib_a-nano-msizer.o)
                0x0800c2d8                _malloc_usable_size_r
 *fill*         0x0800c2ee        0x2 
 .text.ceil     0x0800c2f0      0x108 c:/program files (x86)/atollic/truestudio for arm 7.1.2/armtools/bin/../lib/gcc/arm-atollic-eabi/5.3.1/../../../../arm-atollic-eabi/lib/armv6-m\libm.a(lib_a-s_ceil.o)
                0x0800c2f0                ceil
 .text.floor    0x0800c3f8      0x104 c:/program files (x86)/atollic/truestudio for arm 7.1.2/armtools/bin/../lib/gcc/arm-atollic-eabi/5.3.1/../../../../arm-atollic-eabi/lib/armv6-m\libm.a(lib_a-s_floor.o)
                0x0800c3f8                floor
 .text.round    0x0800c4fc       0xa0 c:/program files (x86)/atollic/truestudio for arm 7.1.2/armtools/bin/../lib/gcc/arm-atollic-eabi/5.3.1/../../../../arm-atollic-eabi/lib/armv6-m\libm.a(lib_a-s_round.o)
                0x0800c4fc                round
 .text._sbrk    0x0800c59c       0x20 c:/program files (x86)/atollic/truestudio for arm 7.1.2/armtools/bin/../lib/gcc/arm-atollic-eabi/5.3.1/../../../../arm-atollic-eabi/lib/armv6-m\libnosys.a(sbrk.o)
                0x0800c59c                _sbrk
 *(.glue_7)
 .glue_7        0x0800c5bc        0x0 linker stubs
 *(.glue_7t)
 .glue_7t       0x0800c5bc        0x0 linker stubs
 *(.eh_frame)
 .eh_frame      0x0800c5bc        0x0 c:/program files (x86)/atollic/truestudio for arm 7.1.2/armtools/bin/../lib/gcc/arm-atollic-eabi/5.3.1/armv6-m/crtbegin.o
 *(.init)
 .init          0x0800c5bc        0x4 c:/program files (x86)/atollic/truestudio for arm 7.1.2/armtools/bin/../lib/gcc/arm-atollic-eabi/5.3.1/armv6-m/crti.o
                0x0800c5bc                _init
 .init          0x0800c5c0        0x8 c:/program files (x86)/atollic/truestudio for arm 7.1.2/armtools/bin/../lib/gcc/arm-atollic-eabi/5.3.1/armv6-m/crtn.o
 *(.fini)
 .fini          0x0800c5c8        0x4 c:/program files (x86)/atollic/truestudio for arm 7.1.2/armtools/bin/../lib/gcc/arm-atollic-eabi/5.3.1/armv6-m/crti.o
                0x0800c5c8                _fini
 .fini          0x0800c5cc        0x8 c:/program files (x86)/atollic/truestudio for arm 7.1.2/armtools/bin/../lib/gcc/arm-atollic-eabi/5.3.1/armv6-m/crtn.o
                0x0800c5d4                . = ALIGN (0x4)
                0x0800c5d4                _etext = .

.vfp11_veneer   0x0800c5d4        0x0
 .vfp11_veneer  0x0800c5d4        0x0 linker stubs

.v4_bx          0x0800c5d4        0x0
 .v4_bx         0x0800c5d4        0x0 linker stubs

.iplt           0x0800c5d4        0x0
 .iplt          0x0800c5d4        0x0 c:/program files (x86)/atollic/truestudio for arm 7.1.2/armtools/bin/../lib/gcc/arm-atollic-eabi/5.3.1/armv6-m/crtbegin.o

.rodata         0x0800c5d4      0x424
                0x0800c5d4                . = ALIGN (0x4)
 *(.rodata)
 .rodata        0x0800c5d4       0x24 Drivers\BSP\MLM32L07X01\Phy\sx1276.o
 .rodata        0x0800c5f8       0x59 Middlewares\Third_Party\Lora\Core\lora.o
 *fill*         0x0800c651        0x3 
 .rodata        0x0800c654       0xe1 src\main.o
 *fill*         0x0800c735        0x3 
 .rodata        0x0800c738       0x40 c:/program files (x86)/atollic/truestudio for arm 7.1.2/armtools/bin/../lib/gcc/arm-atollic-eabi/5.3.1/armv6-m\libgcc.a(divdf3.o)
 .rodata        0x0800c778       0x40 c:/program files (x86)/atollic/truestudio for arm 7.1.2/armtools/bin/../lib/gcc/arm-atollic-eabi/5.3.1/armv6-m\libgcc.a(muldf3.o)
 *(.rodata*)
 .rodata.LED_PIN
                0x0800c7b8        0x8 Drivers\BSP\B-L072Z-LRWAN1\b-l072z-lrwan1.o
                0x0800c7b8                LED_PIN
 .rodata.RadioRegsInit
                0x0800c7c0       0x30 Drivers\BSP\MLM32L07X01\Phy\sx1276.o
                0x0800c7c0                RadioRegsInit
 .rodata.FskBandwidths
                0x0800c7f0       0xb0 Drivers\BSP\MLM32L07X01\Phy\sx1276.o
                0x0800c7f0                FskBandwidths
 .rodata.SX1276SetRx
                0x0800c8a0       0x24 Drivers\BSP\MLM32L07X01\Phy\sx1276.o
 .rodata.Radio  0x0800c8c4       0x64 Drivers\BSP\MLM32L07X01\mlm32l07x01.o
                0x0800c8c4                Radio
 .rodata.UART_SetConfig
                0x0800c928       0x48 Drivers\STM32L0xx_HAL_Driver\Src\stm32l0xx_hal_uart.o
 .rodata.DaysInMonth
                0x0800c970        0xc src\hw_rtc.o
 .rodata.DaysInMonthLeapYear
                0x0800c97c        0xc src\hw_rtc.o
 .rodata.main   0x0800c988       0x18 src\main.o
 .rodata.AHBPrescTable
                0x0800c9a0       0x10 src\system_stm32l0xx.o
                0x0800c9a0                AHBPrescTable
 .rodata.APBPrescTable
                0x0800c9b0        0x8 src\system_stm32l0xx.o
                0x0800c9b0                APBPrescTable
 .rodata.PLLMulTable
                0x0800c9b8        0x9 src\system_stm32l0xx.o
                0x0800c9b8                PLLMulTable
 .rodata.str1.1
                0x0800c9c1        0x2 c:/program files (x86)/atollic/truestudio for arm 7.1.2/armtools/bin/../lib/gcc/arm-atollic-eabi/5.3.1/../../../../arm-atollic-eabi/lib/armv6-m\libc_nano.a(lib_a-impure.o)
 .rodata.str1.1
                0x0800c9c3       0x11 c:/program files (x86)/atollic/truestudio for arm 7.1.2/armtools/bin/../lib/gcc/arm-atollic-eabi/5.3.1/../../../../arm-atollic-eabi/lib/armv6-m\libc_nano.a(lib_a-nano-svfprintf.o)
 .rodata.str1.1
                0x0800c9d4       0x22 c:/program files (x86)/atollic/truestudio for arm 7.1.2/armtools/bin/../lib/gcc/arm-atollic-eabi/5.3.1/../../../../arm-atollic-eabi/lib/armv6-m\libc_nano.a(lib_a-nano-vfprintf_i.o)
                0x0800c9f8                . = ALIGN (0x4)
 *fill*         0x0800c9f6        0x2 

.ARM.extab
 *(.ARM.extab* .gnu.linkonce.armextab.*)

.ARM            0x0800c9f8        0x8
                0x0800c9f8                __exidx_start = .
 *(.ARM.exidx*)
 .ARM.exidx     0x0800c9f8        0x8 c:/program files (x86)/atollic/truestudio for arm 7.1.2/armtools/bin/../lib/gcc/arm-atollic-eabi/5.3.1/armv6-m\libgcc.a(_udivmoddi4.o)
                0x0800ca00                __exidx_end = .

.rel.dyn        0x0800ca00        0x0
 .rel.iplt      0x0800ca00        0x0 c:/program files (x86)/atollic/truestudio for arm 7.1.2/armtools/bin/../lib/gcc/arm-atollic-eabi/5.3.1/armv6-m/crtbegin.o

.preinit_array  0x0800ca00        0x0
                0x0800ca00                PROVIDE (__preinit_array_start, .)
 *(.preinit_array*)
                0x0800ca00                PROVIDE (__preinit_array_end, .)

.init_array     0x0800ca00        0x4
                0x0800ca00                PROVIDE (__init_array_start, .)
 *(SORT(.init_array.*))
 *(.init_array*)
 .init_array    0x0800ca00        0x4 c:/program files (x86)/atollic/truestudio for arm 7.1.2/armtools/bin/../lib/gcc/arm-atollic-eabi/5.3.1/armv6-m/crtbegin.o
                0x0800ca04                PROVIDE (__init_array_end, .)

.fini_array     0x0800ca04        0x4
                [!provide]                PROVIDE (__fini_array_start, .)
 *(SORT(.fini_array.*))
 *(.fini_array*)
 .fini_array    0x0800ca04        0x4 c:/program files (x86)/atollic/truestudio for arm 7.1.2/armtools/bin/../lib/gcc/arm-atollic-eabi/5.3.1/armv6-m/crtbegin.o
                [!provide]                PROVIDE (__fini_array_end, .)
                0x0800ca08                _sidata = LOADADDR (.data)

.data           0x20000000       0xdc load address 0x0800ca08
                0x20000000                . = ALIGN (0x4)
                0x20000000                _sdata = .
 *(.data)
 *(.data*)
 .data.LED_PORT
                0x20000000       0x10 Drivers\BSP\B-L072Z-LRWAN1\b-l072z-lrwan1.o
                0x20000000                LED_PORT
 .data.DioIrq   0x20000010       0x18 Drivers\BSP\MLM32L07X01\Phy\sx1276.o
                0x20000010                DioIrq
 .data.DevEui   0x20000028        0x8 Middlewares\Third_Party\Lora\Core\lora.o
 .data.AppEui   0x20000030        0x8 Middlewares\Third_Party\Lora\Core\lora.o
 .data.AppKey   0x20000038       0x10 Middlewares\Third_Party\Lora\Core\lora.o
 .data.LoRaMainCallbacks
                0x20000048       0x14 src\main.o
 .data.LoRaParamInit
                0x2000005c        0xc src\main.o
 .data.ReadyMsg
                0x20000068        0x6 src\main.o
                0x20000068                ReadyMsg
 *fill*         0x2000006e        0x2 
 .data.OKMsg    0x20000070        0x2 src\main.o
                0x20000070                OKMsg
 .data.BufferSize
                0x20000072        0x2 src\main.o
                0x20000072                BufferSize
 .data.SystemCoreClock
                0x20000074        0x4 src\system_stm32l0xx.o
                0x20000074                SystemCoreClock
 .data.impure_data
                0x20000078       0x60 c:/program files (x86)/atollic/truestudio for arm 7.1.2/armtools/bin/../lib/gcc/arm-atollic-eabi/5.3.1/../../../../arm-atollic-eabi/lib/armv6-m\libc_nano.a(lib_a-impure.o)
 .data._impure_ptr
                0x200000d8        0x4 c:/program files (x86)/atollic/truestudio for arm 7.1.2/armtools/bin/../lib/gcc/arm-atollic-eabi/5.3.1/../../../../arm-atollic-eabi/lib/armv6-m\libc_nano.a(lib_a-impure.o)
                0x200000d8                _impure_ptr
                0x200000dc                . = ALIGN (0x4)
                0x200000dc                _edata = .

.igot.plt       0x200000dc        0x0 load address 0x0800cae4
 .igot.plt      0x200000dc        0x0 c:/program files (x86)/atollic/truestudio for arm 7.1.2/armtools/bin/../lib/gcc/arm-atollic-eabi/5.3.1/armv6-m/crtbegin.o
                0x200000dc                . = ALIGN (0x4)

.bss            0x200000dc     0x2e68 load address 0x0800cae4
                0x200000dc                _sbss = .
                0x200000dc                __bss_start__ = _sbss
 *(.bss)
 .bss           0x200000dc       0x1c c:/program files (x86)/atollic/truestudio for arm 7.1.2/armtools/bin/../lib/gcc/arm-atollic-eabi/5.3.1/armv6-m/crtbegin.o
 *(.bss*)
 .bss.RadioEvents
                0x200000f8        0x4 Drivers\BSP\MLM32L07X01\Phy\sx1276.o
 .bss.RxTxBuffer
                0x200000fc      0x100 Drivers\BSP\MLM32L07X01\Phy\sx1276.o
 .bss.TcxoStopTimer
                0x200001fc       0x14 Drivers\BSP\MLM32L07X01\mlm32l07x01.o
 .bss.RadioIsActive
                0x20000210        0x1 Drivers\BSP\MLM32L07X01\mlm32l07x01.o
 *fill*         0x20000211        0x3 
 .bss.LoRaParamInit
                0x20000214        0x4 Middlewares\Third_Party\Lora\Core\lora.o
 .bss.DeviceState
                0x20000218        0x1 Middlewares\Third_Party\Lora\Core\lora.o
 *fill*         0x20000219        0x3 
 .bss.LoRaMainCallbacks
                0x2000021c        0x4 Middlewares\Third_Party\Lora\Core\lora.o
 .bss.LowPower_State
                0x20000220        0x4 Middlewares\Third_Party\Lora\Utilities\low_power.o
 .bss.TimerListHead
                0x20000224        0x4 Middlewares\Third_Party\Lora\Utilities\timeServer.o
 .bss.GpioIrq   0x20000228       0x40 src\hw_gpio.o
 .bss.HW_RTC_Initalized
                0x20000268        0x1 src\hw_rtc.o
 .bss.McuWakeUpTimeInitialized
                0x20000269        0x1 src\hw_rtc.o
 .bss.McuWakeUpTimeCal
                0x2000026a        0x2 src\hw_rtc.o
 .bss.RtcHandle
                0x2000026c       0x24 src\hw_rtc.o
 .bss.RTC_AlarmStructure
                0x20000290       0x28 src\hw_rtc.o
 .bss.RtcTimerContext
                0x200002b8       0x1c src\hw_rtc.o
 .bss.hspi      0x200002d4       0x58 src\hw_spi.o
 .bss.AppLedStateOn
                0x2000032c        0x1 src\main.o
 *fill*         0x2000032d        0x3 
 .bss.TxLedTimer
                0x20000330       0x14 src\main.o
 .bss.State     0x20000344        0x1 src\main.o
                0x20000344                State
 .bss.RssiValue
                0x20000345        0x1 src\main.o
                0x20000345                RssiValue
 .bss.SnrValue  0x20000346        0x1 src\main.o
                0x20000346                SnrValue
 *fill*         0x20000347        0x1 
 .bss.timerLed  0x20000348       0x14 src\main.o
 .bss.RadioEvents
                0x2000035c       0x1c src\main.o
 .bss.recibidoMaster
                0x20000378        0x4 src\main.o
                0x20000378                recibidoMaster
 .bss.recibidoSlave
                0x2000037c        0x4 src\main.o
                0x2000037c                recibidoSlave
 .bss.recibidoReady
                0x20000380        0x4 src\main.o
                0x20000380                recibidoReady
 .bss.enviadoReady
                0x20000384        0x4 src\main.o
                0x20000384                enviadoReady
 .bss.errorReady
                0x20000388        0x4 src\main.o
                0x20000388                errorReady
 .bss.hadc      0x2000038c       0x60 src\stm32l0xx_hw.o
 .bss.AdcInitialized
                0x200003ec        0x1 src\stm32l0xx_hw.o
 .bss.McuInitialized
                0x200003ed        0x1 src\stm32l0xx_hw.o
 *fill*         0x200003ee        0x2 
 .bss.buff      0x200003f0      0x100 src\vcom.o
 .bss.iw        0x200004f0        0x2 src\vcom.o
                0x200004f0                iw
 .bss.ir        0x200004f2        0x2 src\vcom.o
 .bss.UartHandle
                0x200004f4       0x70 src\vcom.o
 .bss.__malloc_sbrk_start
                0x20000564        0x4 c:/program files (x86)/atollic/truestudio for arm 7.1.2/armtools/bin/../lib/gcc/arm-atollic-eabi/5.3.1/../../../../arm-atollic-eabi/lib/armv6-m\libc_nano.a(lib_a-nano-mallocr.o)
                0x20000564                __malloc_sbrk_start
 .bss.__malloc_free_list
                0x20000568        0x4 c:/program files (x86)/atollic/truestudio for arm 7.1.2/armtools/bin/../lib/gcc/arm-atollic-eabi/5.3.1/../../../../arm-atollic-eabi/lib/armv6-m\libc_nano.a(lib_a-nano-mallocr.o)
                0x20000568                __malloc_free_list
 .bss.heap_end.4167
                0x2000056c        0x4 c:/program files (x86)/atollic/truestudio for arm 7.1.2/armtools/bin/../lib/gcc/arm-atollic-eabi/5.3.1/../../../../arm-atollic-eabi/lib/armv6-m\libnosys.a(sbrk.o)
 *(COMMON)
 COMMON         0x20000570       0x9c Drivers\BSP\MLM32L07X01\Phy\sx1276.o
                0x20000570                TxTimeoutTimer
                0x20000584                RxTimeoutSyncWord
                0x20000598                SX1276
                0x200005f8                RxTimeoutTimer
 COMMON         0x2000060c        0x4 Drivers\STM32L0xx_HAL_Driver\Src\stm32l0xx_hal.o
                0x2000060c                uwTick
 COMMON         0x20000610       0x58 src\gps.o
                0x20000610                hspi2
 COMMON         0x20000668     0x28d5 src\main.o
                0x20000668                misDat
                0x20002d78                pruebBuff
                0x20002d96                i
                0x20002d98                buffer
                0x20002e60                buffLora
                0x20002e80                RxReady
                0x20002e88                parsingBuff
                0x20002ea8                RxBuf
                0x20002ef8                Buffer
                0x20002f38                RxOK
 *fill*         0x20002f3d        0x3 
 COMMON         0x20002f40        0x4 c:/program files (x86)/atollic/truestudio for arm 7.1.2/armtools/bin/../lib/gcc/arm-atollic-eabi/5.3.1/../../../../arm-atollic-eabi/lib/armv6-m\libc_nano.a(lib_a-reent.o)
                0x20002f40                errno
                0x20002f44                . = ALIGN (0x4)
                0x20002f44                _ebss = .
                0x20002f44                __bss_end__ = _ebss

._user_heap_stack
                0x20002f44      0x100 load address 0x0800cae4
                0x20002f44                . = ALIGN (0x4)
                0x20002f44                PROVIDE (end, .)
                [!provide]                PROVIDE (_end, .)
                0x20002f44                . = (. + _Min_Heap_Size)
                0x20003044                . = (. + _Min_Stack_Size)
 *fill*         0x20002f44      0x100 
                0x20003044                . = ALIGN (0x4)

.memory_b1_text
 *(.mb1text)
 *(.mb1text*)
 *(.mb1rodata)
 *(.mb1rodata*)

/DISCARD/
 libc.a(*)
 libm.a(*)
 libgcc.a(*)

.ARM.attributes
                0x00000000       0x28
 *(.ARM.attributes)
 .ARM.attributes
                0x00000000       0x1e c:/program files (x86)/atollic/truestudio for arm 7.1.2/armtools/bin/../lib/gcc/arm-atollic-eabi/5.3.1/armv6-m/crti.o
 .ARM.attributes
                0x0000001e       0x2c c:/program files (x86)/atollic/truestudio for arm 7.1.2/armtools/bin/../lib/gcc/arm-atollic-eabi/5.3.1/armv6-m/crtbegin.o
 .ARM.attributes
                0x0000004a       0x32 Drivers\BSP\B-L072Z-LRWAN1\b-l072z-lrwan1.o
 .ARM.attributes
                0x0000007c       0x32 Drivers\BSP\MLM32L07X01\Phy\sx1276.o
 .ARM.attributes
                0x000000ae       0x32 Drivers\BSP\MLM32L07X01\mlm32l07x01.o
 .ARM.attributes
                0x000000e0       0x32 Drivers\STM32L0xx_HAL_Driver\Src\stm32l0xx_hal.o
 .ARM.attributes
                0x00000112       0x32 Drivers\STM32L0xx_HAL_Driver\Src\stm32l0xx_hal_adc.o
 .ARM.attributes
                0x00000144       0x32 Drivers\STM32L0xx_HAL_Driver\Src\stm32l0xx_hal_adc_ex.o
 .ARM.attributes
                0x00000176       0x32 Drivers\STM32L0xx_HAL_Driver\Src\stm32l0xx_hal_cortex.o
 .ARM.attributes
                0x000001a8       0x32 Drivers\STM32L0xx_HAL_Driver\Src\stm32l0xx_hal_gpio.o
 .ARM.attributes
                0x000001da       0x32 Drivers\STM32L0xx_HAL_Driver\Src\stm32l0xx_hal_pwr.o
 .ARM.attributes
                0x0000020c       0x32 Drivers\STM32L0xx_HAL_Driver\Src\stm32l0xx_hal_pwr_ex.o
 .ARM.attributes
                0x0000023e       0x32 Drivers\STM32L0xx_HAL_Driver\Src\stm32l0xx_hal_rcc.o
 .ARM.attributes
                0x00000270       0x32 Drivers\STM32L0xx_HAL_Driver\Src\stm32l0xx_hal_rcc_ex.o
 .ARM.attributes
                0x000002a2       0x32 Drivers\STM32L0xx_HAL_Driver\Src\stm32l0xx_hal_rtc.o
 .ARM.attributes
                0x000002d4       0x32 Drivers\STM32L0xx_HAL_Driver\Src\stm32l0xx_hal_rtc_ex.o
 .ARM.attributes
                0x00000306       0x32 Drivers\STM32L0xx_HAL_Driver\Src\stm32l0xx_hal_spi.o
 .ARM.attributes
                0x00000338       0x32 Drivers\STM32L0xx_HAL_Driver\Src\stm32l0xx_hal_uart.o
 .ARM.attributes
                0x0000036a       0x32 Middlewares\Third_Party\Lora\Core\lora.o
 .ARM.attributes
                0x0000039c       0x32 Middlewares\Third_Party\Lora\Utilities\delay.o
 .ARM.attributes
                0x000003ce       0x32 Middlewares\Third_Party\Lora\Utilities\low_power.o
 .ARM.attributes
                0x00000400       0x32 Middlewares\Third_Party\Lora\Utilities\timeServer.o
 .ARM.attributes
                0x00000432       0x32 Middlewares\Third_Party\Lora\Utilities\utilities.o
 .ARM.attributes
                0x00000464       0x32 src\debug.o
 .ARM.attributes
                0x00000496       0x32 src\gps.o
 .ARM.attributes
                0x000004c8       0x32 src\hw_gpio.o
 .ARM.attributes
                0x000004fa       0x32 src\hw_rtc.o
 .ARM.attributes
                0x0000052c       0x32 src\hw_spi.o
 .ARM.attributes
                0x0000055e       0x32 src\main.o
 .ARM.attributes
                0x00000590       0x22 src\startup_stm32l072xx.o
 .ARM.attributes
                0x000005b2       0x32 src\stm32l0xx_hal_msp.o
 .ARM.attributes
                0x000005e4       0x32 src\stm32l0xx_hw.o
 .ARM.attributes
                0x00000616       0x32 src\stm32l0xx_it.o
 .ARM.attributes
                0x00000648       0x32 src\system_stm32l0xx.o
 .ARM.attributes
                0x0000067a       0x32 src\vcom.o
 .ARM.attributes
                0x000006ac       0x2c c:/program files (x86)/atollic/truestudio for arm 7.1.2/armtools/bin/../lib/gcc/arm-atollic-eabi/5.3.1/../../../../arm-atollic-eabi/lib/armv6-m\libc_nano.a(lib_a-init.o)
 .ARM.attributes
                0x000006d8       0x2c c:/program files (x86)/atollic/truestudio for arm 7.1.2/armtools/bin/../lib/gcc/arm-atollic-eabi/5.3.1/../../../../arm-atollic-eabi/lib/armv6-m\libc_nano.a(lib_a-memcpy-stub.o)
 .ARM.attributes
                0x00000704       0x2c c:/program files (x86)/atollic/truestudio for arm 7.1.2/armtools/bin/../lib/gcc/arm-atollic-eabi/5.3.1/../../../../arm-atollic-eabi/lib/armv6-m\libc_nano.a(lib_a-memset.o)
 .ARM.attributes
                0x00000730       0x2c c:/program files (x86)/atollic/truestudio for arm 7.1.2/armtools/bin/../lib/gcc/arm-atollic-eabi/5.3.1/../../../../arm-atollic-eabi/lib/armv6-m\libc_nano.a(lib_a-strcpy.o)
 .ARM.attributes
                0x0000075c       0x2c c:/program files (x86)/atollic/truestudio for arm 7.1.2/armtools/bin/../lib/gcc/arm-atollic-eabi/5.3.1/../../../../arm-atollic-eabi/lib/armv6-m\libc_nano.a(lib_a-strncmp.o)
 .ARM.attributes
                0x00000788       0x2c c:/program files (x86)/atollic/truestudio for arm 7.1.2/armtools/bin/../lib/gcc/arm-atollic-eabi/5.3.1/../../../../arm-atollic-eabi/lib/armv6-m\libc_nano.a(lib_a-vsprintf.o)
 .ARM.attributes
                0x000007b4       0x2c c:/program files (x86)/atollic/truestudio for arm 7.1.2/armtools/bin/../lib/gcc/arm-atollic-eabi/5.3.1/../../../../arm-atollic-eabi/lib/armv6-m\libc_nano.a(lib_a-impure.o)
 .ARM.attributes
                0x000007e0       0x2c c:/program files (x86)/atollic/truestudio for arm 7.1.2/armtools/bin/../lib/gcc/arm-atollic-eabi/5.3.1/../../../../arm-atollic-eabi/lib/armv6-m\libc_nano.a(lib_a-nano-svfprintf.o)
 .ARM.attributes
                0x0000080c       0x2c c:/program files (x86)/atollic/truestudio for arm 7.1.2/armtools/bin/../lib/gcc/arm-atollic-eabi/5.3.1/../../../../arm-atollic-eabi/lib/armv6-m\libc_nano.a(lib_a-nano-vfprintf_i.o)
 .ARM.attributes
                0x00000838       0x2c c:/program files (x86)/atollic/truestudio for arm 7.1.2/armtools/bin/../lib/gcc/arm-atollic-eabi/5.3.1/../../../../arm-atollic-eabi/lib/armv6-m\libc_nano.a(lib_a-memchr-stub.o)
 .ARM.attributes
                0x00000864       0x2c c:/program files (x86)/atollic/truestudio for arm 7.1.2/armtools/bin/../lib/gcc/arm-atollic-eabi/5.3.1/../../../../arm-atollic-eabi/lib/armv6-m\libc_nano.a(lib_a-memmove.o)
 .ARM.attributes
                0x00000890       0x2c c:/program files (x86)/atollic/truestudio for arm 7.1.2/armtools/bin/../lib/gcc/arm-atollic-eabi/5.3.1/../../../../arm-atollic-eabi/lib/armv6-m\libc_nano.a(lib_a-nano-freer.o)
 .ARM.attributes
                0x000008bc       0x2c c:/program files (x86)/atollic/truestudio for arm 7.1.2/armtools/bin/../lib/gcc/arm-atollic-eabi/5.3.1/../../../../arm-atollic-eabi/lib/armv6-m\libc_nano.a(lib_a-nano-mallocr.o)
 .ARM.attributes
                0x000008e8       0x2c c:/program files (x86)/atollic/truestudio for arm 7.1.2/armtools/bin/../lib/gcc/arm-atollic-eabi/5.3.1/../../../../arm-atollic-eabi/lib/armv6-m\libc_nano.a(lib_a-nano-reallocr.o)
 .ARM.attributes
                0x00000914       0x2c c:/program files (x86)/atollic/truestudio for arm 7.1.2/armtools/bin/../lib/gcc/arm-atollic-eabi/5.3.1/../../../../arm-atollic-eabi/lib/armv6-m\libc_nano.a(lib_a-sbrkr.o)
 .ARM.attributes
                0x00000940       0x2c c:/program files (x86)/atollic/truestudio for arm 7.1.2/armtools/bin/../lib/gcc/arm-atollic-eabi/5.3.1/../../../../arm-atollic-eabi/lib/armv6-m\libc_nano.a(lib_a-mlock.o)
 .ARM.attributes
                0x0000096c       0x2c c:/program files (x86)/atollic/truestudio for arm 7.1.2/armtools/bin/../lib/gcc/arm-atollic-eabi/5.3.1/../../../../arm-atollic-eabi/lib/armv6-m\libc_nano.a(lib_a-nano-msizer.o)
 .ARM.attributes
                0x00000998       0x2c c:/program files (x86)/atollic/truestudio for arm 7.1.2/armtools/bin/../lib/gcc/arm-atollic-eabi/5.3.1/../../../../arm-atollic-eabi/lib/armv6-m\libc_nano.a(lib_a-reent.o)
 .ARM.attributes
                0x000009c4       0x2c c:/program files (x86)/atollic/truestudio for arm 7.1.2/armtools/bin/../lib/gcc/arm-atollic-eabi/5.3.1/../../../../arm-atollic-eabi/lib/armv6-m\libm.a(lib_a-s_ceil.o)
 .ARM.attributes
                0x000009f0       0x2c c:/program files (x86)/atollic/truestudio for arm 7.1.2/armtools/bin/../lib/gcc/arm-atollic-eabi/5.3.1/../../../../arm-atollic-eabi/lib/armv6-m\libm.a(lib_a-s_floor.o)
 .ARM.attributes
                0x00000a1c       0x2c c:/program files (x86)/atollic/truestudio for arm 7.1.2/armtools/bin/../lib/gcc/arm-atollic-eabi/5.3.1/../../../../arm-atollic-eabi/lib/armv6-m\libm.a(lib_a-s_round.o)
 .ARM.attributes
                0x00000a48       0x1e c:/program files (x86)/atollic/truestudio for arm 7.1.2/armtools/bin/../lib/gcc/arm-atollic-eabi/5.3.1/armv6-m\libgcc.a(_udivsi3.o)
 .ARM.attributes
                0x00000a66       0x1e c:/program files (x86)/atollic/truestudio for arm 7.1.2/armtools/bin/../lib/gcc/arm-atollic-eabi/5.3.1/armv6-m\libgcc.a(_divsi3.o)
 .ARM.attributes
                0x00000a84       0x1e c:/program files (x86)/atollic/truestudio for arm 7.1.2/armtools/bin/../lib/gcc/arm-atollic-eabi/5.3.1/armv6-m\libgcc.a(_dvmd_tls.o)
 .ARM.attributes
                0x00000aa2       0x1e c:/program files (x86)/atollic/truestudio for arm 7.1.2/armtools/bin/../lib/gcc/arm-atollic-eabi/5.3.1/armv6-m\libgcc.a(_arm_cmpdf2.o)
 .ARM.attributes
                0x00000ac0       0x1e c:/program files (x86)/atollic/truestudio for arm 7.1.2/armtools/bin/../lib/gcc/arm-atollic-eabi/5.3.1/armv6-m\libgcc.a(_aeabi_uldivmod.o)
 .ARM.attributes
                0x00000ade       0x2c c:/program files (x86)/atollic/truestudio for arm 7.1.2/armtools/bin/../lib/gcc/arm-atollic-eabi/5.3.1/armv6-m\libgcc.a(_fixunsdfsi.o)
 .ARM.attributes
                0x00000b0a       0x2c c:/program files (x86)/atollic/truestudio for arm 7.1.2/armtools/bin/../lib/gcc/arm-atollic-eabi/5.3.1/armv6-m\libgcc.a(_udivmoddi4.o)
 .ARM.attributes
                0x00000b36       0x2c c:/program files (x86)/atollic/truestudio for arm 7.1.2/armtools/bin/../lib/gcc/arm-atollic-eabi/5.3.1/armv6-m\libgcc.a(adddf3.o)
 .ARM.attributes
                0x00000b62       0x2c c:/program files (x86)/atollic/truestudio for arm 7.1.2/armtools/bin/../lib/gcc/arm-atollic-eabi/5.3.1/armv6-m\libgcc.a(divdf3.o)
 .ARM.attributes
                0x00000b8e       0x2c c:/program files (x86)/atollic/truestudio for arm 7.1.2/armtools/bin/../lib/gcc/arm-atollic-eabi/5.3.1/armv6-m\libgcc.a(eqdf2.o)
 .ARM.attributes
                0x00000bba       0x2c c:/program files (x86)/atollic/truestudio for arm 7.1.2/armtools/bin/../lib/gcc/arm-atollic-eabi/5.3.1/armv6-m\libgcc.a(gedf2.o)
 .ARM.attributes
                0x00000be6       0x2c c:/program files (x86)/atollic/truestudio for arm 7.1.2/armtools/bin/../lib/gcc/arm-atollic-eabi/5.3.1/armv6-m\libgcc.a(ledf2.o)
 .ARM.attributes
                0x00000c12       0x2c c:/program files (x86)/atollic/truestudio for arm 7.1.2/armtools/bin/../lib/gcc/arm-atollic-eabi/5.3.1/armv6-m\libgcc.a(muldf3.o)
 .ARM.attributes
                0x00000c3e       0x2c c:/program files (x86)/atollic/truestudio for arm 7.1.2/armtools/bin/../lib/gcc/arm-atollic-eabi/5.3.1/armv6-m\libgcc.a(subdf3.o)
 .ARM.attributes
                0x00000c6a       0x2c c:/program files (x86)/atollic/truestudio for arm 7.1.2/armtools/bin/../lib/gcc/arm-atollic-eabi/5.3.1/armv6-m\libgcc.a(fixdfsi.o)
 .ARM.attributes
                0x00000c96       0x2c c:/program files (x86)/atollic/truestudio for arm 7.1.2/armtools/bin/../lib/gcc/arm-atollic-eabi/5.3.1/armv6-m\libgcc.a(floatsidf.o)
 .ARM.attributes
                0x00000cc2       0x2c c:/program files (x86)/atollic/truestudio for arm 7.1.2/armtools/bin/../lib/gcc/arm-atollic-eabi/5.3.1/armv6-m\libgcc.a(floatunsidf.o)
 .ARM.attributes
                0x00000cee       0x1e c:/program files (x86)/atollic/truestudio for arm 7.1.2/armtools/bin/../lib/gcc/arm-atollic-eabi/5.3.1/armv6-m\libgcc.a(_clzsi2.o)
 .ARM.attributes
                0x00000d0c       0x1e c:/program files (x86)/atollic/truestudio for arm 7.1.2/armtools/bin/../lib/gcc/arm-atollic-eabi/5.3.1/armv6-m\libgcc.a(_clzdi2.o)
 .ARM.attributes
                0x00000d2a       0x2c c:/program files (x86)/atollic/truestudio for arm 7.1.2/armtools/bin/../lib/gcc/arm-atollic-eabi/5.3.1/../../../../arm-atollic-eabi/lib/armv6-m\libnosys.a(sbrk.o)
 .ARM.attributes
                0x00000d56       0x1e c:/program files (x86)/atollic/truestudio for arm 7.1.2/armtools/bin/../lib/gcc/arm-atollic-eabi/5.3.1/armv6-m/crtn.o
OUTPUT(Radio_Lora.elf elf32-littlearm)

.debug_info     0x00000000    0x12447
 .debug_info    0x00000000      0x8a2 Drivers\BSP\B-L072Z-LRWAN1\b-l072z-lrwan1.o
 .debug_info    0x000008a2     0x10ae Drivers\BSP\MLM32L07X01\Phy\sx1276.o
 .debug_info    0x00001950      0xb65 Drivers\BSP\MLM32L07X01\mlm32l07x01.o
 .debug_info    0x000024b5      0x705 Drivers\STM32L0xx_HAL_Driver\Src\stm32l0xx_hal.o
 .debug_info    0x00002bba      0xc24 Drivers\STM32L0xx_HAL_Driver\Src\stm32l0xx_hal_adc.o
 .debug_info    0x000037de      0x703 Drivers\STM32L0xx_HAL_Driver\Src\stm32l0xx_hal_adc_ex.o
 .debug_info    0x00003ee1      0x7cf Drivers\STM32L0xx_HAL_Driver\Src\stm32l0xx_hal_cortex.o
 .debug_info    0x000046b0      0x63c Drivers\STM32L0xx_HAL_Driver\Src\stm32l0xx_hal_gpio.o
 .debug_info    0x00004cec      0x5db Drivers\STM32L0xx_HAL_Driver\Src\stm32l0xx_hal_pwr.o
 .debug_info    0x000052c7      0x1b1 Drivers\STM32L0xx_HAL_Driver\Src\stm32l0xx_hal_pwr_ex.o
 .debug_info    0x00005478      0x978 Drivers\STM32L0xx_HAL_Driver\Src\stm32l0xx_hal_rcc.o
 .debug_info    0x00005df0      0x7d2 Drivers\STM32L0xx_HAL_Driver\Src\stm32l0xx_hal_rcc_ex.o
 .debug_info    0x000065c2      0xa3e Drivers\STM32L0xx_HAL_Driver\Src\stm32l0xx_hal_rtc.o
 .debug_info    0x00007000      0xd8d Drivers\STM32L0xx_HAL_Driver\Src\stm32l0xx_hal_rtc_ex.o
 .debug_info    0x00007d8d      0xe51 Drivers\STM32L0xx_HAL_Driver\Src\stm32l0xx_hal_spi.o
 .debug_info    0x00008bde     0x13ce Drivers\STM32L0xx_HAL_Driver\Src\stm32l0xx_hal_uart.o
 .debug_info    0x00009fac     0x119b Middlewares\Third_Party\Lora\Core\lora.o
 .debug_info    0x0000b147       0xed Middlewares\Third_Party\Lora\Utilities\delay.o
 .debug_info    0x0000b234      0x245 Middlewares\Third_Party\Lora\Utilities\low_power.o
 .debug_info    0x0000b479      0x548 Middlewares\Third_Party\Lora\Utilities\timeServer.o
 .debug_info    0x0000b9c1      0x266 Middlewares\Third_Party\Lora\Utilities\utilities.o
 .debug_info    0x0000bc27      0x318 src\debug.o
 .debug_info    0x0000bf3f      0x92b src\gps.o
 .debug_info    0x0000c86a      0x656 src\hw_gpio.o
 .debug_info    0x0000cec0      0xa76 src\hw_rtc.o
 .debug_info    0x0000d936      0x83a src\hw_spi.o
 .debug_info    0x0000e170     0x12e7 src\main.o
 .debug_info    0x0000f457       0x7d src\startup_stm32l072xx.o
 .debug_info    0x0000f4d4      0x8c6 src\stm32l0xx_hal_msp.o
 .debug_info    0x0000fd9a     0x106a src\stm32l0xx_hw.o
 .debug_info    0x00010e04      0x62e src\stm32l0xx_it.o
 .debug_info    0x00011432      0x372 src\system_stm32l0xx.o
 .debug_info    0x000117a4      0xca3 src\vcom.o

.debug_abbrev   0x00000000     0x37aa
 .debug_abbrev  0x00000000      0x1d8 Drivers\BSP\B-L072Z-LRWAN1\b-l072z-lrwan1.o
 .debug_abbrev  0x000001d8      0x21f Drivers\BSP\MLM32L07X01\Phy\sx1276.o
 .debug_abbrev  0x000003f7      0x225 Drivers\BSP\MLM32L07X01\mlm32l07x01.o
 .debug_abbrev  0x0000061c      0x1cf Drivers\STM32L0xx_HAL_Driver\Src\stm32l0xx_hal.o
 .debug_abbrev  0x000007eb      0x1c1 Drivers\STM32L0xx_HAL_Driver\Src\stm32l0xx_hal_adc.o
 .debug_abbrev  0x000009ac      0x18d Drivers\STM32L0xx_HAL_Driver\Src\stm32l0xx_hal_adc_ex.o
 .debug_abbrev  0x00000b39      0x256 Drivers\STM32L0xx_HAL_Driver\Src\stm32l0xx_hal_cortex.o
 .debug_abbrev  0x00000d8f      0x1aa Drivers\STM32L0xx_HAL_Driver\Src\stm32l0xx_hal_gpio.o
 .debug_abbrev  0x00000f39      0x173 Drivers\STM32L0xx_HAL_Driver\Src\stm32l0xx_hal_pwr.o
 .debug_abbrev  0x000010ac       0xf6 Drivers\STM32L0xx_HAL_Driver\Src\stm32l0xx_hal_pwr_ex.o
 .debug_abbrev  0x000011a2      0x204 Drivers\STM32L0xx_HAL_Driver\Src\stm32l0xx_hal_rcc.o
 .debug_abbrev  0x000013a6      0x1d6 Drivers\STM32L0xx_HAL_Driver\Src\stm32l0xx_hal_rcc_ex.o
 .debug_abbrev  0x0000157c      0x19a Drivers\STM32L0xx_HAL_Driver\Src\stm32l0xx_hal_rtc.o
 .debug_abbrev  0x00001716      0x1a9 Drivers\STM32L0xx_HAL_Driver\Src\stm32l0xx_hal_rtc_ex.o
 .debug_abbrev  0x000018bf      0x1ea Drivers\STM32L0xx_HAL_Driver\Src\stm32l0xx_hal_spi.o
 .debug_abbrev  0x00001aa9      0x231 Drivers\STM32L0xx_HAL_Driver\Src\stm32l0xx_hal_uart.o
 .debug_abbrev  0x00001cda      0x275 Middlewares\Third_Party\Lora\Core\lora.o
 .debug_abbrev  0x00001f4f       0x78 Middlewares\Third_Party\Lora\Utilities\delay.o
 .debug_abbrev  0x00001fc7      0x150 Middlewares\Third_Party\Lora\Utilities\low_power.o
 .debug_abbrev  0x00002117      0x26f Middlewares\Third_Party\Lora\Utilities\timeServer.o
 .debug_abbrev  0x00002386       0xe0 Middlewares\Third_Party\Lora\Utilities\utilities.o
 .debug_abbrev  0x00002466       0xf4 src\debug.o
 .debug_abbrev  0x0000255a      0x1a3 src\gps.o
 .debug_abbrev  0x000026fd      0x166 src\hw_gpio.o
 .debug_abbrev  0x00002863      0x245 src\hw_rtc.o
 .debug_abbrev  0x00002aa8      0x188 src\hw_spi.o
 .debug_abbrev  0x00002c30      0x268 src\main.o
 .debug_abbrev  0x00002e98       0x12 src\startup_stm32l072xx.o
 .debug_abbrev  0x00002eaa      0x16e src\stm32l0xx_hal_msp.o
 .debug_abbrev  0x00003018      0x2f1 src\stm32l0xx_hw.o
 .debug_abbrev  0x00003309      0x161 src\stm32l0xx_it.o
 .debug_abbrev  0x0000346a       0xf0 src\system_stm32l0xx.o
 .debug_abbrev  0x0000355a      0x250 src\vcom.o

.debug_aranges  0x00000000     0x1238
 .debug_aranges
                0x00000000       0x58 Drivers\BSP\B-L072Z-LRWAN1\b-l072z-lrwan1.o
 .debug_aranges
                0x00000058      0x138 Drivers\BSP\MLM32L07X01\Phy\sx1276.o
 .debug_aranges
                0x00000190       0x70 Drivers\BSP\MLM32L07X01\mlm32l07x01.o
 .debug_aranges
                0x00000200       0xe0 Drivers\STM32L0xx_HAL_Driver\Src\stm32l0xx_hal.o
 .debug_aranges
                0x000002e0      0x100 Drivers\STM32L0xx_HAL_Driver\Src\stm32l0xx_hal_adc.o
 .debug_aranges
                0x000003e0       0x50 Drivers\STM32L0xx_HAL_Driver\Src\stm32l0xx_hal_adc_ex.o
 .debug_aranges
                0x00000430       0xc8 Drivers\STM32L0xx_HAL_Driver\Src\stm32l0xx_hal_cortex.o
 .debug_aranges
                0x000004f8       0x58 Drivers\STM32L0xx_HAL_Driver\Src\stm32l0xx_hal_gpio.o
 .debug_aranges
                0x00000550       0xa0 Drivers\STM32L0xx_HAL_Driver\Src\stm32l0xx_hal_pwr.o
 .debug_aranges
                0x000005f0       0x50 Drivers\STM32L0xx_HAL_Driver\Src\stm32l0xx_hal_pwr_ex.o
 .debug_aranges
                0x00000640       0x88 Drivers\STM32L0xx_HAL_Driver\Src\stm32l0xx_hal_rcc.o
 .debug_aranges
                0x000006c8       0xb0 Drivers\STM32L0xx_HAL_Driver\Src\stm32l0xx_hal_rcc_ex.o
 .debug_aranges
                0x00000778       0xb8 Drivers\STM32L0xx_HAL_Driver\Src\stm32l0xx_hal_rtc.o
 .debug_aranges
                0x00000830      0x130 Drivers\STM32L0xx_HAL_Driver\Src\stm32l0xx_hal_rtc_ex.o
 .debug_aranges
                0x00000960      0x150 Drivers\STM32L0xx_HAL_Driver\Src\stm32l0xx_hal_spi.o
 .debug_aranges
                0x00000ab0      0x1e8 Drivers\STM32L0xx_HAL_Driver\Src\stm32l0xx_hal_uart.o
 .debug_aranges
                0x00000c98       0x68 Middlewares\Third_Party\Lora\Core\lora.o
 .debug_aranges
                0x00000d00       0x28 Middlewares\Third_Party\Lora\Utilities\delay.o
 .debug_aranges
                0x00000d28       0x38 Middlewares\Third_Party\Lora\Utilities\low_power.o
 .debug_aranges
                0x00000d60       0x78 Middlewares\Third_Party\Lora\Utilities\timeServer.o
 .debug_aranges
                0x00000dd8       0x50 Middlewares\Third_Party\Lora\Utilities\utilities.o
 .debug_aranges
                0x00000e28       0x28 src\debug.o
 .debug_aranges
                0x00000e50       0x48 src\gps.o
 .debug_aranges
                0x00000e98       0x48 src\hw_gpio.o
 .debug_aranges
                0x00000ee0       0xa8 src\hw_rtc.o
 .debug_aranges
                0x00000f88       0x38 src\hw_spi.o
 .debug_aranges
                0x00000fc0       0x68 src\main.o
 .debug_aranges
                0x00001028       0x28 src\startup_stm32l072xx.o
 .debug_aranges
                0x00001050       0x58 src\stm32l0xx_hal_msp.o
 .debug_aranges
                0x000010a8       0x78 src\stm32l0xx_hw.o
 .debug_aranges
                0x00001120       0x90 src\stm32l0xx_it.o
 .debug_aranges
                0x000011b0       0x28 src\system_stm32l0xx.o
 .debug_aranges
                0x000011d8       0x60 src\vcom.o

.debug_ranges   0x00000000     0x1048
 .debug_ranges  0x00000000       0x48 Drivers\BSP\B-L072Z-LRWAN1\b-l072z-lrwan1.o
 .debug_ranges  0x00000048      0x140 Drivers\BSP\MLM32L07X01\Phy\sx1276.o
 .debug_ranges  0x00000188       0x60 Drivers\BSP\MLM32L07X01\mlm32l07x01.o
 .debug_ranges  0x000001e8       0xd0 Drivers\STM32L0xx_HAL_Driver\Src\stm32l0xx_hal.o
 .debug_ranges  0x000002b8       0xf0 Drivers\STM32L0xx_HAL_Driver\Src\stm32l0xx_hal_adc.o
 .debug_ranges  0x000003a8       0x40 Drivers\STM32L0xx_HAL_Driver\Src\stm32l0xx_hal_adc_ex.o
 .debug_ranges  0x000003e8       0xb8 Drivers\STM32L0xx_HAL_Driver\Src\stm32l0xx_hal_cortex.o
 .debug_ranges  0x000004a0       0x48 Drivers\STM32L0xx_HAL_Driver\Src\stm32l0xx_hal_gpio.o
 .debug_ranges  0x000004e8       0x90 Drivers\STM32L0xx_HAL_Driver\Src\stm32l0xx_hal_pwr.o
 .debug_ranges  0x00000578       0x40 Drivers\STM32L0xx_HAL_Driver\Src\stm32l0xx_hal_pwr_ex.o
 .debug_ranges  0x000005b8       0x78 Drivers\STM32L0xx_HAL_Driver\Src\stm32l0xx_hal_rcc.o
 .debug_ranges  0x00000630       0xa0 Drivers\STM32L0xx_HAL_Driver\Src\stm32l0xx_hal_rcc_ex.o
 .debug_ranges  0x000006d0       0xa8 Drivers\STM32L0xx_HAL_Driver\Src\stm32l0xx_hal_rtc.o
 .debug_ranges  0x00000778      0x120 Drivers\STM32L0xx_HAL_Driver\Src\stm32l0xx_hal_rtc_ex.o
 .debug_ranges  0x00000898      0x140 Drivers\STM32L0xx_HAL_Driver\Src\stm32l0xx_hal_spi.o
 .debug_ranges  0x000009d8      0x1d8 Drivers\STM32L0xx_HAL_Driver\Src\stm32l0xx_hal_uart.o
 .debug_ranges  0x00000bb0       0x58 Middlewares\Third_Party\Lora\Core\lora.o
 .debug_ranges  0x00000c08       0x18 Middlewares\Third_Party\Lora\Utilities\delay.o
 .debug_ranges  0x00000c20       0x28 Middlewares\Third_Party\Lora\Utilities\low_power.o
 .debug_ranges  0x00000c48       0x68 Middlewares\Third_Party\Lora\Utilities\timeServer.o
 .debug_ranges  0x00000cb0       0x40 Middlewares\Third_Party\Lora\Utilities\utilities.o
 .debug_ranges  0x00000cf0       0x18 src\debug.o
 .debug_ranges  0x00000d08       0x38 src\gps.o
 .debug_ranges  0x00000d40       0x38 src\hw_gpio.o
 .debug_ranges  0x00000d78       0x98 src\hw_rtc.o
 .debug_ranges  0x00000e10       0x28 src\hw_spi.o
 .debug_ranges  0x00000e38       0x58 src\main.o
 .debug_ranges  0x00000e90       0x20 src\startup_stm32l072xx.o
 .debug_ranges  0x00000eb0       0x48 src\stm32l0xx_hal_msp.o
 .debug_ranges  0x00000ef8       0x68 src\stm32l0xx_hw.o
 .debug_ranges  0x00000f60       0x80 src\stm32l0xx_it.o
 .debug_ranges  0x00000fe0       0x18 src\system_stm32l0xx.o
 .debug_ranges  0x00000ff8       0x50 src\vcom.o

.debug_line     0x00000000     0x8831
 .debug_line    0x00000000      0x2ba Drivers\BSP\B-L072Z-LRWAN1\b-l072z-lrwan1.o
 .debug_line    0x000002ba      0xa27 Drivers\BSP\MLM32L07X01\Phy\sx1276.o
 .debug_line    0x00000ce1      0x35b Drivers\BSP\MLM32L07X01\mlm32l07x01.o
 .debug_line    0x0000103c      0x3c9 Drivers\STM32L0xx_HAL_Driver\Src\stm32l0xx_hal.o
 .debug_line    0x00001405      0x719 Drivers\STM32L0xx_HAL_Driver\Src\stm32l0xx_hal_adc.o
 .debug_line    0x00001b1e      0x2f8 Drivers\STM32L0xx_HAL_Driver\Src\stm32l0xx_hal_adc_ex.o
 .debug_line    0x00001e16      0x3fb Drivers\STM32L0xx_HAL_Driver\Src\stm32l0xx_hal_cortex.o
 .debug_line    0x00002211      0x37f Drivers\STM32L0xx_HAL_Driver\Src\stm32l0xx_hal_gpio.o
 .debug_line    0x00002590      0x382 Drivers\STM32L0xx_HAL_Driver\Src\stm32l0xx_hal_pwr.o
 .debug_line    0x00002912      0x269 Drivers\STM32L0xx_HAL_Driver\Src\stm32l0xx_hal_pwr_ex.o
 .debug_line    0x00002b7b      0x4c2 Drivers\STM32L0xx_HAL_Driver\Src\stm32l0xx_hal_rcc.o
 .debug_line    0x0000303d      0x508 Drivers\STM32L0xx_HAL_Driver\Src\stm32l0xx_hal_rcc_ex.o
 .debug_line    0x00003545      0x583 Drivers\STM32L0xx_HAL_Driver\Src\stm32l0xx_hal_rtc.o
 .debug_line    0x00003ac8      0x8b6 Drivers\STM32L0xx_HAL_Driver\Src\stm32l0xx_hal_rtc_ex.o
 .debug_line    0x0000437e      0xa21 Drivers\STM32L0xx_HAL_Driver\Src\stm32l0xx_hal_spi.o
 .debug_line    0x00004d9f      0xc79 Drivers\STM32L0xx_HAL_Driver\Src\stm32l0xx_hal_uart.o
 .debug_line    0x00005a18      0x446 Middlewares\Third_Party\Lora\Core\lora.o
 .debug_line    0x00005e5e      0x157 Middlewares\Third_Party\Lora\Utilities\delay.o
 .debug_line    0x00005fb5      0x209 Middlewares\Third_Party\Lora\Utilities\low_power.o
 .debug_line    0x000061be      0x35f Middlewares\Third_Party\Lora\Utilities\timeServer.o
 .debug_line    0x0000651d      0x1ba Middlewares\Third_Party\Lora\Utilities\utilities.o
 .debug_line    0x000066d7      0x1ba src\debug.o
 .debug_line    0x00006891      0x25c src\gps.o
 .debug_line    0x00006aed      0x24b src\hw_gpio.o
 .debug_line    0x00006d38      0x435 src\hw_rtc.o
 .debug_line    0x0000716d      0x289 src\hw_spi.o
 .debug_line    0x000073f6      0x4a5 src\main.o
 .debug_line    0x0000789b       0x7f src\startup_stm32l072xx.o
 .debug_line    0x0000791a      0x282 src\stm32l0xx_hal_msp.o
 .debug_line    0x00007b9c      0x3f1 src\stm32l0xx_hw.o
 .debug_line    0x00007f8d      0x31b src\stm32l0xx_it.o
 .debug_line    0x000082a8      0x1c7 src\system_stm32l0xx.o
 .debug_line    0x0000846f      0x3c2 src\vcom.o

.debug_str      0x00000000     0x5c3f
 .debug_str     0x00000000      0x63f Drivers\BSP\B-L072Z-LRWAN1\b-l072z-lrwan1.o
                                0x6b9 (size before relaxing)
 .debug_str     0x0000063f      0x71c Drivers\BSP\MLM32L07X01\Phy\sx1276.o
                                0x9e1 (size before relaxing)
 .debug_str     0x00000d5b      0x145 Drivers\BSP\MLM32L07X01\mlm32l07x01.o
                                0x784 (size before relaxing)
 .debug_str     0x00000ea0      0x38a Drivers\STM32L0xx_HAL_Driver\Src\stm32l0xx_hal.o
                                0x783 (size before relaxing)
 .debug_str     0x0000122a      0x69b Drivers\STM32L0xx_HAL_Driver\Src\stm32l0xx_hal_adc.o
                                0x932 (size before relaxing)
 .debug_str     0x000018c5      0x148 Drivers\STM32L0xx_HAL_Driver\Src\stm32l0xx_hal_adc_ex.o
                                0x714 (size before relaxing)