Archive member included to satisfy reference by file (symbol)

c:/program files (x86)/atollic/truestudio for arm 8.1.0/armtools/bin/../lib/gcc/arm-atollic-eabi/6.3.1/../../../../arm-atollic-eabi/lib/armv6-m\libc_nano.a(lib_a-init.o)
                              src\startup_stm32l072xx.o (__libc_init_array)
c:/program files (x86)/atollic/truestudio for arm 8.1.0/armtools/bin/../lib/gcc/arm-atollic-eabi/6.3.1/../../../../arm-atollic-eabi/lib/armv6-m\libc_nano.a(lib_a-memcpy-stub.o)
                              Middlewares\Third_Party\Lora\Mac\region\RegionAS923.o (memcpy)
c:/program files (x86)/atollic/truestudio for arm 8.1.0/armtools/bin/../lib/gcc/arm-atollic-eabi/6.3.1/../../../../arm-atollic-eabi/lib/armv6-m\libc_nano.a(lib_a-memset.o)
                              Drivers\BSP\MLM32L07X01\Phy\sx1276.o (memset)
c:/program files (x86)/atollic/truestudio for arm 8.1.0/armtools/bin/../lib/gcc/arm-atollic-eabi/6.3.1/../../../../arm-atollic-eabi/lib/armv6-m\libc_nano.a(lib_a-strcpy.o)
                              src\main.o (strcpy)
c:/program files (x86)/atollic/truestudio for arm 8.1.0/armtools/bin/../lib/gcc/arm-atollic-eabi/6.3.1/../../../../arm-atollic-eabi/lib/armv6-m\libc_nano.a(lib_a-strlen.o)
                              src\tiny_printf.o (strlen)
c:/program files (x86)/atollic/truestudio for arm 8.1.0/armtools/bin/../lib/gcc/arm-atollic-eabi/6.3.1/../../../../arm-atollic-eabi/lib/armv6-m\libc_nano.a(lib_a-strncmp.o)
                              src\main.o (strncmp)
c:/program files (x86)/atollic/truestudio for arm 8.1.0/armtools/bin/../lib/gcc/arm-atollic-eabi/6.3.1/../../../../arm-atollic-eabi/lib/armv6-m\libc_nano.a(lib_a-vsprintf.o)
                              src\vcom.o (vsprintf)
c:/program files (x86)/atollic/truestudio for arm 8.1.0/armtools/bin/../lib/gcc/arm-atollic-eabi/6.3.1/../../../../arm-atollic-eabi/lib/armv6-m\libc_nano.a(lib_a-impure.o)
                              c:/program files (x86)/atollic/truestudio for arm 8.1.0/armtools/bin/../lib/gcc/arm-atollic-eabi/6.3.1/../../../../arm-atollic-eabi/lib/armv6-m\libc_nano.a(lib_a-vsprintf.o) (_impure_ptr)
c:/program files (x86)/atollic/truestudio for arm 8.1.0/armtools/bin/../lib/gcc/arm-atollic-eabi/6.3.1/../../../../arm-atollic-eabi/lib/armv6-m\libc_nano.a(lib_a-nano-svfprintf.o)
                              c:/program files (x86)/atollic/truestudio for arm 8.1.0/armtools/bin/../lib/gcc/arm-atollic-eabi/6.3.1/../../../../arm-atollic-eabi/lib/armv6-m\libc_nano.a(lib_a-vsprintf.o) (_svfprintf_r)
c:/program files (x86)/atollic/truestudio for arm 8.1.0/armtools/bin/../lib/gcc/arm-atollic-eabi/6.3.1/../../../../arm-atollic-eabi/lib/armv6-m\libc_nano.a(lib_a-nano-vfprintf_i.o)
                              c:/program files (x86)/atollic/truestudio for arm 8.1.0/armtools/bin/../lib/gcc/arm-atollic-eabi/6.3.1/../../../../arm-atollic-eabi/lib/armv6-m\libc_nano.a(lib_a-nano-svfprintf.o) (_printf_i)
c:/program files (x86)/atollic/truestudio for arm 8.1.0/armtools/bin/../lib/gcc/arm-atollic-eabi/6.3.1/../../../../arm-atollic-eabi/lib/armv6-m\libc_nano.a(lib_a-memchr-stub.o)
                              c:/program files (x86)/atollic/truestudio for arm 8.1.0/armtools/bin/../lib/gcc/arm-atollic-eabi/6.3.1/../../../../arm-atollic-eabi/lib/armv6-m\libc_nano.a(lib_a-nano-svfprintf.o) (memchr)
c:/program files (x86)/atollic/truestudio for arm 8.1.0/armtools/bin/../lib/gcc/arm-atollic-eabi/6.3.1/../../../../arm-atollic-eabi/lib/armv6-m\libc_nano.a(lib_a-memmove.o)
                              c:/program files (x86)/atollic/truestudio for arm 8.1.0/armtools/bin/../lib/gcc/arm-atollic-eabi/6.3.1/../../../../arm-atollic-eabi/lib/armv6-m\libc_nano.a(lib_a-nano-svfprintf.o) (memmove)
c:/program files (x86)/atollic/truestudio for arm 8.1.0/armtools/bin/../lib/gcc/arm-atollic-eabi/6.3.1/../../../../arm-atollic-eabi/lib/armv6-m\libc_nano.a(lib_a-nano-freer.o)
                              c:/program files (x86)/atollic/truestudio for arm 8.1.0/armtools/bin/../lib/gcc/arm-atollic-eabi/6.3.1/../../../../arm-atollic-eabi/lib/armv6-m\libc_nano.a(lib_a-nano-svfprintf.o) (_free_r)
c:/program files (x86)/atollic/truestudio for arm 8.1.0/armtools/bin/../lib/gcc/arm-atollic-eabi/6.3.1/../../../../arm-atollic-eabi/lib/armv6-m\libc_nano.a(lib_a-nano-mallocr.o)
                              c:/program files (x86)/atollic/truestudio for arm 8.1.0/armtools/bin/../lib/gcc/arm-atollic-eabi/6.3.1/../../../../arm-atollic-eabi/lib/armv6-m\libc_nano.a(lib_a-nano-svfprintf.o) (_malloc_r)
c:/program files (x86)/atollic/truestudio for arm 8.1.0/armtools/bin/../lib/gcc/arm-atollic-eabi/6.3.1/../../../../arm-atollic-eabi/lib/armv6-m\libc_nano.a(lib_a-nano-reallocr.o)
                              c:/program files (x86)/atollic/truestudio for arm 8.1.0/armtools/bin/../lib/gcc/arm-atollic-eabi/6.3.1/../../../../arm-atollic-eabi/lib/armv6-m\libc_nano.a(lib_a-nano-svfprintf.o) (_realloc_r)
[...]
Memory Configuration

Name             Origin             Length             Attributes
FLASH            0x08000000         0x00030000         xr
RAM              0x20000000         0x00005000         xrw
MEMORY_B1        0x60000000         0x00000000         xr
*default*        0x00000000         0xffffffff

Linker script and memory map

LOAD c:/program files (x86)/atollic/truestudio for arm 8.1.0/armtools/bin/../lib/gcc/arm-atollic-eabi/6.3.1/armv6-m/crti.o
LOAD c:/program files (x86)/atollic/truestudio for arm 8.1.0/armtools/bin/../lib/gcc/arm-atollic-eabi/6.3.1/armv6-m/crtbegin.o
LOAD Drivers\BSP\B-L072Z-LRWAN1\b-l072z-lrwan1.o
LOAD Drivers\BSP\MLM32L07X01\Phy\sx1276.o
LOAD Drivers\BSP\MLM32L07X01\mlm32l07x01.o
LOAD Drivers\STM32L0xx_HAL_Driver\Src\stm32l0xx_hal.o
LOAD Drivers\STM32L0xx_HAL_Driver\Src\stm32l0xx_hal_adc.o
LOAD Drivers\STM32L0xx_HAL_Driver\Src\stm32l0xx_hal_adc_ex.o
LOAD Drivers\STM32L0xx_HAL_Driver\Src\stm32l0xx_hal_comp.o
LOAD Drivers\STM32L0xx_HAL_Driver\Src\stm32l0xx_hal_comp_ex.o
LOAD Drivers\STM32L0xx_HAL_Driver\Src\stm32l0xx_hal_cortex.o
LOAD Drivers\STM32L0xx_HAL_Driver\Src\stm32l0xx_hal_crc.o
LOAD Drivers\STM32L0xx_HAL_Driver\Src\stm32l0xx_hal_crc_ex.o
LOAD Drivers\STM32L0xx_HAL_Driver\Src\stm32l0xx_hal_cryp.o
LOAD Drivers\STM32L0xx_HAL_Driver\Src\stm32l0xx_hal_cryp_ex.o
LOAD Drivers\STM32L0xx_HAL_Driver\Src\stm32l0xx_hal_dac.o
LOAD Drivers\STM32L0xx_HAL_Driver\Src\stm32l0xx_hal_dac_ex.o
LOAD Drivers\STM32L0xx_HAL_Driver\Src\stm32l0xx_hal_dma.o
LOAD Drivers\STM32L0xx_HAL_Driver\Src\stm32l0xx_hal_firewall.o
LOAD Drivers\STM32L0xx_HAL_Driver\Src\stm32l0xx_hal_flash.o
LOAD Drivers\STM32L0xx_HAL_Driver\Src\stm32l0xx_hal_flash_ex.o
LOAD Drivers\STM32L0xx_HAL_Driver\Src\stm32l0xx_hal_flash_ramfunc.o
LOAD Drivers\STM32L0xx_HAL_Driver\Src\stm32l0xx_hal_gpio.o
LOAD Drivers\STM32L0xx_HAL_Driver\Src\stm32l0xx_hal_i2c.o
LOAD Drivers\STM32L0xx_HAL_Driver\Src\stm32l0xx_hal_i2c_ex.o
LOAD Drivers\STM32L0xx_HAL_Driver\Src\stm32l0xx_hal_i2s.o
LOAD Drivers\STM32L0xx_HAL_Driver\Src\stm32l0xx_hal_irda.o
LOAD Drivers\STM32L0xx_HAL_Driver\Src\stm32l0xx_hal_iwdg.o
LOAD Drivers\STM32L0xx_HAL_Driver\Src\stm32l0xx_hal_lcd.o
LOAD Drivers\STM32L0xx_HAL_Driver\Src\stm32l0xx_hal_lptim.o
LOAD Drivers\STM32L0xx_HAL_Driver\Src\stm32l0xx_hal_pcd.o
LOAD Drivers\STM32L0xx_HAL_Driver\Src\stm32l0xx_hal_pcd_ex.o
LOAD Drivers\STM32L0xx_HAL_Driver\Src\stm32l0xx_hal_pwr.o
LOAD Drivers\STM32L0xx_HAL_Driver\Src\stm32l0xx_hal_pwr_ex.o
LOAD Drivers\STM32L0xx_HAL_Driver\Src\stm32l0xx_hal_rcc.o
LOAD Drivers\STM32L0xx_HAL_Driver\Src\stm32l0xx_hal_rcc_ex.o
LOAD Drivers\STM32L0xx_HAL_Driver\Src\stm32l0xx_hal_rng.o
LOAD Drivers\STM32L0xx_HAL_Driver\Src\stm32l0xx_hal_rtc.o
LOAD Drivers\STM32L0xx_HAL_Driver\Src\stm32l0xx_hal_rtc_ex.o
LOAD Drivers\STM32L0xx_HAL_Driver\Src\stm32l0xx_hal_smartcard.o
LOAD Drivers\STM32L0xx_HAL_Driver\Src\stm32l0xx_hal_smartcard_ex.o
LOAD Drivers\STM32L0xx_HAL_Driver\Src\stm32l0xx_hal_smbus.o
LOAD Drivers\STM32L0xx_HAL_Driver\Src\stm32l0xx_hal_spi.o
LOAD Drivers\STM32L0xx_HAL_Driver\Src\stm32l0xx_hal_tim.o
LOAD Drivers\STM32L0xx_HAL_Driver\Src\stm32l0xx_hal_tim_ex.o
LOAD Drivers\STM32L0xx_HAL_Driver\Src\stm32l0xx_hal_tsc.o
LOAD Drivers\STM32L0xx_HAL_Driver\Src\stm32l0xx_hal_uart.o
LOAD Drivers\STM32L0xx_HAL_Driver\Src\stm32l0xx_hal_uart_ex.o
LOAD Drivers\STM32L0xx_HAL_Driver\Src\stm32l0xx_hal_usart.o
LOAD Drivers\STM32L0xx_HAL_Driver\Src\stm32l0xx_hal_wwdg.o
LOAD Middlewares\Third_Party\Lora\Core\lora.o
LOAD Middlewares\Third_Party\Lora\Crypto\aes.o
LOAD Middlewares\Third_Party\Lora\Crypto\cmac.o
LOAD Middlewares\Third_Party\Lora\Mac\LoRaMac.o
LOAD Middlewares\Third_Party\Lora\Mac\LoRaMacCrypto.o
LOAD Middlewares\Third_Party\Lora\Mac\region\Region.o
LOAD Middlewares\Third_Party\Lora\Mac\region\RegionAS923.o
LOAD Middlewares\Third_Party\Lora\Mac\region\RegionAU915.o
LOAD Middlewares\Third_Party\Lora\Mac\region\RegionCN470.o
LOAD Middlewares\Third_Party\Lora\Mac\region\RegionCN779.o
LOAD Middlewares\Third_Party\Lora\Mac\region\RegionCommon.o
LOAD Middlewares\Third_Party\Lora\Mac\region\RegionEU433.o
LOAD Middlewares\Third_Party\Lora\Mac\region\RegionEU868.o
LOAD Middlewares\Third_Party\Lora\Mac\region\RegionIN865.o
LOAD Middlewares\Third_Party\Lora\Mac\region\RegionKR920.o
LOAD Middlewares\Third_Party\Lora\Mac\region\RegionUS915-Hybrid.o
LOAD Middlewares\Third_Party\Lora\Mac\region\RegionUS915.o
LOAD Middlewares\Third_Party\Lora\Utilities\delay.o
LOAD Middlewares\Third_Party\Lora\Utilities\low_power.o
LOAD Middlewares\Third_Party\Lora\Utilities\timeServer.o
LOAD Middlewares\Third_Party\Lora\Utilities\utilities.o
LOAD src\debug.o
LOAD src\display.o
LOAD src\gps.o
LOAD src\hw_gpio.o
LOAD src\hw_rtc.o
LOAD src\hw_spi.o
LOAD src\main.o
LOAD src\mlm32l0xx_hal_msp.o
LOAD src\mlm32l0xx_hw.o
LOAD src\mlm32l0xx_it.o
LOAD src\startup_stm32l072xx.o
LOAD src\stm32l0xx_hal_msp.o
LOAD src\stm32l0xx_hw.o
LOAD src\stm32l0xx_it.o
LOAD src\system_stm32l0xx.o
LOAD src\tiny_printf.o
LOAD src\uart.o
LOAD src\vcom.o
                0x00000080                malloc_getpagesize_P = 0x80
START GROUP
LOAD c:/program files (x86)/atollic/truestudio for arm 8.1.0/armtools/bin/../lib/gcc/arm-atollic-eabi/6.3.1/../../../../arm-atollic-eabi/lib/armv6-m\libc_nano.a
LOAD c:/program files (x86)/atollic/truestudio for arm 8.1.0/armtools/bin/../lib/gcc/arm-atollic-eabi/6.3.1/../../../../arm-atollic-eabi/lib/armv6-m\libm.a
END GROUP
START GROUP
LOAD c:/program files (x86)/atollic/truestudio for arm 8.1.0/armtools/bin/../lib/gcc/arm-atollic-eabi/6.3.1/armv6-m\libgcc.a
LOAD c:/program files (x86)/atollic/truestudio for arm 8.1.0/armtools/bin/../lib/gcc/arm-atollic-eabi/6.3.1/../../../../arm-atollic-eabi/lib/armv6-m\libc_nano.a
END GROUP
START GROUP
LOAD c:/program files (x86)/atollic/truestudio for arm 8.1.0/armtools/bin/../lib/gcc/arm-atollic-eabi/6.3.1/armv6-m\libgcc.a
LOAD c:/program files (x86)/atollic/truestudio for arm 8.1.0/armtools/bin/../lib/gcc/arm-atollic-eabi/6.3.1/../../../../arm-atollic-eabi/lib/armv6-m\libc_nano.a
LOAD c:/program files (x86)/atollic/truestudio for arm 8.1.0/armtools/bin/../lib/gcc/arm-atollic-eabi/6.3.1/../../../../arm-atollic-eabi/lib/armv6-m\libnosys.a
END GROUP
START GROUP
LOAD c:/program files (x86)/atollic/truestudio for arm 8.1.0/armtools/bin/../lib/gcc/arm-atollic-eabi/6.3.1/armv6-m\libgcc.a
LOAD c:/program files (x86)/atollic/truestudio for arm 8.1.0/armtools/bin/../lib/gcc/arm-atollic-eabi/6.3.1/../../../../arm-atollic-eabi/lib/armv6-m\libc_nano.a
LOAD c:/program files (x86)/atollic/truestudio for arm 8.1.0/armtools/bin/../lib/gcc/arm-atollic-eabi/6.3.1/../../../../arm-atollic-eabi/lib/armv6-m\libnosys.a
END GROUP
LOAD c:/program files (x86)/atollic/truestudio for arm 8.1.0/armtools/bin/../lib/gcc/arm-atollic-eabi/6.3.1/armv6-m/crtend.o
LOAD c:/program files (x86)/atollic/truestudio for arm 8.1.0/armtools/bin/../lib/gcc/arm-atollic-eabi/6.3.1/armv6-m/crtn.o
                0x20005000                _estack = 0x20005000
                0x00000000                _Min_Heap_Size = 0x0
                0x00000100                _Min_Stack_Size = 0x100

.isr_vector     0x08000000       0xc0
                0x08000000                . = ALIGN (0x4)
 *(.isr_vector)
 .isr_vector    0x08000000       0xc0 src\startup_stm32l072xx.o
                0x08000000                g_pfnVectors
                0x080000c0                . = ALIGN (0x4)

.text           0x080000c0     0xc988
                0x080000c0                . = ALIGN (0x4)
 *(.text)
 .text          0x080000c0       0x48 c:/program files (x86)/atollic/truestudio for arm 8.1.0/armtools/bin/../lib/gcc/arm-atollic-eabi/6.3.1/armv6-m/crtbegin.o
 .text          0x08000108      0x114 c:/program files (x86)/atollic/truestudio for arm 8.1.0/armtools/bin/../lib/gcc/arm-atollic-eabi/6.3.1/armv6-m\libgcc.a(_udivsi3.o)
                0x08000108                __aeabi_uidiv
                0x08000108                __udivsi3
                0x08000214                __aeabi_uidivmod
 .text          0x0800021c      0x1d4 c:/program files (x86)/atollic/truestudio for arm 8.1.0/armtools/bin/../lib/gcc/arm-atollic-eabi/6.3.1/armv6-m\libgcc.a(_divsi3.o)
                0x0800021c                __divsi3
                0x0800021c                __aeabi_idiv
                0x080003e8                __aeabi_idivmod
 .text          0x080003f0        0x4 c:/program files (x86)/atollic/truestudio for arm 8.1.0/armtools/bin/../lib/gcc/arm-atollic-eabi/6.3.1/armv6-m\libgcc.a(_dvmd_tls.o)
                0x080003f0                __aeabi_idiv0
                0x080003f0                __aeabi_ldiv0
 .text          0x080003f4       0x7c c:/program files (x86)/atollic/truestudio for arm 8.1.0/armtools/bin/../lib/gcc/arm-atollic-eabi/6.3.1/armv6-m\libgcc.a(_arm_cmpdf2.o)
                0x080003f4                __aeabi_cdrcmple
                0x08000404                __aeabi_cdcmple
                0x08000404                __aeabi_cdcmpeq
                0x08000414                __aeabi_dcmpeq
                0x08000420                __aeabi_dcmplt
                0x08000434                __aeabi_dcmple
                0x08000448                __aeabi_dcmpgt
                0x0800045c                __aeabi_dcmpge
 .text          0x08000470       0x40 c:/program files (x86)/atollic/truestudio for arm 8.1.0/armtools/bin/../lib/gcc/arm-atollic-eabi/6.3.1/armv6-m\libgcc.a(_aeabi_uldivmod.o)
                0x08000470                __aeabi_uldivmod
 .text          0x080004b0       0x3c c:/program files (x86)/atollic/truestudio for arm 8.1.0/armtools/bin/../lib/gcc/arm-atollic-eabi/6.3.1/armv6-m\libgcc.a(_fixunsdfsi.o)
                0x080004b0                __aeabi_d2uiz
                0x080004b0                __fixunsdfsi
 .text          0x080004ec      0x180 c:/program files (x86)/atollic/truestudio for arm 8.1.0/armtools/bin/../lib/gcc/arm-atollic-eabi/6.3.1/armv6-m\libgcc.a(_udivmoddi4.o)
                0x080004ec                __udivmoddi4
 .text          0x0800066c      0x620 c:/program files (x86)/atollic/truestudio for arm 8.1.0/armtools/bin/../lib/gcc/arm-atollic-eabi/6.3.1/armv6-m\libgcc.a(adddf3.o)
                0x0800066c                __aeabi_dadd
 .text          0x08000c8c      0x668 c:/program files (x86)/atollic/truestudio for arm 8.1.0/armtools/bin/../lib/gcc/arm-atollic-eabi/6.3.1/armv6-m\libgcc.a(divdf3.o)
                0x08000c8c                __aeabi_ddiv
 .text          0x080012f4       0x74 c:/program files (x86)/atollic/truestudio for arm 8.1.0/armtools/bin/../lib/gcc/arm-atollic-eabi/6.3.1/armv6-m\libgcc.a(eqdf2.o)
                0x080012f4                __nedf2
                0x080012f4                __eqdf2
 .text          0x08001368       0xc8 c:/program files (x86)/atollic/truestudio for arm 8.1.0/armtools/bin/../lib/gcc/arm-atollic-eabi/6.3.1/armv6-m\libgcc.a(gedf2.o)
                0x08001368                __gedf2
                0x08001368                __gtdf2
 .text          0x08001430       0xc4 c:/program files (x86)/atollic/truestudio for arm 8.1.0/armtools/bin/../lib/gcc/arm-atollic-eabi/6.3.1/armv6-m\libgcc.a(ledf2.o)
                0x08001430                __ledf2
                0x08001430                __ltdf2
 .text          0x080014f4      0x500 c:/program files (x86)/atollic/truestudio for arm 8.1.0/armtools/bin/../lib/gcc/arm-atollic-eabi/6.3.1/armv6-m\libgcc.a(muldf3.o)
                0x080014f4                __aeabi_dmul
 .text          0x080019f4      0x62c c:/program files (x86)/atollic/truestudio for arm 8.1.0/armtools/bin/../lib/gcc/arm-atollic-eabi/6.3.1/armv6-m\libgcc.a(subdf3.o)
                0x080019f4                __aeabi_dsub
 .text          0x08002020       0x68 c:/program files (x86)/atollic/truestudio for arm 8.1.0/armtools/bin/../lib/gcc/arm-atollic-eabi/6.3.1/armv6-m\libgcc.a(fixdfsi.o)
                0x08002020                __aeabi_d2iz
 .text          0x08002088       0x84 c:/program files (x86)/atollic/truestudio for arm 8.1.0/armtools/bin/../lib/gcc/arm-atollic-eabi/6.3.1/armv6-m\libgcc.a(floatsidf.o)
                0x08002088                __aeabi_i2d
 .text          0x0800210c       0x70 c:/program files (x86)/atollic/truestudio for arm 8.1.0/armtools/bin/../lib/gcc/arm-atollic-eabi/6.3.1/armv6-m\libgcc.a(floatunsidf.o)
                0x0800210c                __aeabi_ui2d
 .text          0x0800217c       0x3c c:/program files (x86)/atollic/truestudio for arm 8.1.0/armtools/bin/../lib/gcc/arm-atollic-eabi/6.3.1/armv6-m\libgcc.a(_clzsi2.o)
                0x0800217c                __clzsi2
 .text          0x080021b8       0x18 c:/program files (x86)/atollic/truestudio for arm 8.1.0/armtools/bin/../lib/gcc/arm-atollic-eabi/6.3.1/armv6-m\libgcc.a(_clzdi2.o)
                0x080021b8                __clzdi2
 *(.text*)
 .text.BSP_LED_On
                0x080021d0       0x38 Drivers\BSP\B-L072Z-LRWAN1\b-l072z-lrwan1.o
                0x080021d0                BSP_LED_On
 .text.BSP_LED_Off
                0x08002208       0x38 Drivers\BSP\B-L072Z-LRWAN1\b-l072z-lrwan1.o
                0x08002208                BSP_LED_Off
 .text.BSP_LED_Toggle
                0x08002240       0x38 Drivers\BSP\B-L072Z-LRWAN1\b-l072z-lrwan1.o
                0x08002240                BSP_LED_Toggle
 .text.SX1276Init
                0x08002278       0xf4 Drivers\BSP\MLM32L07X01\Phy\sx1276.o
                0x08002278                SX1276Init
 .text.SX1276GetStatus
                0x0800236c       0x14 Drivers\BSP\MLM32L07X01\Phy\sx1276.o
                0x0800236c                SX1276GetStatus
 .text.SX1276SetChannel
                0x08002380       0x80 Drivers\BSP\MLM32L07X01\Phy\sx1276.o
                0x08002380                SX1276SetChannel
 .text.SX1276IsChannelFree
                0x08002400       0x72 Drivers\BSP\MLM32L07X01\Phy\sx1276.o
                0x08002400                SX1276IsChannelFree
 .text.SX1276Random
                0x08002472       0x68 Drivers\BSP\MLM32L07X01\Phy\sx1276.o
                0x08002472                SX1276Random
 *fill*         0x080024da        0x2 
 .text.RxChainCalibration
                0x080024dc       0xe8 Drivers\BSP\MLM32L07X01\Phy\sx1276.o
 .text.GetFskBandwidthRegValue
                0x080025c4       0x70 Drivers\BSP\MLM32L07X01\Phy\sx1276.o
 .text.SX1276SetRxConfig
                0x08002634      0x448 Drivers\BSP\MLM32L07X01\Phy\sx1276.o
                0x08002634                SX1276SetRxConfig
 .text.SX1276SetTxConfig
                0x08002a7c      0x3a0 Drivers\BSP\MLM32L07X01\Phy\sx1276.o
                0x08002a7c                SX1276SetTxConfig
 .text.SX1276GetTimeOnAir
                0x08002e1c      0x320 Drivers\BSP\MLM32L07X01\Phy\sx1276.o
                0x08002e1c                SX1276GetTimeOnAir
 .text.SX1276Send
                0x0800313c      0x180 Drivers\BSP\MLM32L07X01\Phy\sx1276.o
                0x0800313c                SX1276Send
 .text.SX1276SetSleep
                0x080032bc       0x34 Drivers\BSP\MLM32L07X01\Phy\sx1276.o
                0x080032bc                SX1276SetSleep
 .text.SX1276SetStby
                0x080032f0       0x34 Drivers\BSP\MLM32L07X01\Phy\sx1276.o
                0x080032f0                SX1276SetStby
 .text.SX1276SetRx
                0x08003324      0x3d0 Drivers\BSP\MLM32L07X01\Phy\sx1276.o
                0x08003324                SX1276SetRx
 .text.SX1276SetTx
                0x080036f4       0xf4 Drivers\BSP\MLM32L07X01\Phy\sx1276.o
                0x080036f4                SX1276SetTx
 .text.SX1276StartCad
                0x080037e8       0x50 Drivers\BSP\MLM32L07X01\Phy\sx1276.o
                0x080037e8                SX1276StartCad
 .text.SX1276SetTxContinuousWave
                0x08003838       0xd8 Drivers\BSP\MLM32L07X01\Phy\sx1276.o
                0x08003838                SX1276SetTxContinuousWave
 .text.SX1276ReadRssi
                0x08003910       0x98 Drivers\BSP\MLM32L07X01\Phy\sx1276.o
                0x08003910                SX1276ReadRssi
 .text.SX1276Reset
                0x080039a8       0x68 Drivers\BSP\MLM32L07X01\Phy\sx1276.o
                0x080039a8                SX1276Reset
 .text.SX1276SetOpMode
                0x08003a10       0x58 Drivers\BSP\MLM32L07X01\Phy\sx1276.o
                0x08003a10                SX1276SetOpMode
 .text.SX1276SetModem
                0x08003a68       0x98 Drivers\BSP\MLM32L07X01\Phy\sx1276.o
                0x08003a68                SX1276SetModem
 .text.SX1276SetSyncWord
                0x08003b00       0x26 Drivers\BSP\MLM32L07X01\Phy\sx1276.o
                0x08003b00                SX1276SetSyncWord
 .text.SX1276Write
                0x08003b26       0x28 Drivers\BSP\MLM32L07X01\Phy\sx1276.o
                0x08003b26                SX1276Write
 .text.SX1276Read
                0x08003b4e       0x2a Drivers\BSP\MLM32L07X01\Phy\sx1276.o
                0x08003b4e                SX1276Read
 .text.SX1276WriteBuffer
                0x08003b78       0x8c Drivers\BSP\MLM32L07X01\Phy\sx1276.o
                0x08003b78                SX1276WriteBuffer
 .text.SX1276ReadBuffer
                0x08003c04       0x8c Drivers\BSP\MLM32L07X01\Phy\sx1276.o
                0x08003c04                SX1276ReadBuffer
 .text.SX1276WriteFifo
                0x08003c90       0x24 Drivers\BSP\MLM32L07X01\Phy\sx1276.o
                0x08003c90                SX1276WriteFifo
 .text.SX1276ReadFifo
                0x08003cb4       0x24 Drivers\BSP\MLM32L07X01\Phy\sx1276.o
                0x08003cb4                SX1276ReadFifo
 .text.SX1276SetMaxPayloadLength
                0x08003cd8       0x64 Drivers\BSP\MLM32L07X01\Phy\sx1276.o
                0x08003cd8                SX1276SetMaxPayloadLength
 .text.SX1276OnTimeoutIrq
                0x08003d3c       0xd8 Drivers\BSP\MLM32L07X01\Phy\sx1276.o
                0x08003d3c                SX1276OnTimeoutIrq
 .text.SX1276OnDio0Irq
                0x08003e14      0x478 Drivers\BSP\MLM32L07X01\Phy\sx1276.o
                0x08003e14                SX1276OnDio0Irq
 .text.SX1276OnDio1Irq
                0x0800428c      0x1a0 Drivers\BSP\MLM32L07X01\Phy\sx1276.o
                0x0800428c                SX1276OnDio1Irq
 .text.SX1276OnDio2Irq
                0x0800442c      0x17c Drivers\BSP\MLM32L07X01\Phy\sx1276.o
                0x0800442c                SX1276OnDio2Irq
 .text.SX1276OnDio3Irq
                0x080045a8       0x84 Drivers\BSP\MLM32L07X01\Phy\sx1276.o
                0x080045a8                SX1276OnDio3Irq
 .text.SX1276OnDio4Irq
                0x0800462c       0x38 Drivers\BSP\MLM32L07X01\Phy\sx1276.o
                0x0800462c                SX1276OnDio4Irq
 .text.SX1276IoInit
                0x08004664       0x88 Drivers\BSP\MLM32L07X01\mlm32l07x01.o
                0x08004664                SX1276IoInit
 .text.SX1276IoIrqInit
                0x080046ec       0x5c Drivers\BSP\MLM32L07X01\mlm32l07x01.o
                0x080046ec                SX1276IoIrqInit
 .text.SX1276IoDeInit
                0x08004748       0x68 Drivers\BSP\MLM32L07X01\mlm32l07x01.o
                0x08004748                SX1276IoDeInit
 .text.SX1276SetRfTxPower
                0x080047b0      0x1c4 Drivers\BSP\MLM32L07X01\mlm32l07x01.o
                0x080047b0                SX1276SetRfTxPower
 .text.SX1276GetPaSelect
                0x08004974       0x12 Drivers\BSP\MLM32L07X01\mlm32l07x01.o
                0x08004974                SX1276GetPaSelect
 *fill*         0x08004986        0x2 
 .text.SX1276SetAntSwLowPower
                0x08004988       0x88 Drivers\BSP\MLM32L07X01\mlm32l07x01.o
                0x08004988                SX1276SetAntSwLowPower
 .text.SX1276AntSwInit
                0x08004a10       0x80 Drivers\BSP\MLM32L07X01\mlm32l07x01.o
 .text.SX1276AntSwDeInit
                0x08004a90       0x80 Drivers\BSP\MLM32L07X01\mlm32l07x01.o
 .text.SX1276SetAntSw
                0x08004b10       0x78 Drivers\BSP\MLM32L07X01\mlm32l07x01.o
                0x08004b10                SX1276SetAntSw
 .text.OnTcxoStopTimerEvent
                0x08004b88       0x28 Drivers\BSP\MLM32L07X01\mlm32l07x01.o
 .text.SX1276CheckRfFrequency
                0x08004bb0       0x12 Drivers\BSP\MLM32L07X01\mlm32l07x01.o
                0x08004bb0                SX1276CheckRfFrequency
 *fill*         0x08004bc2        0x2 
 .text.HAL_Init
                0x08004bc4       0x28 Drivers\STM32L0xx_HAL_Driver\Src\stm32l0xx_hal.o
                0x08004bc4                HAL_Init
 .text.HAL_IncTick
                0x08004bec       0x18 Drivers\STM32L0xx_HAL_Driver\Src\stm32l0xx_hal.o
                0x08004bec                HAL_IncTick
 .text.HAL_GetTick
                0x08004c04       0x14 Drivers\STM32L0xx_HAL_Driver\Src\stm32l0xx_hal.o
                0x08004c04                HAL_GetTick
 .text.HAL_DBGMCU_DisableDBGSleepMode
                0x08004c18       0x1c Drivers\STM32L0xx_HAL_Driver\Src\stm32l0xx_hal.o
                0x08004c18                HAL_DBGMCU_DisableDBGSleepMode
 .text.HAL_DBGMCU_DisableDBGStopMode
                0x08004c34       0x1c Drivers\STM32L0xx_HAL_Driver\Src\stm32l0xx_hal.o
                0x08004c34                HAL_DBGMCU_DisableDBGStopMode
 .text.HAL_DBGMCU_DisableDBGStandbyMode
                0x08004c50       0x1c Drivers\STM32L0xx_HAL_Driver\Src\stm32l0xx_hal.o
                0x08004c50                HAL_DBGMCU_DisableDBGStandbyMode
 .text.HAL_ADC_Init
                0x08004c6c      0x2dc Drivers\STM32L0xx_HAL_Driver\Src\stm32l0xx_hal_adc.o
                0x08004c6c                HAL_ADC_Init
 .text.HAL_ADC_MspInit
                0x08004f48       0x10 Drivers\STM32L0xx_HAL_Driver\Src\stm32l0xx_hal_adc.o
                0x08004f48                HAL_ADC_MspInit
 .text.HAL_ADC_Start
                0x08004f58       0xa8 Drivers\STM32L0xx_HAL_Driver\Src\stm32l0xx_hal_adc.o
                0x08004f58                HAL_ADC_Start
 .text.HAL_ADC_PollForConversion
                0x08005000      0x128 Drivers\STM32L0xx_HAL_Driver\Src\stm32l0xx_hal_adc.o
                0x08005000                HAL_ADC_PollForConversion
 .text.HAL_ADC_GetValue
                0x08005128       0x16 Drivers\STM32L0xx_HAL_Driver\Src\stm32l0xx_hal_adc.o
                0x08005128                HAL_ADC_GetValue
 *fill*         0x0800513e        0x2 
 .text.HAL_ADC_ConfigChannel
                0x08005140      0x10c Drivers\STM32L0xx_HAL_Driver\Src\stm32l0xx_hal_adc.o
                0x08005140                HAL_ADC_ConfigChannel
 .text.ADC_Enable
                0x0800524c       0xc0 Drivers\STM32L0xx_HAL_Driver\Src\stm32l0xx_hal_adc.o
 .text.ADC_DelayMicroSecond
                0x0800530c       0x3c Drivers\STM32L0xx_HAL_Driver\Src\stm32l0xx_hal_adc.o
 .text.HAL_ADCEx_Calibration_Start
                0x08005348      0x124 Drivers\STM32L0xx_HAL_Driver\Src\stm32l0xx_hal_adc_ex.o
                0x08005348                HAL_ADCEx_Calibration_Start
 .text.NVIC_EnableIRQ
                0x0800546c       0x2c Drivers\STM32L0xx_HAL_Driver\Src\stm32l0xx_hal_cortex.o
 .text.NVIC_GetPendingIRQ
                0x08005498       0x3c Drivers\STM32L0xx_HAL_Driver\Src\stm32l0xx_hal_cortex.o
 .text.NVIC_SetPendingIRQ
                0x080054d4       0x34 Drivers\STM32L0xx_HAL_Driver\Src\stm32l0xx_hal_cortex.o
 .text.NVIC_ClearPendingIRQ
                0x08005508       0x34 Drivers\STM32L0xx_HAL_Driver\Src\stm32l0xx_hal_cortex.o
 .text.NVIC_SetPriority
                0x0800553c       0xdc Drivers\STM32L0xx_HAL_Driver\Src\stm32l0xx_hal_cortex.o
 .text.HAL_NVIC_SetPriority
                0x08005618       0x2c Drivers\STM32L0xx_HAL_Driver\Src\stm32l0xx_hal_cortex.o
                0x08005618                HAL_NVIC_SetPriority
 .text.HAL_NVIC_EnableIRQ
                0x08005644       0x20 Drivers\STM32L0xx_HAL_Driver\Src\stm32l0xx_hal_cortex.o
                0x08005644                HAL_NVIC_EnableIRQ
 .text.HAL_NVIC_SetPendingIRQ
                0x08005664       0x20 Drivers\STM32L0xx_HAL_Driver\Src\stm32l0xx_hal_cortex.o
                0x08005664                HAL_NVIC_SetPendingIRQ
 .text.HAL_NVIC_GetPendingIRQ
                0x08005684       0x22 Drivers\STM32L0xx_HAL_Driver\Src\stm32l0xx_hal_cortex.o
                0x08005684                HAL_NVIC_GetPendingIRQ
 .text.HAL_NVIC_ClearPendingIRQ
                0x080056a6       0x20 Drivers\STM32L0xx_HAL_Driver\Src\stm32l0xx_hal_cortex.o
                0x080056a6                HAL_NVIC_ClearPendingIRQ
 *fill*         0x080056c6        0x2 
 .text.HAL_GPIO_Init
                0x080056c8      0x2fc Drivers\STM32L0xx_HAL_Driver\Src\stm32l0xx_hal_gpio.o
                0x080056c8                HAL_GPIO_Init
 .text.HAL_GPIO_WritePin
                0x080059c4       0x3a Drivers\STM32L0xx_HAL_Driver\Src\stm32l0xx_hal_gpio.o
                0x080059c4                HAL_GPIO_WritePin
 .text.HAL_GPIO_TogglePin
                0x080059fe       0x24 Drivers\STM32L0xx_HAL_Driver\Src\stm32l0xx_hal_gpio.o
                0x080059fe                HAL_GPIO_TogglePin
 *fill*         0x08005a22        0x2 
 .text.HAL_GPIO_EXTI_IRQHandler
                0x08005a24       0x38 Drivers\STM32L0xx_HAL_Driver\Src\stm32l0xx_hal_gpio.o
                0x08005a24                HAL_GPIO_EXTI_IRQHandler
 .text.HAL_PWR_DisablePVD
                0x08005a5c       0x1c Drivers\STM32L0xx_HAL_Driver\Src\stm32l0xx_hal_pwr.o
                0x08005a5c                HAL_PWR_DisablePVD
 .text.HAL_PWR_EnterSLEEPMode
                0x08005a78       0x5c Drivers\STM32L0xx_HAL_Driver\Src\stm32l0xx_hal_pwr.o
                0x08005a78                HAL_PWR_EnterSLEEPMode
 .text.HAL_PWR_EnterSTOPMode
                0x08005ad4       0x68 Drivers\STM32L0xx_HAL_Driver\Src\stm32l0xx_hal_pwr.o
                0x08005ad4                HAL_PWR_EnterSTOPMode
 .text.HAL_PWREx_EnableFastWakeUp
                0x08005b3c       0x1c Drivers\STM32L0xx_HAL_Driver\Src\stm32l0xx_hal_pwr_ex.o
                0x08005b3c                HAL_PWREx_EnableFastWakeUp
 .text.HAL_PWREx_EnableUltraLowPower
                0x08005b58       0x1c Drivers\STM32L0xx_HAL_Driver\Src\stm32l0xx_hal_pwr_ex.o
                0x08005b58                HAL_PWREx_EnableUltraLowPower
 .text.HAL_RCC_OscConfig
                0x08005b74      0x750 Drivers\STM32L0xx_HAL_Driver\Src\stm32l0xx_hal_rcc.o
                0x08005b74                HAL_RCC_OscConfig
 .text.HAL_RCC_ClockConfig
                0x080062c4      0x234 Drivers\STM32L0xx_HAL_Driver\Src\stm32l0xx_hal_rcc.o
                0x080062c4                HAL_RCC_ClockConfig
 .text.HAL_RCC_GetSysClockFreq
                0x080064f8       0xfc Drivers\STM32L0xx_HAL_Driver\Src\stm32l0xx_hal_rcc.o
                0x080064f8                HAL_RCC_GetSysClockFreq
 .text.HAL_RCC_GetHCLKFreq
                0x080065f4       0x14 Drivers\STM32L0xx_HAL_Driver\Src\stm32l0xx_hal_rcc.o
                0x080065f4                HAL_RCC_GetHCLKFreq
 .text.HAL_RCC_GetPCLK1Freq
                0x08006608       0x2c Drivers\STM32L0xx_HAL_Driver\Src\stm32l0xx_hal_rcc.o
                0x08006608                HAL_RCC_GetPCLK1Freq
 .text.HAL_RCC_GetPCLK2Freq
                0x08006634       0x2c Drivers\STM32L0xx_HAL_Driver\Src\stm32l0xx_hal_rcc.o
                0x08006634                HAL_RCC_GetPCLK2Freq
 .text.RCC_SetFlashLatencyFromMSIRange
                0x08006660       0xb0 Drivers\STM32L0xx_HAL_Driver\Src\stm32l0xx_hal_rcc.o
 .text.HAL_RCCEx_PeriphCLKConfig
                0x08006710      0x2a4 Drivers\STM32L0xx_HAL_Driver\Src\stm32l0xx_hal_rcc_ex.o
                0x08006710                HAL_RCCEx_PeriphCLKConfig
 .text.HAL_RCCEx_GetPeriphCLKFreq
                0x080069b4      0x3e0 Drivers\STM32L0xx_HAL_Driver\Src\stm32l0xx_hal_rcc_ex.o
                0x080069b4                HAL_RCCEx_GetPeriphCLKFreq
 .text.HAL_RTC_Init
                0x08006d94      0x108 Drivers\STM32L0xx_HAL_Driver\Src\stm32l0xx_hal_rtc.o
                0x08006d94                HAL_RTC_Init
 .text.HAL_RTC_SetTime
                0x08006e9c      0x19c Drivers\STM32L0xx_HAL_Driver\Src\stm32l0xx_hal_rtc.o
                0x08006e9c                HAL_RTC_SetTime
 .text.HAL_RTC_GetTime
                0x08007038       0xbc Drivers\STM32L0xx_HAL_Driver\Src\stm32l0xx_hal_rtc.o
                0x08007038                HAL_RTC_GetTime
 .text.HAL_RTC_SetDate
                0x080070f4      0x17c Drivers\STM32L0xx_HAL_Driver\Src\stm32l0xx_hal_rtc.o
                0x080070f4                HAL_RTC_SetDate
 .text.HAL_RTC_GetDate
                0x08007270       0xa0 Drivers\STM32L0xx_HAL_Driver\Src\stm32l0xx_hal_rtc.o
                0x08007270                HAL_RTC_GetDate
 .text.HAL_RTC_SetAlarm_IT
                0x08007310      0x2e0 Drivers\STM32L0xx_HAL_Driver\Src\stm32l0xx_hal_rtc.o
                0x08007310                HAL_RTC_SetAlarm_IT
 .text.HAL_RTC_DeactivateAlarm
                0x080075f0      0x144 Drivers\STM32L0xx_HAL_Driver\Src\stm32l0xx_hal_rtc.o
                0x080075f0                HAL_RTC_DeactivateAlarm
 .text.HAL_RTC_GetAlarm
                0x08007734      0x194 Drivers\STM32L0xx_HAL_Driver\Src\stm32l0xx_hal_rtc.o
                0x08007734                HAL_RTC_GetAlarm
 .text.HAL_RTC_AlarmIRQHandler
                0x080078c8       0x9c Drivers\STM32L0xx_HAL_Driver\Src\stm32l0xx_hal_rtc.o
                0x080078c8                HAL_RTC_AlarmIRQHandler
 .text.HAL_RTC_WaitForSynchro
                0x08007964       0x52 Drivers\STM32L0xx_HAL_Driver\Src\stm32l0xx_hal_rtc.o
                0x08007964                HAL_RTC_WaitForSynchro
 .text.RTC_EnterInitMode
                0x080079b6       0x58 Drivers\STM32L0xx_HAL_Driver\Src\stm32l0xx_hal_rtc.o
                0x080079b6                RTC_EnterInitMode
 .text.RTC_ByteToBcd2
                0x08007a0e       0x42 Drivers\STM32L0xx_HAL_Driver\Src\stm32l0xx_hal_rtc.o
                0x08007a0e                RTC_ByteToBcd2
 .text.RTC_Bcd2ToByte
                0x08007a50       0x3e Drivers\STM32L0xx_HAL_Driver\Src\stm32l0xx_hal_rtc.o
                0x08007a50                RTC_Bcd2ToByte
 .text.HAL_RTCEx_EnableBypassShadow
                0x08007a8e       0x68 Drivers\STM32L0xx_HAL_Driver\Src\stm32l0xx_hal_rtc_ex.o
                0x08007a8e                HAL_RTCEx_EnableBypassShadow
 .text.HAL_RTCEx_AlarmBEventCallback
                0x08007af6       0x10 Drivers\STM32L0xx_HAL_Driver\Src\stm32l0xx_hal_rtc_ex.o
                0x08007af6                HAL_RTCEx_AlarmBEventCallback
 *fill*         0x08007b06        0x2 
 .text.HAL_SPI_Init
                0x08007b08       0xd4 Drivers\STM32L0xx_HAL_Driver\Src\stm32l0xx_hal_spi.o
                0x08007b08                HAL_SPI_Init
 .text.HAL_SPI_DeInit
                0x08007bdc       0x52 Drivers\STM32L0xx_HAL_Driver\Src\stm32l0xx_hal_spi.o
                0x08007bdc                HAL_SPI_DeInit
 .text.HAL_SPI_MspInit
                0x08007c2e       0x10 Drivers\STM32L0xx_HAL_Driver\Src\stm32l0xx_hal_spi.o
                0x08007c2e                HAL_SPI_MspInit
 .text.HAL_SPI_MspDeInit
                0x08007c3e       0x10 Drivers\STM32L0xx_HAL_Driver\Src\stm32l0xx_hal_spi.o
                0x08007c3e                HAL_SPI_MspDeInit
 *fill*         0x08007c4e        0x2 
 .text.HAL_SPI_TransmitReceive
                0x08007c50      0x4f0 Drivers\STM32L0xx_HAL_Driver\Src\stm32l0xx_hal_spi.o
                0x08007c50                HAL_SPI_TransmitReceive
 .text.HAL_SPI_IRQHandler
                0x08008140      0x15c Drivers\STM32L0xx_HAL_Driver\Src\stm32l0xx_hal_spi.o
                0x08008140                HAL_SPI_IRQHandler
 .text.HAL_SPI_ErrorCallback
                0x0800829c       0x10 Drivers\STM32L0xx_HAL_Driver\Src\stm32l0xx_hal_spi.o
                0x0800829c                HAL_SPI_ErrorCallback
 .text.HAL_SPI_GetState
                0x080082ac       0x18 Drivers\STM32L0xx_HAL_Driver\Src\stm32l0xx_hal_spi.o
                0x080082ac                HAL_SPI_GetState
 .text.SPI_WaitOnFlagUntilTimeout
                0x080082c4      0x154 Drivers\STM32L0xx_HAL_Driver\Src\stm32l0xx_hal_spi.o
 .text.HAL_UART_Init
                0x08008418       0xb0 Drivers\STM32L0xx_HAL_Driver\Src\stm32l0xx_hal_uart.o
                0x08008418                HAL_UART_Init
 .text.HAL_UART_DeInit
                0x080084c8       0x72 Drivers\STM32L0xx_HAL_Driver\Src\stm32l0xx_hal_uart.o
                0x080084c8                HAL_UART_DeInit
 .text.HAL_UART_Transmit
                0x0800853a      0x142 Drivers\STM32L0xx_HAL_Driver\Src\stm32l0xx_hal_uart.o
                0x0800853a                HAL_UART_Transmit
 .text.UART_SetConfig
                0x0800867c      0x69c Drivers\STM32L0xx_HAL_Driver\Src\stm32l0xx_hal_uart.o
                0x0800867c                UART_SetConfig
 .text.UART_AdvFeatureConfig
                0x08008d18      0x158 Drivers\STM32L0xx_HAL_Driver\Src\stm32l0xx_hal_uart.o
                0x08008d18                UART_AdvFeatureConfig
 .text.UART_CheckIdleState
                0x08008e70       0x94 Drivers\STM32L0xx_HAL_Driver\Src\stm32l0xx_hal_uart.o
                0x08008e70                UART_CheckIdleState
 .text.UART_WaitOnFlagUntilTimeout
                0x08008f04       0x98 Drivers\STM32L0xx_HAL_Driver\Src\stm32l0xx_hal_uart.o
                0x08008f04                UART_WaitOnFlagUntilTimeout
 .text.lora_Init
                0x08008f9c      0x12c Middlewares\Third_Party\Lora\Core\lora.o
                0x08008f9c                lora_Init
 .text.DelayMs  0x080090c8       0x18 Middlewares\Third_Party\Lora\Utilities\delay.o
                0x080090c8                DelayMs
 .text.LowPower_Disable
                0x080090e0       0x3c Middlewares\Third_Party\Lora\Utilities\low_power.o
                0x080090e0                LowPower_Disable
 .text.LowPower_Enable
                0x0800911c       0x40 Middlewares\Third_Party\Lora\Utilities\low_power.o
                0x0800911c                LowPower_Enable
 .text.LowPower_GetState
                0x0800915c       0x14 Middlewares\Third_Party\Lora\Utilities\low_power.o
                0x0800915c                LowPower_GetState
 .text.LowPower_Handler
                0x08009170       0x28 Middlewares\Third_Party\Lora\Utilities\low_power.o
                0x08009170                LowPower_Handler
 .text.TimerInit
                0x08009198       0x30 Middlewares\Third_Party\Lora\Utilities\timeServer.o
                0x08009198                TimerInit
 .text.TimerStart
                0x080091c8       0xa4 Middlewares\Third_Party\Lora\Utilities\timeServer.o
                0x080091c8                TimerStart
 .text.TimerInsertTimer
                0x0800926c       0x5c Middlewares\Third_Party\Lora\Utilities\timeServer.o
 .text.TimerInsertNewHeadTimer
                0x080092c8       0x3c Middlewares\Third_Party\Lora\Utilities\timeServer.o
 .text.TimerIrqHandler
                0x08009304       0xf0 Middlewares\Third_Party\Lora\Utilities\timeServer.o
                0x08009304                TimerIrqHandler
 .text.TimerStop
                0x080093f4       0xf0 Middlewares\Third_Party\Lora\Utilities\timeServer.o
                0x080093f4                TimerStop
 .text.TimerExists
                0x080094e4       0x38 Middlewares\Third_Party\Lora\Utilities\timeServer.o
 .text.TimerSetValue
                0x0800951c       0x4a Middlewares\Third_Party\Lora\Utilities\timeServer.o
                0x0800951c                TimerSetValue
 .text.TimerSetTimeout
                0x08009566       0x48 Middlewares\Third_Party\Lora\Utilities\timeServer.o
 .text.memcpy1  0x080095ae       0x36 Middlewares\Third_Party\Lora\Utilities\utilities.o
                0x080095ae                memcpy1
 .text.DBG_Init
                0x080095e4       0x60 src\debug.o
                0x080095e4                DBG_Init
 .text.Error_Handler
                0x08009644        0x6 src\debug.o
                0x08009644                Error_Handler
 *fill*         0x0800964a        0x2 
 .text.LCD_Config
                0x0800964c       0xf8 src\display.o
                0x0800964c                LCD_Config
 .text.writePin
                0x08009744       0x4c src\display.o
                0x08009744                writePin
 .text.LCD_Enable
                0x08009790       0x20 src\display.o
                0x08009790                LCD_Enable
 .text.LCD_Output
                0x080097b0      0x16c src\display.o
                0x080097b0                LCD_Output
 .text.LCD_Command
                0x0800991c       0x26 src\display.o
                0x0800991c                LCD_Command
 .text.LCD_Init
                0x08009942       0x80 src\display.o
                0x08009942                LCD_Init
 *fill*         0x080099c2        0x2 
 .text.SPI_Config
                0x080099c4       0x94 src\gps.o
                0x080099c4                SPI_Config
 .text.SPI_Init
                0x08009a58       0x64 src\gps.o
                0x08009a58                SPI_Init
 .text.HW_GPIO_Init
                0x08009abc       0xe8 src\hw_gpio.o
                0x08009abc                HW_GPIO_Init
 .text.HW_GPIO_SetIrq
                0x08009ba4       0x74 src\hw_gpio.o
                0x08009ba4                HW_GPIO_SetIrq
 .text.HW_GPIO_IrqHandler
                0x08009c18       0x3c src\hw_gpio.o
                0x08009c18                HW_GPIO_IrqHandler
 .text.HW_GPIO_Write
                0x08009c54       0x2c src\hw_gpio.o
                0x08009c54                HW_GPIO_Write
 .text.HW_GPIO_GetBitPos
                0x08009c80       0x98 src\hw_gpio.o
 .text.HW_RTC_Init
                0x08009d18       0x30 src\hw_rtc.o
                0x08009d18                HW_RTC_Init
 .text.HW_RTC_SetConfig
                0x08009d48       0xb0 src\hw_rtc.o
 .text.HW_RTC_setMcuWakeUpTime
                0x08009df8       0xd8 src\hw_rtc.o
                0x08009df8                HW_RTC_setMcuWakeUpTime
 .text.HW_RTC_GetMinimumTimeout
                0x08009ed0        0xc src\hw_rtc.o
                0x08009ed0                HW_RTC_GetMinimumTimeout
 .text.HW_RTC_ms2Tick
                0x08009edc       0x30 src\hw_rtc.o
                0x08009edc                HW_RTC_ms2Tick
 .text.HW_RTC_SetAlarm
                0x08009f0c       0x60 src\hw_rtc.o
                0x08009f0c                HW_RTC_SetAlarm
 .text.HW_RTC_GetTimerElapsedTime
                0x08009f6c       0x2c src\hw_rtc.o
                0x08009f6c                HW_RTC_GetTimerElapsedTime
 .text.HW_RTC_GetTimerValue
                0x08009f98       0x22 src\hw_rtc.o
                0x08009f98                HW_RTC_GetTimerValue
 *fill*         0x08009fba        0x2 
 .text.HW_RTC_StopAlarm
                0x08009fbc       0x34 src\hw_rtc.o
                0x08009fbc                HW_RTC_StopAlarm
 .text.HW_RTC_IrqHandler
                0x08009ff0       0x1c src\hw_rtc.o
                0x08009ff0                HW_RTC_IrqHandler
 .text.HW_RTC_DelayMs
                0x0800a00c       0x40 src\hw_rtc.o
                0x0800a00c                HW_RTC_DelayMs
 .text.HW_RTC_SetTimerContext
                0x0800a04c       0x2c src\hw_rtc.o
                0x0800a04c                HW_RTC_SetTimerContext
 .text.HW_RTC_GetTimerContext
                0x0800a078       0x14 src\hw_rtc.o
                0x0800a078                HW_RTC_GetTimerContext
 .text.HW_RTC_SetAlarmConfig
                0x0800a08c       0x1c src\hw_rtc.o
 .text.HW_RTC_StartWakeUpAlarm
                0x0800a0a8      0x300 src\hw_rtc.o
 .text.HW_RTC_GetCalendarValue
                0x0800a3a8      0x154 src\hw_rtc.o
 .text.HW_SPI_Init
                0x0800a4fc      0x108 src\hw_spi.o
                0x0800a4fc                HW_SPI_Init
 .text.HW_SPI_DeInit
                0x0800a604       0xdc src\hw_spi.o
                0x0800a604                HW_SPI_DeInit
 .text.HW_SPI_InOut
                0x0800a6e0       0x34 src\hw_spi.o
                0x0800a6e0                HW_SPI_InOut
 .text.SpiFrequency
                0x0800a714       0x70 src\hw_spi.o
 .text.main     0x0800a784      0x524 src\main.o
                0x0800a784                main
 .text.OnTxDone
                0x0800aca8       0x20 src\main.o
                0x0800aca8                OnTxDone
 .text.OnRxDone
                0x0800acc8       0x80 src\main.o
                0x0800acc8                OnRxDone
 .text.OnTxTimeout
                0x0800ad48       0x20 src\main.o
                0x0800ad48                OnTxTimeout
 .text.OnRxTimeout
                0x0800ad68       0x20 src\main.o
                0x0800ad68                OnRxTimeout
 .text.OnRxError
                0x0800ad88       0x20 src\main.o
                0x0800ad88                OnRxError
 .text.OnledEvent
                0x0800ada8       0x30 src\main.o
 .text.LoraTxData
                0x0800add8      0x210 src\main.o
 .text.LoraRxData
                0x0800afe8       0xac src\main.o
 .text.OnTimerLedEvent
                0x0800b094       0x10 src\main.o
 .text.Reset_Handler
                0x0800b0a4       0x50 src\startup_stm32l072xx.o
                0x0800b0a4                Reset_Handler
 .text.Default_Handler
                0x0800b0f4        0x2 src\startup_stm32l072xx.o
                0x0800b0f4                TSC_IRQHandler
                0x0800b0f4                ADC1_COMP_IRQHandler
                0x0800b0f4                PVD_IRQHandler
                0x0800b0f4                I2C1_IRQHandler
                0x0800b0f4                RCC_CRS_IRQHandler
                0x0800b0f4                SPI1_IRQHandler
                0x0800b0f4                TIM6_DAC_IRQHandler
                0x0800b0f4                I2C2_IRQHandler
                0x0800b0f4                DMA1_Channel4_5_6_7_IRQHandler
                0x0800b0f4                TIM3_IRQHandler
                0x0800b0f4                DMA1_Channel1_IRQHandler
                0x0800b0f4                USART4_5_IRQHandler
                0x0800b0f4                Default_Handler
                0x0800b0f4                TIM22_IRQHandler
                0x0800b0f4                TIM7_IRQHandler
                0x0800b0f4                USB_IRQHandler
                0x0800b0f4                I2C3_IRQHandler
                0x0800b0f4                TIM21_IRQHandler
                0x0800b0f4                WWDG_IRQHandler
                0x0800b0f4                TIM2_IRQHandler
                0x0800b0f4                DMA1_Channel2_3_IRQHandler
                0x0800b0f4                FLASH_IRQHandler
                0x0800b0f4                USART1_IRQHandler
                0x0800b0f4                RNG_LPUART1_IRQHandler
                0x0800b0f4                LPTIM1_IRQHandler
 .text.HAL_InitTick
                0x0800b0f6       0x12 src\stm32l0xx_hal_msp.o
                0x0800b0f6                HAL_InitTick
 .text.HAL_Delay
                0x0800b108       0x18 src\stm32l0xx_hal_msp.o
                0x0800b108                HAL_Delay
 .text.HAL_MspInit
                0x0800b120       0x28 src\stm32l0xx_hal_msp.o
                0x0800b120                HAL_MspInit
 .text.HAL_RTC_MspInit
                0x0800b148       0x84 src\stm32l0xx_hal_msp.o
                0x0800b148                HAL_RTC_MspInit
 .text.HAL_RTC_AlarmAEventCallback
                0x0800b1cc       0x14 src\stm32l0xx_hal_msp.o
                0x0800b1cc                HAL_RTC_AlarmAEventCallback
 .text.HAL_GPIO_EXTI_Callback
                0x0800b1e0       0x1e src\stm32l0xx_hal_msp.o
                0x0800b1e0                HAL_GPIO_EXTI_Callback
 .text.MSP_GetIRQn
                0x0800b1fe       0x36 src\stm32l0xx_hal_msp.o
                0x0800b1fe                MSP_GetIRQn
 .text.HW_Init  0x0800b234       0x3c src\stm32l0xx_hw.o
                0x0800b234                HW_Init
 .text.HW_DeInit
                0x0800b270       0x28 src\stm32l0xx_hw.o
                0x0800b270                HW_DeInit
 .text.SystemClock_Config
                0x0800b298       0xe8 src\stm32l0xx_hw.o
                0x0800b298                SystemClock_Config
 .text.HW_GetRandomSeed
                0x0800b380       0x28 src\stm32l0xx_hw.o
                0x0800b380                HW_GetRandomSeed
 .text.HW_GetUniqueId
                0x0800b3a8       0xa4 src\stm32l0xx_hw.o
                0x0800b3a8                HW_GetUniqueId
 .text.HW_GetBatteryLevel
                0x0800b44c       0xb4 src\stm32l0xx_hw.o
                0x0800b44c                HW_GetBatteryLevel
 .text.HW_AdcInit
                0x0800b500       0xc4 src\stm32l0xx_hw.o
                0x0800b500                HW_AdcInit
 .text.HW_AdcReadChannel
                0x0800b5c4       0xf0 src\stm32l0xx_hw.o
                0x0800b5c4                HW_AdcReadChannel
 .text.HW_EnterStopMode
                0x0800b6b4       0x40 src\stm32l0xx_hw.o
                0x0800b6b4                HW_EnterStopMode
 .text.HW_ExitStopMode
                0x0800b6f4       0x7c src\stm32l0xx_hw.o
                0x0800b6f4                HW_ExitStopMode
 .text.HW_EnterSleepMode
                0x0800b770       0x12 src\stm32l0xx_hw.o
                0x0800b770                HW_EnterSleepMode
 .text.NMI_Handler
                0x0800b782        0xa src\stm32l0xx_it.o
                0x0800b782                NMI_Handler
 .text.HardFault_Handler
                0x0800b78c        0x8 src\stm32l0xx_it.o
                0x0800b78c                HardFault_Handler
 .text.SVC_Handler
                0x0800b794        0xa src\stm32l0xx_it.o
                0x0800b794                SVC_Handler
 .text.PendSV_Handler
                0x0800b79e        0xa src\stm32l0xx_it.o
                0x0800b79e                PendSV_Handler
 .text.SysTick_Handler
                0x0800b7a8        0xe src\stm32l0xx_it.o
                0x0800b7a8                SysTick_Handler
 *fill*         0x0800b7b6        0x2 
 .text.SPI2_IRQHandler
                0x0800b7b8       0x18 src\stm32l0xx_it.o
                0x0800b7b8                SPI2_IRQHandler
 .text.USART2_IRQHandler
                0x0800b7d0        0xe src\stm32l0xx_it.o
                0x0800b7d0                USART2_IRQHandler
 .text.RTC_IRQHandler
                0x0800b7de        0xe src\stm32l0xx_it.o
                0x0800b7de                RTC_IRQHandler
 .text.EXTI0_1_IRQHandler
                0x0800b7ec       0x16 src\stm32l0xx_it.o
                0x0800b7ec                EXTI0_1_IRQHandler
 .text.EXTI2_3_IRQHandler
                0x0800b802       0x16 src\stm32l0xx_it.o
                0x0800b802                EXTI2_3_IRQHandler
 .text.EXTI4_15_IRQHandler
                0x0800b818       0x72 src\stm32l0xx_it.o
                0x0800b818                EXTI4_15_IRQHandler
 *fill*         0x0800b88a        0x2 
 .text.SystemInit
                0x0800b88c       0x7c src\system_stm32l0xx.o
                0x0800b88c                SystemInit
 .text.ts_itoa  0x0800b908       0x98 src\tiny_printf.o
                0x0800b908                ts_itoa
 .text.ts_formatstring
                0x0800b9a0      0x12c src\tiny_printf.o
                0x0800b9a0                ts_formatstring
 .text.siprintf
                0x0800bacc       0x30 src\tiny_printf.o
                0x0800bacc                siprintf
                0x0800bacc                sprintf
 .text.vcom_Init
                0x0800bafc       0x60 src\vcom.o
                0x0800bafc                vcom_Init
 .text.vcom_DeInit
                0x0800bb5c       0x18 src\vcom.o
                0x0800bb5c                vcom_DeInit
 .text.vcom_Send
                0x0800bb74      0x120 src\vcom.o
                0x0800bb74                vcom_Send
 .text.vcom_Print
                0x0800bc94       0x9c src\vcom.o
                0x0800bc94                vcom_Print
 .text.HAL_UART_MspInit
                0x0800bd30       0x28 src\vcom.o
                0x0800bd30                HAL_UART_MspInit
 .text.vcom_IoInit
                0x0800bd58       0xac src\vcom.o
                0x0800bd58                vcom_IoInit
 .text.vcom_IoDeInit
                0x0800be04       0x94 src\vcom.o
                0x0800be04                vcom_IoDeInit
 .text.HAL_UART_MspDeInit
                0x0800be98       0x14 src\vcom.o
                0x0800be98                HAL_UART_MspDeInit
 .text.__libc_init_array
                0x0800beac       0x48 c:/program files (x86)/atollic/truestudio for arm 8.1.0/armtools/bin/../lib/gcc/arm-atollic-eabi/6.3.1/../../../../arm-atollic-eabi/lib/armv6-m\libc_nano.a(lib_a-init.o)
                0x0800beac                __libc_init_array
 .text.memcpy   0x0800bef4       0x12 c:/program files (x86)/atollic/truestudio for arm 8.1.0/armtools/bin/../lib/gcc/arm-atollic-eabi/6.3.1/../../../../arm-atollic-eabi/lib/armv6-m\libc_nano.a(lib_a-memcpy-stub.o)
                0x0800bef4                memcpy
 .text.memset   0x0800bf06       0x10 c:/program files (x86)/atollic/truestudio for arm 8.1.0/armtools/bin/../lib/gcc/arm-atollic-eabi/6.3.1/../../../../arm-atollic-eabi/lib/armv6-m\libc_nano.a(lib_a-memset.o)
                0x0800bf06                memset
 .text.strcpy   0x0800bf16       0x10 c:/program files (x86)/atollic/truestudio for arm 8.1.0/armtools/bin/../lib/gcc/arm-atollic-eabi/6.3.1/../../../../arm-atollic-eabi/lib/armv6-m\libc_nano.a(lib_a-strcpy.o)
                0x0800bf16                strcpy
 .text.strncmp  0x0800bf26       0x22 c:/program files (x86)/atollic/truestudio for arm 8.1.0/armtools/bin/../lib/gcc/arm-atollic-eabi/6.3.1/../../../../arm-atollic-eabi/lib/armv6-m\libc_nano.a(lib_a-strncmp.o)
                0x0800bf26                strncmp
 .text._vsprintf_r
                0x0800bf48       0x30 c:/program files (x86)/atollic/truestudio for arm 8.1.0/armtools/bin/../lib/gcc/arm-atollic-eabi/6.3.1/../../../../arm-atollic-eabi/lib/armv6-m\libc_nano.a(lib_a-vsprintf.o)
                0x0800bf48                _vsprintf_r
                0x0800bf48                _vsiprintf_r
 .text.vsprintf
                0x0800bf78       0x18 c:/program files (x86)/atollic/truestudio for arm 8.1.0/armtools/bin/../lib/gcc/arm-atollic-eabi/6.3.1/../../../../arm-atollic-eabi/lib/armv6-m\libc_nano.a(lib_a-vsprintf.o)
                0x0800bf78                vsiprintf
                0x0800bf78                vsprintf
 .text.__ssputs_r
                0x0800bf90       0xc4 c:/program files (x86)/atollic/truestudio for arm 8.1.0/armtools/bin/../lib/gcc/arm-atollic-eabi/6.3.1/../../../../arm-atollic-eabi/lib/armv6-m\libc_nano.a(lib_a-nano-svfprintf.o)
                0x0800bf90                __ssputs_r
 .text._svfprintf_r
                0x0800c054      0x208 c:/program files (x86)/atollic/truestudio for arm 8.1.0/armtools/bin/../lib/gcc/arm-atollic-eabi/6.3.1/../../../../arm-atollic-eabi/lib/armv6-m\libc_nano.a(lib_a-nano-svfprintf.o)
                0x0800c054                _svfiprintf_r
                0x0800c054                _svfprintf_r
 .text._printf_common
                0x0800c25c       0xda c:/program files (x86)/atollic/truestudio for arm 8.1.0/armtools/bin/../lib/gcc/arm-atollic-eabi/6.3.1/../../../../arm-atollic-eabi/lib/armv6-m\libc_nano.a(lib_a-nano-vfprintf_i.o)
                0x0800c25c                _printf_common
 *fill*         0x0800c336        0x2 
 .text._printf_i
                0x0800c338      0x234 c:/program files (x86)/atollic/truestudio for arm 8.1.0/armtools/bin/../lib/gcc/arm-atollic-eabi/6.3.1/../../../../arm-atollic-eabi/lib/armv6-m\libc_nano.a(lib_a-nano-vfprintf_i.o)
                0x0800c338                _printf_i
 .text.memchr   0x0800c56c       0x16 c:/program files (x86)/atollic/truestudio for arm 8.1.0/armtools/bin/../lib/gcc/arm-atollic-eabi/6.3.1/../../../../arm-atollic-eabi/lib/armv6-m\libc_nano.a(lib_a-memchr-stub.o)
                0x0800c56c                memchr
 .text.memmove  0x0800c582       0x24 c:/program files (x86)/atollic/truestudio for arm 8.1.0/armtools/bin/../lib/gcc/arm-atollic-eabi/6.3.1/../../../../arm-atollic-eabi/lib/armv6-m\libc_nano.a(lib_a-memmove.o)
                0x0800c582                memmove
 *fill*         0x0800c5a6        0x2 
 .text._free_r  0x0800c5a8       0x94 c:/program files (x86)/atollic/truestudio for arm 8.1.0/armtools/bin/../lib/gcc/arm-atollic-eabi/6.3.1/../../../../arm-atollic-eabi/lib/armv6-m\libc_nano.a(lib_a-nano-freer.o)
                0x0800c5a8                _free_r
 .text._malloc_r
                0x0800c63c       0xbc c:/program files (x86)/atollic/truestudio for arm 8.1.0/armtools/bin/../lib/gcc/arm-atollic-eabi/6.3.1/../../../../arm-atollic-eabi/lib/armv6-m\libc_nano.a(lib_a-nano-mallocr.o)
                0x0800c63c                _malloc_r
 .text._realloc_r
                0x0800c6f8       0x4c c:/program files (x86)/atollic/truestudio for arm 8.1.0/armtools/bin/../lib/gcc/arm-atollic-eabi/6.3.1/../../../../arm-atollic-eabi/lib/armv6-m\libc_nano.a(lib_a-nano-reallocr.o)
                0x0800c6f8                _realloc_r
 .text._sbrk_r  0x0800c744       0x24 c:/program files (x86)/atollic/truestudio for arm 8.1.0/armtools/bin/../lib/gcc/arm-atollic-eabi/6.3.1/../../../../arm-atollic-eabi/lib/armv6-m\libc_nano.a(lib_a-sbrkr.o)
                0x0800c744                _sbrk_r
 .text.__malloc_lock
                0x0800c768        0x2 c:/program files (x86)/atollic/truestudio for arm 8.1.0/armtools/bin/../lib/gcc/arm-atollic-eabi/6.3.1/../../../../arm-atollic-eabi/lib/armv6-m\libc_nano.a(lib_a-mlock.o)
                0x0800c768                __malloc_lock
 .text.__malloc_unlock
                0x0800c76a        0x2 c:/program files (x86)/atollic/truestudio for arm 8.1.0/armtools/bin/../lib/gcc/arm-atollic-eabi/6.3.1/../../../../arm-atollic-eabi/lib/armv6-m\libc_nano.a(lib_a-mlock.o)
                0x0800c76a                __malloc_unlock
 .text._malloc_usable_size_r
                0x0800c76c       0x10 c:/program files (x86)/atollic/truestudio for arm 8.1.0/armtools/bin/../lib/gcc/arm-atollic-eabi/6.3.1/../../../../arm-atollic-eabi/lib/armv6-m\libc_nano.a(lib_a-nano-msizer.o)
                0x0800c76c                _malloc_usable_size_r
 .text.ceil     0x0800c77c      0x104 c:/program files (x86)/atollic/truestudio for arm 8.1.0/armtools/bin/../lib/gcc/arm-atollic-eabi/6.3.1/../../../../arm-atollic-eabi/lib/armv6-m\libm.a(lib_a-s_ceil.o)
                0x0800c77c                ceil
 .text.floor    0x0800c880      0x104 c:/program files (x86)/atollic/truestudio for arm 8.1.0/armtools/bin/../lib/gcc/arm-atollic-eabi/6.3.1/../../../../arm-atollic-eabi/lib/armv6-m\libm.a(lib_a-s_floor.o)
                0x0800c880                floor
 .text.round    0x0800c984       0x8c c:/program files (x86)/atollic/truestudio for arm 8.1.0/armtools/bin/../lib/gcc/arm-atollic-eabi/6.3.1/../../../../arm-atollic-eabi/lib/armv6-m\libm.a(lib_a-s_round.o)
                0x0800c984                round
 .text._sbrk    0x0800ca10       0x20 c:/program files (x86)/atollic/truestudio for arm 8.1.0/armtools/bin/../lib/gcc/arm-atollic-eabi/6.3.1/../../../../arm-atollic-eabi/lib/armv6-m\libnosys.a(sbrk.o)
                0x0800ca10                _sbrk
 *(.glue_7)
 .glue_7        0x0800ca30        0x0 linker stubs
 *(.glue_7t)
 .glue_7t       0x0800ca30        0x0 linker stubs
 *(.eh_frame)
 .eh_frame      0x0800ca30        0x0 c:/program files (x86)/atollic/truestudio for arm 8.1.0/armtools/bin/../lib/gcc/arm-atollic-eabi/6.3.1/armv6-m/crtbegin.o
 *(.init)
 .init          0x0800ca30        0x4 c:/program files (x86)/atollic/truestudio for arm 8.1.0/armtools/bin/../lib/gcc/arm-atollic-eabi/6.3.1/armv6-m/crti.o
                0x0800ca30                _init
 .init          0x0800ca34        0x8 c:/program files (x86)/atollic/truestudio for arm 8.1.0/armtools/bin/../lib/gcc/arm-atollic-eabi/6.3.1/armv6-m/crtn.o
 *(.fini)
 .fini          0x0800ca3c        0x4 c:/program files (x86)/atollic/truestudio for arm 8.1.0/armtools/bin/../lib/gcc/arm-atollic-eabi/6.3.1/armv6-m/crti.o
                0x0800ca3c                _fini
 .fini          0x0800ca40        0x8 c:/program files (x86)/atollic/truestudio for arm 8.1.0/armtools/bin/../lib/gcc/arm-atollic-eabi/6.3.1/armv6-m/crtn.o
                0x0800ca48                . = ALIGN (0x4)
                0x0800ca48                _etext = .

.vfp11_veneer   0x0800ca48        0x0
 .vfp11_veneer  0x0800ca48        0x0 linker stubs

.v4_bx          0x0800ca48        0x0
 .v4_bx         0x0800ca48        0x0 linker stubs

.iplt           0x0800ca48        0x0
 .iplt          0x0800ca48        0x0 c:/program files (x86)/atollic/truestudio for arm 8.1.0/armtools/bin/../lib/gcc/arm-atollic-eabi/6.3.1/armv6-m/crtbegin.o

.rodata         0x0800ca48      0x398
                0x0800ca48                . = ALIGN (0x4)
 *(.rodata)
 .rodata        0x0800ca48        0xc Drivers\BSP\MLM32L07X01\Phy\sx1276.o
 .rodata        0x0800ca54       0x59 Middlewares\Third_Party\Lora\Core\lora.o
 *fill*         0x0800caad        0x3 
 .rodata        0x0800cab0       0x71 src\main.o
 *fill*         0x0800cb21        0x3 
 .rodata        0x0800cb24       0x40 c:/program files (x86)/atollic/truestudio for arm 8.1.0/armtools/bin/../lib/gcc/arm-atollic-eabi/6.3.1/armv6-m\libgcc.a(divdf3.o)
 .rodata        0x0800cb64       0x40 c:/program files (x86)/atollic/truestudio for arm 8.1.0/armtools/bin/../lib/gcc/arm-atollic-eabi/6.3.1/armv6-m\libgcc.a(muldf3.o)
 *(.rodata*)
 .rodata.LED_PIN
                0x0800cba4        0x8 Drivers\BSP\B-L072Z-LRWAN1\b-l072z-lrwan1.o
                0x0800cba4                LED_PIN
 .rodata.RadioRegsInit
                0x0800cbac       0x30 Drivers\BSP\MLM32L07X01\Phy\sx1276.o
                0x0800cbac                RadioRegsInit
 .rodata.FskBandwidths
                0x0800cbdc       0xb0 Drivers\BSP\MLM32L07X01\Phy\sx1276.o
                0x0800cbdc                FskBandwidths
 .rodata.SX1276SetRx
                0x0800cc8c       0x24 Drivers\BSP\MLM32L07X01\Phy\sx1276.o
 .rodata.Radio  0x0800ccb0       0x64 Drivers\BSP\MLM32L07X01\mlm32l07x01.o
                0x0800ccb0                Radio
 .rodata.UART_SetConfig
                0x0800cd14       0x48 Drivers\STM32L0xx_HAL_Driver\Src\stm32l0xx_hal_uart.o
 .rodata.DaysInMonth
                0x0800cd5c        0xc src\hw_rtc.o
 .rodata.DaysInMonthLeapYear
                0x0800cd68        0xc src\hw_rtc.o
 .rodata.main   0x0800cd74       0x18 src\main.o
 .rodata.AHBPrescTable
                0x0800cd8c       0x10 src\system_stm32l0xx.o
                0x0800cd8c                AHBPrescTable
 .rodata.APBPrescTable
                0x0800cd9c        0x8 src\system_stm32l0xx.o
                0x0800cd9c                APBPrescTable
 .rodata.PLLMulTable
                0x0800cda4        0x9 src\system_stm32l0xx.o
                0x0800cda4                PLLMulTable
 .rodata._svfprintf_r.str1.1
                0x0800cdad       0x11 c:/program files (x86)/atollic/truestudio for arm 8.1.0/armtools/bin/../lib/gcc/arm-atollic-eabi/6.3.1/../../../../arm-atollic-eabi/lib/armv6-m\libc_nano.a(lib_a-nano-svfprintf.o)
 .rodata._printf_i.str1.1
                0x0800cdbe       0x22 c:/program files (x86)/atollic/truestudio for arm 8.1.0/armtools/bin/../lib/gcc/arm-atollic-eabi/6.3.1/../../../../arm-atollic-eabi/lib/armv6-m\libc_nano.a(lib_a-nano-vfprintf_i.o)
                0x0800cde0                . = ALIGN (0x4)

.ARM.extab
 *(.ARM.extab* .gnu.linkonce.armextab.*)

.ARM            0x0800cde0        0x8
                0x0800cde0                __exidx_start = .
 *(.ARM.exidx*)
 .ARM.exidx     0x0800cde0        0x8 c:/program files (x86)/atollic/truestudio for arm 8.1.0/armtools/bin/../lib/gcc/arm-atollic-eabi/6.3.1/armv6-m\libgcc.a(_udivmoddi4.o)
                0x0800cde8                __exidx_end = .

.rel.dyn        0x0800cde8        0x0
 .rel.iplt      0x0800cde8        0x0 c:/program files (x86)/atollic/truestudio for arm 8.1.0/armtools/bin/../lib/gcc/arm-atollic-eabi/6.3.1/armv6-m/crtbegin.o

.preinit_array  0x0800cde8        0x0
                0x0800cde8                PROVIDE (__preinit_array_start, .)
 *(.preinit_array*)
                0x0800cde8                PROVIDE (__preinit_array_end, .)

.init_array     0x0800cde8        0x4
                0x0800cde8                PROVIDE (__init_array_start, .)
 *(SORT(.init_array.*))
 *(.init_array*)
 .init_array    0x0800cde8        0x4 c:/program files (x86)/atollic/truestudio for arm 8.1.0/armtools/bin/../lib/gcc/arm-atollic-eabi/6.3.1/armv6-m/crtbegin.o
                0x0800cdec                PROVIDE (__init_array_end, .)

.fini_array     0x0800cdec        0x4
                [!provide]                PROVIDE (__fini_array_start, .)
 *(SORT(.fini_array.*))
 *(.fini_array*)
 .fini_array    0x0800cdec        0x4 c:/program files (x86)/atollic/truestudio for arm 8.1.0/armtools/bin/../lib/gcc/arm-atollic-eabi/6.3.1/armv6-m/crtbegin.o
                [!provide]                PROVIDE (__fini_array_end, .)
                0x0800cdf0                _sidata = LOADADDR (.data)

.data           0x20000000       0xdc load address 0x0800cdf0
                0x20000000                . = ALIGN (0x4)
                0x20000000                _sdata = .
 *(.data)
 *(.data*)
 .data.LED_PORT
                0x20000000       0x10 Drivers\BSP\B-L072Z-LRWAN1\b-l072z-lrwan1.o
                0x20000000                LED_PORT
 .data.DioIrq   0x20000010       0x18 Drivers\BSP\MLM32L07X01\Phy\sx1276.o
                0x20000010                DioIrq
 .data.DevEui   0x20000028        0x8 Middlewares\Third_Party\Lora\Core\lora.o
 .data.AppEui   0x20000030        0x8 Middlewares\Third_Party\Lora\Core\lora.o
 .data.AppKey   0x20000038       0x10 Middlewares\Third_Party\Lora\Core\lora.o
 .data.LoRaMainCallbacks
                0x20000048       0x14 src\main.o
 .data.LoRaParamInit
                0x2000005c        0xc src\main.o
 .data.ReadyMsg
                0x20000068        0x6 src\main.o
                0x20000068                ReadyMsg
 *fill*         0x2000006e        0x2 
 .data.OKMsg    0x20000070        0x2 src\main.o
                0x20000070                OKMsg
 .data.BufferSize
                0x20000072        0x2 src\main.o
                0x20000072                BufferSize
 .data.SystemCoreClock
                0x20000074        0x4 src\system_stm32l0xx.o
                0x20000074                SystemCoreClock
 .data._impure_ptr
                0x20000078        0x4 c:/program files (x86)/atollic/truestudio for arm 8.1.0/armtools/bin/../lib/gcc/arm-atollic-eabi/6.3.1/../../../../arm-atollic-eabi/lib/armv6-m\libc_nano.a(lib_a-impure.o)
                0x20000078                _impure_ptr
 .data.impure_data
                0x2000007c       0x60 c:/program files (x86)/atollic/truestudio for arm 8.1.0/armtools/bin/../lib/gcc/arm-atollic-eabi/6.3.1/../../../../arm-atollic-eabi/lib/armv6-m\libc_nano.a(lib_a-impure.o)
                0x200000dc                . = ALIGN (0x4)
                0x200000dc                _edata = .

.igot.plt       0x200000dc        0x0 load address 0x0800cecc
 .igot.plt      0x200000dc        0x0 c:/program files (x86)/atollic/truestudio for arm 8.1.0/armtools/bin/../lib/gcc/arm-atollic-eabi/6.3.1/armv6-m/crtbegin.o
                0x200000dc                . = ALIGN (0x4)

.bss            0x200000dc     0x412c load address 0x0800cecc
                0x200000dc                _sbss = .
                0x200000dc                __bss_start__ = _sbss
 *(.bss)
 .bss           0x200000dc       0x1c c:/program files (x86)/atollic/truestudio for arm 8.1.0/armtools/bin/../lib/gcc/arm-atollic-eabi/6.3.1/armv6-m/crtbegin.o
 *(.bss*)
 .bss.RadioEvents
                0x200000f8        0x4 Drivers\BSP\MLM32L07X01\Phy\sx1276.o
 .bss.RxTxBuffer
                0x200000fc      0x100 Drivers\BSP\MLM32L07X01\Phy\sx1276.o
 .bss.TcxoStopTimer
                0x200001fc       0x14 Drivers\BSP\MLM32L07X01\mlm32l07x01.o
 .bss.RadioIsActive
                0x20000210        0x1 Drivers\BSP\MLM32L07X01\mlm32l07x01.o
 *fill*         0x20000211        0x3 
 .bss.LoRaParamInit
                0x20000214        0x4 Middlewares\Third_Party\Lora\Core\lora.o
 .bss.DeviceState
                0x20000218        0x1 Middlewares\Third_Party\Lora\Core\lora.o
 *fill*         0x20000219        0x3 
 .bss.LoRaMainCallbacks
                0x2000021c        0x4 Middlewares\Third_Party\Lora\Core\lora.o
 .bss.LowPower_State
                0x20000220        0x4 Middlewares\Third_Party\Lora\Utilities\low_power.o
 .bss.TimerListHead
                0x20000224        0x4 Middlewares\Third_Party\Lora\Utilities\timeServer.o
 .bss.GpioIrq   0x20000228       0x40 src\hw_gpio.o
 .bss.HW_RTC_Initalized
                0x20000268        0x1 src\hw_rtc.o
 .bss.McuWakeUpTimeInitialized
                0x20000269        0x1 src\hw_rtc.o
 .bss.McuWakeUpTimeCal
                0x2000026a        0x2 src\hw_rtc.o
 .bss.RtcHandle
                0x2000026c       0x24 src\hw_rtc.o
 .bss.RTC_AlarmStructure
                0x20000290       0x28 src\hw_rtc.o
 .bss.RtcTimerContext
                0x200002b8       0x1c src\hw_rtc.o
 .bss.hspi      0x200002d4       0x58 src\hw_spi.o
 .bss.AppLedStateOn
                0x2000032c        0x1 src\main.o
 *fill*         0x2000032d        0x3 
 .bss.TxLedTimer
                0x20000330       0x14 src\main.o
 .bss.State     0x20000344        0x1 src\main.o
                0x20000344                State
 .bss.RssiValue
                0x20000345        0x1 src\main.o
                0x20000345                RssiValue
 .bss.SnrValue  0x20000346        0x1 src\main.o
                0x20000346                SnrValue
 *fill*         0x20000347        0x1 
 .bss.timerLed  0x20000348       0x14 src\main.o
 .bss.RadioEvents
                0x2000035c       0x1c src\main.o
 .bss.recibidoMaster
                0x20000378        0x4 src\main.o
                0x20000378                recibidoMaster
 .bss.recibidoReady
                0x2000037c        0x4 src\main.o
                0x2000037c                recibidoReady
 .bss.enviadoReady
                0x20000380        0x4 src\main.o
                0x20000380                enviadoReady
 .bss.errorReady
                0x20000384        0x4 src\main.o
                0x20000384                errorReady
 .bss.i         0x20000388        0x4 src\main.o
                0x20000388                i
 .bss.hadc      0x2000038c       0x60 src\stm32l0xx_hw.o
 .bss.AdcInitialized
                0x200003ec        0x1 src\stm32l0xx_hw.o
 .bss.McuInitialized
                0x200003ed        0x1 src\stm32l0xx_hw.o
 *fill*         0x200003ee        0x2 
 .bss.buff      0x200003f0      0x100 src\vcom.o
 .bss.iw        0x200004f0        0x2 src\vcom.o
                0x200004f0                iw
 .bss.ir        0x200004f2        0x2 src\vcom.o
 .bss.UartHandle
                0x200004f4       0x70 src\vcom.o
 .bss.__malloc_free_list
                0x20000564        0x4 c:/program files (x86)/atollic/truestudio for arm 8.1.0/armtools/bin/../lib/gcc/arm-atollic-eabi/6.3.1/../../../../arm-atollic-eabi/lib/armv6-m\libc_nano.a(lib_a-nano-mallocr.o)
                0x20000564                __malloc_free_list
 .bss.__malloc_sbrk_start
                0x20000568        0x4 c:/program files (x86)/atollic/truestudio for arm 8.1.0/armtools/bin/../lib/gcc/arm-atollic-eabi/6.3.1/../../../../arm-atollic-eabi/lib/armv6-m\libc_nano.a(lib_a-nano-mallocr.o)
                0x20000568                __malloc_sbrk_start
 .bss.heap_end.4116
                0x2000056c        0x4 c:/program files (x86)/atollic/truestudio for arm 8.1.0/armtools/bin/../lib/gcc/arm-atollic-eabi/6.3.1/../../../../arm-atollic-eabi/lib/armv6-m\libnosys.a(sbrk.o)
 *(COMMON)
 COMMON         0x20000570       0x9c Drivers\BSP\MLM32L07X01\Phy\sx1276.o
                0x20000570                TxTimeoutTimer
                0x20000584                RxTimeoutSyncWord
                0x20000598                SX1276
                0x200005f8                RxTimeoutTimer
 COMMON         0x2000060c        0x4 Drivers\STM32L0xx_HAL_Driver\Src\stm32l0xx_hal.o
                0x2000060c                uwTick
 COMMON         0x20000610       0x58 src\gps.o
                0x20000610                hspi2
 COMMON         0x20000668     0x3b99 src\main.o
                0x20000668                hora
                0x20000670                ID
                0x20000674                misDat
                0x2000410c                IDSlave
                0x20004110                buffLora
                0x20004138                lon
                0x20004144                RxReady
                0x2000414c                IDSlaveLora
                0x20004150                latC
                0x20004154                parsingBuff
                0x2000417c                lonC
                0x20004180                Buffer
                0x200041c0                ReadyID
                0x200041c8                a
                0x200041cc                buffGPS
                0x200041f4                lat
                0x20004200                IDLora
 *fill*         0x20004201        0x3 
 COMMON         0x20004204        0x4 c:/program files (x86)/atollic/truestudio for arm 8.1.0/armtools/bin/../lib/gcc/arm-atollic-eabi/6.3.1/../../../../arm-atollic-eabi/lib/armv6-m\libc_nano.a(lib_a-reent.o)
                0x20004204                errno
                0x20004208                . = ALIGN (0x4)
                0x20004208                _ebss = .
                0x20004208                __bss_end__ = _ebss

._user_heap_stack
                0x20004208      0x100 load address 0x0800cecc
                0x20004208                . = ALIGN (0x4)
                0x20004208                PROVIDE (end, .)
                [!provide]                PROVIDE (_end, .)
                0x20004208                . = (. + _Min_Heap_Size)
                0x20004308                . = (. + _Min_Stack_Size)
 *fill*         0x20004208      0x100 
                0x20004308                . = ALIGN (0x4)

.memory_b1_text
 *(.mb1text)
 *(.mb1text*)
 *(.mb1rodata)
 *(.mb1rodata*)

/DISCARD/
 libc.a(*)
 libm.a(*)
 libgcc.a(*)

.ARM.attributes
                0x00000000       0x28
 *(.ARM.attributes)
 .ARM.attributes
                0x00000000       0x1e c:/program files (x86)/atollic/truestudio for arm 8.1.0/armtools/bin/../lib/gcc/arm-atollic-eabi/6.3.1/armv6-m/crti.o
 .ARM.attributes
                0x0000001e       0x2c c:/program files (x86)/atollic/truestudio for arm 8.1.0/armtools/bin/../lib/gcc/arm-atollic-eabi/6.3.1/armv6-m/crtbegin.o
 .ARM.attributes
                0x0000004a       0x32 Drivers\BSP\B-L072Z-LRWAN1\b-l072z-lrwan1.o
 .ARM.attributes
                0x0000007c       0x32 Drivers\BSP\MLM32L07X01\Phy\sx1276.o
 .ARM.attributes
                0x000000ae       0x32 Drivers\BSP\MLM32L07X01\mlm32l07x01.o
 .ARM.attributes
                0x000000e0       0x32 Drivers\STM32L0xx_HAL_Driver\Src\stm32l0xx_hal.o
 .ARM.attributes
                0x00000112       0x32 Drivers\STM32L0xx_HAL_Driver\Src\stm32l0xx_hal_adc.o
 .ARM.attributes
                0x00000144       0x32 Drivers\STM32L0xx_HAL_Driver\Src\stm32l0xx_hal_adc_ex.o
 .ARM.attributes
                0x00000176       0x32 Drivers\STM32L0xx_HAL_Driver\Src\stm32l0xx_hal_cortex.o
 .ARM.attributes
                0x000001a8       0x32 Drivers\STM32L0xx_HAL_Driver\Src\stm32l0xx_hal_gpio.o
 .ARM.attributes
                0x000001da       0x32 Drivers\STM32L0xx_HAL_Driver\Src\stm32l0xx_hal_pwr.o
 .ARM.attributes
                0x0000020c       0x32 Drivers\STM32L0xx_HAL_Driver\Src\stm32l0xx_hal_pwr_ex.o
 .ARM.attributes
                0x0000023e       0x32 Drivers\STM32L0xx_HAL_Driver\Src\stm32l0xx_hal_rcc.o
 .ARM.attributes
                0x00000270       0x32 Drivers\STM32L0xx_HAL_Driver\Src\stm32l0xx_hal_rcc_ex.o
 .ARM.attributes
                0x000002a2       0x32 Drivers\STM32L0xx_HAL_Driver\Src\stm32l0xx_hal_rtc.o
 .ARM.attributes
                0x000002d4       0x32 Drivers\STM32L0xx_HAL_Driver\Src\stm32l0xx_hal_rtc_ex.o
 .ARM.attributes
                0x00000306       0x32 Drivers\STM32L0xx_HAL_Driver\Src\stm32l0xx_hal_spi.o
 .ARM.attributes
                0x00000338       0x32 Drivers\STM32L0xx_HAL_Driver\Src\stm32l0xx_hal_uart.o
 .ARM.attributes
                0x0000036a       0x32 Middlewares\Third_Party\Lora\Core\lora.o
 .ARM.attributes
                0x0000039c       0x32 Middlewares\Third_Party\Lora\Utilities\delay.o
 .ARM.attributes
                0x000003ce       0x32 Middlewares\Third_Party\Lora\Utilities\low_power.o
 .ARM.attributes
                0x00000400       0x32 Middlewares\Third_Party\Lora\Utilities\timeServer.o
 .ARM.attributes
                0x00000432       0x32 Middlewares\Third_Party\Lora\Utilities\utilities.o
 .ARM.attributes
                0x00000464       0x32 src\debug.o
 .ARM.attributes
                0x00000496       0x32 src\display.o
 .ARM.attributes
                0x000004c8       0x32 src\gps.o
 .ARM.attributes
                0x000004fa       0x32 src\hw_gpio.o
 .ARM.attributes
                0x0000052c       0x32 src\hw_rtc.o
 .ARM.attributes
                0x0000055e       0x32 src\hw_spi.o
 .ARM.attributes
                0x00000590       0x32 src\main.o
 .ARM.attributes
                0x000005c2       0x22 src\startup_stm32l072xx.o
 .ARM.attributes
                0x000005e4       0x32 src\stm32l0xx_hal_msp.o
 .ARM.attributes
                0x00000616       0x32 src\stm32l0xx_hw.o
 .ARM.attributes
                0x00000648       0x32 src\stm32l0xx_it.o
 .ARM.attributes
                0x0000067a       0x32 src\system_stm32l0xx.o
 .ARM.attributes
                0x000006ac       0x32 src\tiny_printf.o
 .ARM.attributes
                0x000006de       0x32 src\vcom.o
 .ARM.attributes
                0x00000710       0x2c c:/program files (x86)/atollic/truestudio for arm 8.1.0/armtools/bin/../lib/gcc/arm-atollic-eabi/6.3.1/../../../../arm-atollic-eabi/lib/armv6-m\libc_nano.a(lib_a-init.o)
 .ARM.attributes
                0x0000073c       0x2c c:/program files (x86)/atollic/truestudio for arm 8.1.0/armtools/bin/../lib/gcc/arm-atollic-eabi/6.3.1/../../../../arm-atollic-eabi/lib/armv6-m\libc_nano.a(lib_a-memcpy-stub.o)
 .ARM.attributes
                0x00000768       0x2c c:/program files (x86)/atollic/truestudio for arm 8.1.0/armtools/bin/../lib/gcc/arm-atollic-eabi/6.3.1/../../../../arm-atollic-eabi/lib/armv6-m\libc_nano.a(lib_a-memset.o)
 .ARM.attributes
                0x00000794       0x2c c:/program files (x86)/atollic/truestudio for arm 8.1.0/armtools/bin/../lib/gcc/arm-atollic-eabi/6.3.1/../../../../arm-atollic-eabi/lib/armv6-m\libc_nano.a(lib_a-strcpy.o)
 .ARM.attributes
                0x000007c0       0x2c c:/program files (x86)/atollic/truestudio for arm 8.1.0/armtools/bin/../lib/gcc/arm-atollic-eabi/6.3.1/../../../../arm-atollic-eabi/lib/armv6-m\libc_nano.a(lib_a-strncmp.o)
 .ARM.attributes
                0x000007ec       0x2c c:/program files (x86)/atollic/truestudio for arm 8.1.0/armtools/bin/../lib/gcc/arm-atollic-eabi/6.3.1/../../../../arm-atollic-eabi/lib/armv6-m\libc_nano.a(lib_a-vsprintf.o)
 .ARM.attributes
                0x00000818       0x2c c:/program files (x86)/atollic/truestudio for arm 8.1.0/armtools/bin/../lib/gcc/arm-atollic-eabi/6.3.1/../../../../arm-atollic-eabi/lib/armv6-m\libc_nano.a(lib_a-impure.o)
 .ARM.attributes
                0x00000844       0x2c c:/program files (x86)/atollic/truestudio for arm 8.1.0/armtools/bin/../lib/gcc/arm-atollic-eabi/6.3.1/../../../../arm-atollic-eabi/lib/armv6-m\libc_nano.a(lib_a-nano-svfprintf.o)
 .ARM.attributes
                0x00000870       0x2c c:/program files (x86)/atollic/truestudio for arm 8.1.0/armtools/bin/../lib/gcc/arm-atollic-eabi/6.3.1/../../../../arm-atollic-eabi/lib/armv6-m\libc_nano.a(lib_a-nano-vfprintf_i.o)
 .ARM.attributes
                0x0000089c       0x2c c:/program files (x86)/atollic/truestudio for arm 8.1.0/armtools/bin/../lib/gcc/arm-atollic-eabi/6.3.1/../../../../arm-atollic-eabi/lib/armv6-m\libc_nano.a(lib_a-memchr-stub.o)
 .ARM.attributes
                0x000008c8       0x2c c:/program files (x86)/atollic/truestudio for arm 8.1.0/armtools/bin/../lib/gcc/arm-atollic-eabi/6.3.1/../../../../arm-atollic-eabi/lib/armv6-m\libc_nano.a(lib_a-memmove.o)
 .ARM.attributes
                0x000008f4       0x2c c:/program files (x86)/atollic/truestudio for arm 8.1.0/armtools/bin/../lib/gcc/arm-atollic-eabi/6.3.1/../../../../arm-atollic-eabi/lib/armv6-m\libc_nano.a(lib_a-nano-freer.o)
 .ARM.attributes
                0x00000920       0x2c c:/program files (x86)/atollic/truestudio for arm 8.1.0/armtools/bin/../lib/gcc/arm-atollic-eabi/6.3.1/../../../../arm-atollic-eabi/lib/armv6-m\libc_nano.a(lib_a-nano-mallocr.o)
 .ARM.attributes
                0x0000094c       0x2c c:/program files (x86)/atollic/truestudio for arm 8.1.0/armtools/bin/../lib/gcc/arm-atollic-eabi/6.3.1/../../../../arm-atollic-eabi/lib/armv6-m\libc_nano.a(lib_a-nano-reallocr.o)
 .ARM.attributes
                0x00000978       0x2c c:/program files (x86)/atollic/truestudio for arm 8.1.0/armtools/bin/../lib/gcc/arm-atollic-eabi/6.3.1/../../../../arm-atollic-eabi/lib/armv6-m\libc_nano.a(lib_a-sbrkr.o)
 .ARM.attributes
                0x000009a4       0x2c c:/program files (x86)/atollic/truestudio for arm 8.1.0/armtools/bin/../lib/gcc/arm-atollic-eabi/6.3.1/../../../../arm-atollic-eabi/lib/armv6-m\libc_nano.a(lib_a-mlock.o)
 .ARM.attributes
                0x000009d0       0x2c c:/program files (x86)/atollic/truestudio for arm 8.1.0/armtools/bin/../lib/gcc/arm-atollic-eabi/6.3.1/../../../../arm-atollic-eabi/lib/armv6-m\libc_nano.a(lib_a-nano-msizer.o)
 .ARM.attributes
                0x000009fc       0x2c c:/program files (x86)/atollic/truestudio for arm 8.1.0/armtools/bin/../lib/gcc/arm-atollic-eabi/6.3.1/../../../../arm-atollic-eabi/lib/armv6-m\libc_nano.a(lib_a-reent.o)
 .ARM.attributes
                0x00000a28       0x2c c:/program files (x86)/atollic/truestudio for arm 8.1.0/armtools/bin/../lib/gcc/arm-atollic-eabi/6.3.1/../../../../arm-atollic-eabi/lib/armv6-m\libm.a(lib_a-s_ceil.o)
 .ARM.attributes
                0x00000a54       0x2c c:/program files (x86)/atollic/truestudio for arm 8.1.0/armtools/bin/../lib/gcc/arm-atollic-eabi/6.3.1/../../../../arm-atollic-eabi/lib/armv6-m\libm.a(lib_a-s_floor.o)
 .ARM.attributes
                0x00000a80       0x2c c:/program files (x86)/atollic/truestudio for arm 8.1.0/armtools/bin/../lib/gcc/arm-atollic-eabi/6.3.1/../../../../arm-atollic-eabi/lib/armv6-m\libm.a(lib_a-s_round.o)
 .ARM.attributes
                0x00000aac       0x1e c:/program files (x86)/atollic/truestudio for arm 8.1.0/armtools/bin/../lib/gcc/arm-atollic-eabi/6.3.1/armv6-m\libgcc.a(_udivsi3.o)
 .ARM.attributes
                0x00000aca       0x1e c:/program files (x86)/atollic/truestudio for arm 8.1.0/armtools/bin/../lib/gcc/arm-atollic-eabi/6.3.1/armv6-m\libgcc.a(_divsi3.o)
 .ARM.attributes
                0x00000ae8       0x1e c:/program files (x86)/atollic/truestudio for arm 8.1.0/armtools/bin/../lib/gcc/arm-atollic-eabi/6.3.1/armv6-m\libgcc.a(_dvmd_tls.o)
 .ARM.attributes
                0x00000b06       0x1e c:/program files (x86)/atollic/truestudio for arm 8.1.0/armtools/bin/../lib/gcc/arm-atollic-eabi/6.3.1/armv6-m\libgcc.a(_arm_cmpdf2.o)
 .ARM.attributes
                0x00000b24       0x1e c:/program files (x86)/atollic/truestudio for arm 8.1.0/armtools/bin/../lib/gcc/arm-atollic-eabi/6.3.1/armv6-m\libgcc.a(_aeabi_uldivmod.o)
 .ARM.attributes
                0x00000b42       0x2c c:/program files (x86)/atollic/truestudio for arm 8.1.0/armtools/bin/../lib/gcc/arm-atollic-eabi/6.3.1/armv6-m\libgcc.a(_fixunsdfsi.o)
 .ARM.attributes
                0x00000b6e       0x2c c:/program files (x86)/atollic/truestudio for arm 8.1.0/armtools/bin/../lib/gcc/arm-atollic-eabi/6.3.1/armv6-m\libgcc.a(_udivmoddi4.o)
 .ARM.attributes
                0x00000b9a       0x2c c:/program files (x86)/atollic/truestudio for arm 8.1.0/armtools/bin/../lib/gcc/arm-atollic-eabi/6.3.1/armv6-m\libgcc.a(adddf3.o)
 .ARM.attributes
                0x00000bc6       0x2c c:/program files (x86)/atollic/truestudio for arm 8.1.0/armtools/bin/../lib/gcc/arm-atollic-eabi/6.3.1/armv6-m\libgcc.a(divdf3.o)
 .ARM.attributes
                0x00000bf2       0x2c c:/program files (x86)/atollic/truestudio for arm 8.1.0/armtools/bin/../lib/gcc/arm-atollic-eabi/6.3.1/armv6-m\libgcc.a(eqdf2.o)
 .ARM.attributes
                0x00000c1e       0x2c c:/program files (x86)/atollic/truestudio for arm 8.1.0/armtools/bin/../lib/gcc/arm-atollic-eabi/6.3.1/armv6-m\libgcc.a(gedf2.o)
 .ARM.attributes
                0x00000c4a       0x2c c:/program files (x86)/atollic/truestudio for arm 8.1.0/armtools/bin/../lib/gcc/arm-atollic-eabi/6.3.1/armv6-m\libgcc.a(ledf2.o)
 .ARM.attributes
                0x00000c76       0x2c c:/program files (x86)/atollic/truestudio for arm 8.1.0/armtools/bin/../lib/gcc/arm-atollic-eabi/6.3.1/armv6-m\libgcc.a(muldf3.o)
 .ARM.attributes
                0x00000ca2       0x2c c:/program files (x86)/atollic/truestudio for arm 8.1.0/armtools/bin/../lib/gcc/arm-atollic-eabi/6.3.1/armv6-m\libgcc.a(subdf3.o)
 .ARM.attributes
                0x00000cce       0x2c c:/program files (x86)/atollic/truestudio for arm 8.1.0/armtools/bin/../lib/gcc/arm-atollic-eabi/6.3.1/armv6-m\libgcc.a(fixdfsi.o)
 .ARM.attributes
                0x00000cfa       0x2c c:/program files (x86)/atollic/truestudio for arm 8.1.0/armtools/bin/../lib/gcc/arm-atollic-eabi/6.3.1/armv6-m\libgcc.a(floatsidf.o)
 .ARM.attributes
                0x00000d26       0x2c c:/program files (x86)/atollic/truestudio for arm 8.1.0/armtools/bin/../lib/gcc/arm-atollic-eabi/6.3.1/armv6-m\libgcc.a(floatunsidf.o)
 .ARM.attributes
                0x00000d52       0x1e c:/program files (x86)/atollic/truestudio for arm 8.1.0/armtools/bin/../lib/gcc/arm-atollic-eabi/6.3.1/armv6-m\libgcc.a(_clzsi2.o)
 .ARM.attributes
                0x00000d70       0x1e c:/program files (x86)/atollic/truestudio for arm 8.1.0/armtools/bin/../lib/gcc/arm-atollic-eabi/6.3.1/armv6-m\libgcc.a(_clzdi2.o)
 .ARM.attributes
                0x00000d8e       0x2c c:/program files (x86)/atollic/truestudio for arm 8.1.0/armtools/bin/../lib/gcc/arm-atollic-eabi/6.3.1/../../../../arm-atollic-eabi/lib/armv6-m\libnosys.a(sbrk.o)
 .ARM.attributes
                0x00000dba       0x1e c:/program files (x86)/atollic/truestudio for arm 8.1.0/armtools/bin/../lib/gcc/arm-atollic-eabi/6.3.1/armv6-m/crtn.o
OUTPUT(Radio_Lora.elf elf32-littlearm)

.debug_info     0x00000000    0x25924
 .debug_info    0x00000000     0x110b Drivers\BSP\B-L072Z-LRWAN1\b-l072z-lrwan1.o
 .debug_info    0x0000110b     0x1c98 Drivers\BSP\MLM32L07X01\Phy\sx1276.o
 .debug_info    0x00002da3     0x141e Drivers\BSP\MLM32L07X01\mlm32l07x01.o
 .debug_info    0x000041c1      0xf8b Drivers\STM32L0xx_HAL_Driver\Src\stm32l0xx_hal.o
 .debug_info    0x0000514c     0x14a4 Drivers\STM32L0xx_HAL_Driver\Src\stm32l0xx_hal_adc.o
 .debug_info    0x000065f0      0xf8e Drivers\STM32L0xx_HAL_Driver\Src\stm32l0xx_hal_adc_ex.o
 .debug_info    0x0000757e     0x103b Drivers\STM32L0xx_HAL_Driver\Src\stm32l0xx_hal_cortex.o
 .debug_info    0x000085b9      0xed1 Drivers\STM32L0xx_HAL_Driver\Src\stm32l0xx_hal_gpio.o
 .debug_info    0x0000948a      0xe56 Drivers\STM32L0xx_HAL_Driver\Src\stm32l0xx_hal_pwr.o
 .debug_info    0x0000a2e0      0xa37 Drivers\STM32L0xx_HAL_Driver\Src\stm32l0xx_hal_pwr_ex.o
 .debug_info    0x0000ad17     0x117f Drivers\STM32L0xx_HAL_Driver\Src\stm32l0xx_hal_rcc.o
 .debug_info    0x0000be96     0x1024 Drivers\STM32L0xx_HAL_Driver\Src\stm32l0xx_hal_rcc_ex.o
 .debug_info    0x0000ceba     0x12b9 Drivers\STM32L0xx_HAL_Driver\Src\stm32l0xx_hal_rtc.o
 .debug_info    0x0000e173     0x1608 Drivers\STM32L0xx_HAL_Driver\Src\stm32l0xx_hal_rtc_ex.o
 .debug_info    0x0000f77b     0x16ca Drivers\STM32L0xx_HAL_Driver\Src\stm32l0xx_hal_spi.o
 .debug_info    0x00010e45     0x1c47 Drivers\STM32L0xx_HAL_Driver\Src\stm32l0xx_hal_uart.o
 .debug_info    0x00012a8c     0x1a34 Middlewares\Third_Party\Lora\Core\lora.o
 .debug_info    0x000144c0      0x9bf Middlewares\Third_Party\Lora\Utilities\delay.o
 .debug_info    0x00014e7f      0xb17 Middlewares\Third_Party\Lora\Utilities\low_power.o
 .debug_info    0x00015996      0xe44 Middlewares\Third_Party\Lora\Utilities\timeServer.o
 .debug_info    0x000167da      0xae7 Middlewares\Third_Party\Lora\Utilities\utilities.o
 .debug_info    0x000172c1      0xbe6 src\debug.o
 .debug_info    0x00017ea7      0xec5 src\display.o
 .debug_info    0x00018d6c     0x11f7 src\gps.o
 .debug_info    0x00019f63      0xf11 src\hw_gpio.o
 .debug_info    0x0001ae74     0x1328 src\hw_rtc.o
 .debug_info    0x0001c19c     0x10e5 src\hw_spi.o
 .debug_info    0x0001d281     0x1f20 src\main.o
 .debug_info    0x0001f1a1       0x7e src\startup_stm32l072xx.o
 .debug_info    0x0001f21f     0x1198 src\stm32l0xx_hal_msp.o
 .debug_info    0x000203b7     0x191d src\stm32l0xx_hw.o
 .debug_info    0x00021cd4      0xee8 src\stm32l0xx_it.o
 .debug_info    0x00022bbc      0xb99 src\system_stm32l0xx.o
 .debug_info    0x00023755      0xc78 src\tiny_printf.o
 .debug_info    0x000243cd     0x1557 src\vcom.o

.debug_abbrev   0x00000000     0x53fa
 .debug_abbrev  0x00000000      0x280 Drivers\BSP\B-L072Z-LRWAN1\b-l072z-lrwan1.o
 .debug_abbrev  0x00000280      0x2ed Drivers\BSP\MLM32L07X01\Phy\sx1276.o
 .debug_abbrev  0x0000056d      0x2bb Drivers\BSP\MLM32L07X01\mlm32l07x01.o
 .debug_abbrev  0x00000828      0x271 Drivers\STM32L0xx_HAL_Driver\Src\stm32l0xx_hal.o
 .debug_abbrev  0x00000a99      0x264 Drivers\STM32L0xx_HAL_Driver\Src\stm32l0xx_hal_adc.o
 .debug_abbrev  0x00000cfd      0x225 Drivers\STM32L0xx_HAL_Driver\Src\stm32l0xx_hal_adc_ex.o
 .debug_abbrev  0x00000f22      0x30f Drivers\STM32L0xx_HAL_Driver\Src\stm32l0xx_hal_cortex.o
 .debug_abbrev  0x00001231      0x243 Drivers\STM32L0xx_HAL_Driver\Src\stm32l0xx_hal_gpio.o
 .debug_abbrev  0x00001474      0x22c Drivers\STM32L0xx_HAL_Driver\Src\stm32l0xx_hal_pwr.o
 .debug_abbrev  0x000016a0      0x1eb Drivers\STM32L0xx_HAL_Driver\Src\stm32l0xx_hal_pwr_ex.o
 .debug_abbrev  0x0000188b      0x2b5 Drivers\STM32L0xx_HAL_Driver\Src\stm32l0xx_hal_rcc.o
 .debug_abbrev  0x00001b40      0x26d Drivers\STM32L0xx_HAL_Driver\Src\stm32l0xx_hal_rcc_ex.o
 .debug_abbrev  0x00001dad      0x26c Drivers\STM32L0xx_HAL_Driver\Src\stm32l0xx_hal_rtc.o
 .debug_abbrev  0x00002019      0x27b Drivers\STM32L0xx_HAL_Driver\Src\stm32l0xx_hal_rtc_ex.o
 .debug_abbrev  0x00002294      0x287 Drivers\STM32L0xx_HAL_Driver\Src\stm32l0xx_hal_spi.o
 .debug_abbrev  0x0000251b      0x2b4 Drivers\STM32L0xx_HAL_Driver\Src\stm32l0xx_hal_uart.o
 .debug_abbrev  0x000027cf      0x2ee Middlewares\Third_Party\Lora\Core\lora.o
 .debug_abbrev  0x00002abd      0x1bd Middlewares\Third_Party\Lora\Utilities\delay.o
 .debug_abbrev  0x00002c7a      0x28c Middlewares\Third_Party\Lora\Utilities\low_power.o
 .debug_abbrev  0x00002f06      0x386 Middlewares\Third_Party\Lora\Utilities\timeServer.o
 .debug_abbrev  0x0000328c      0x1f2 Middlewares\Third_Party\Lora\Utilities\utilities.o
 .debug_abbrev  0x0000347e      0x1cf src\debug.o
 .debug_abbrev  0x0000364d      0x251 src\display.o
 .debug_abbrev  0x0000389e      0x242 src\gps.o
 .debug_abbrev  0x00003ae0      0x221 src\hw_gpio.o
 .debug_abbrev  0x00003d01      0x30f src\hw_rtc.o
 .debug_abbrev  0x00004010      0x234 src\hw_spi.o
 .debug_abbrev  0x00004244      0x2da src\main.o
 .debug_abbrev  0x0000451e       0x12 src\startup_stm32l072xx.o
 .debug_abbrev  0x00004530      0x23f src\stm32l0xx_hal_msp.o
 .debug_abbrev  0x0000476f      0x36c src\stm32l0xx_hw.o
 .debug_abbrev  0x00004adb      0x207 src\stm32l0xx_it.o
 .debug_abbrev  0x00004ce2      0x1ca src\system_stm32l0xx.o
 .debug_abbrev  0x00004eac      0x262 src\tiny_printf.o
 .debug_abbrev  0x0000510e      0x2ec src\vcom.o

.debug_aranges  0x00000000     0x1328
 .debug_aranges
                0x00000000       0x58 Drivers\BSP\B-L072Z-LRWAN1\b-l072z-lrwan1.o
 .debug_aranges
                0x00000058      0x138 Drivers\BSP\MLM32L07X01\Phy\sx1276.o
 .debug_aranges
                0x00000190       0x70 Drivers\BSP\MLM32L07X01\mlm32l07x01.o
 .debug_aranges
                0x00000200       0xe0 Drivers\STM32L0xx_HAL_Driver\Src\stm32l0xx_hal.o
 .debug_aranges
                0x000002e0      0x100 Drivers\STM32L0xx_HAL_Driver\Src\stm32l0xx_hal_adc.o
 .debug_aranges
                0x000003e0       0x50 Drivers\STM32L0xx_HAL_Driver\Src\stm32l0xx_hal_adc_ex.o
 .debug_aranges
                0x00000430       0xc8 Drivers\STM32L0xx_HAL_Driver\Src\stm32l0xx_hal_cortex.o
 .debug_aranges
                0x000004f8       0x58 Drivers\STM32L0xx_HAL_Driver\Src\stm32l0xx_hal_gpio.o
 .debug_aranges
                0x00000550       0xa0 Drivers\STM32L0xx_HAL_Driver\Src\stm32l0xx_hal_pwr.o
 .debug_aranges
                0x000005f0       0x50 Drivers\STM32L0xx_HAL_Driver\Src\stm32l0xx_hal_pwr_ex.o
 .debug_aranges
                0x00000640       0x88 Drivers\STM32L0xx_HAL_Driver\Src\stm32l0xx_hal_rcc.o
 .debug_aranges
                0x000006c8       0xb0 Drivers\STM32L0xx_HAL_Driver\Src\stm32l0xx_hal_rcc_ex.o
 .debug_aranges
                0x00000778       0xb8 Drivers\STM32L0xx_HAL_Driver\Src\stm32l0xx_hal_rtc.o
 .debug_aranges
                0x00000830      0x130 Drivers\STM32L0xx_HAL_Driver\Src\stm32l0xx_hal_rtc_ex.o
 .debug_aranges
                0x00000960      0x150 Drivers\STM32L0xx_HAL_Driver\Src\stm32l0xx_hal_spi.o
 .debug_aranges
                0x00000ab0      0x1e8 Drivers\STM32L0xx_HAL_Driver\Src\stm32l0xx_hal_uart.o
 .debug_aranges
                0x00000c98       0x68 Middlewares\Third_Party\Lora\Core\lora.o
 .debug_aranges
                0x00000d00       0x28 Middlewares\Third_Party\Lora\Utilities\delay.o
 .debug_aranges
                0x00000d28       0x38 Middlewares\Third_Party\Lora\Utilities\low_power.o
 .debug_aranges
                0x00000d60       0x78 Middlewares\Third_Party\Lora\Utilities\timeServer.o
 .debug_aranges
                0x00000dd8       0x50 Middlewares\Third_Party\Lora\Utilities\utilities.o
 .debug_aranges
                0x00000e28       0x28 src\debug.o
 .debug_aranges
                0x00000e50       0x90 src\display.o
 .debug_aranges
                0x00000ee0       0x48 src\gps.o
 .debug_aranges
                0x00000f28       0x48 src\hw_gpio.o
 .debug_aranges
                0x00000f70       0xa8 src\hw_rtc.o
 .debug_aranges
                0x00001018       0x38 src\hw_spi.o
 .debug_aranges
                0x00001050       0x68 src\main.o
 .debug_aranges
                0x000010b8       0x28 src\startup_stm32l072xx.o
 .debug_aranges
                0x000010e0       0x58 src\stm32l0xx_hal_msp.o
 .debug_aranges
                0x00001138       0x78 src\stm32l0xx_hw.o
 .debug_aranges
                0x000011b0       0x90 src\stm32l0xx_it.o
 .debug_aranges
                0x00001240       0x28 src\system_stm32l0xx.o
 .debug_aranges
                0x00001268       0x60 src\tiny_printf.o
 .debug_aranges
                0x000012c8       0x60 src\vcom.o

.debug_ranges   0x00000000     0x1118
 .debug_ranges  0x00000000       0x48 Drivers\BSP\B-L072Z-LRWAN1\b-l072z-lrwan1.o
 .debug_ranges  0x00000048      0x140 Drivers\BSP\MLM32L07X01\Phy\sx1276.o
 .debug_ranges  0x00000188       0x60 Drivers\BSP\MLM32L07X01\mlm32l07x01.o
 .debug_ranges  0x000001e8       0xd0 Drivers\STM32L0xx_HAL_Driver\Src\stm32l0xx_hal.o
 .debug_ranges  0x000002b8       0xf0 Drivers\STM32L0xx_HAL_Driver\Src\stm32l0xx_hal_adc.o
 .debug_ranges  0x000003a8       0x40 Drivers\STM32L0xx_HAL_Driver\Src\stm32l0xx_hal_adc_ex.o
 .debug_ranges  0x000003e8       0xb8 Drivers\STM32L0xx_HAL_Driver\Src\stm32l0xx_hal_cortex.o
 .debug_ranges  0x000004a0       0x48 Drivers\STM32L0xx_HAL_Driver\Src\stm32l0xx_hal_gpio.o
 .debug_ranges  0x000004e8       0x90 Drivers\STM32L0xx_HAL_Driver\Src\stm32l0xx_hal_pwr.o
 .debug_ranges  0x00000578       0x40 Drivers\STM32L0xx_HAL_Driver\Src\stm32l0xx_hal_pwr_ex.o
 .debug_ranges  0x000005b8       0x78 Drivers\STM32L0xx_HAL_Driver\Src\stm32l0xx_hal_rcc.o
 .debug_ranges  0x00000630       0xa0 Drivers\STM32L0xx_HAL_Driver\Src\stm32l0xx_hal_rcc_ex.o
 .debug_ranges  0x000006d0       0xa8 Drivers\STM32L0xx_HAL_Driver\Src\stm32l0xx_hal_rtc.o
 .debug_ranges  0x00000778      0x120 Drivers\STM32L0xx_HAL_Driver\Src\stm32l0xx_hal_rtc_ex.o
 .debug_ranges  0x00000898      0x140 Drivers\STM32L0xx_HAL_Driver\Src\stm32l0xx_hal_spi.o
 .debug_ranges  0x000009d8      0x1d8 Drivers\STM32L0xx_HAL_Driver\Src\stm32l0xx_hal_uart.o
 .debug_ranges  0x00000bb0       0x58 Middlewares\Third_Party\Lora\Core\lora.o
 .debug_ranges  0x00000c08       0x18 Middlewares\Third_Party\Lora\Utilities\delay.o
 .debug_ranges  0x00000c20       0x28 Middlewares\Third_Party\Lora\Utilities\low_power.o
 .debug_ranges  0x00000c48       0x68 Middlewares\Third_Party\Lora\Utilities\timeServer.o
 .debug_ranges  0x00000cb0       0x40 Middlewares\Third_Party\Lora\Utilities\utilities.o
 .debug_ranges  0x00000cf0       0x18 src\debug.o
 .debug_ranges  0x00000d08       0x80 src\display.o
 .debug_ranges  0x00000d88       0x38 src\gps.o
 .debug_ranges  0x00000dc0       0x38 src\hw_gpio.o
 .debug_ranges  0x00000df8       0x98 src\hw_rtc.o
 .debug_ranges  0x00000e90       0x28 src\hw_spi.o
 .debug_ranges  0x00000eb8       0x58 src\main.o
 .debug_ranges  0x00000f10       0x20 src\startup_stm32l072xx.o
 .debug_ranges  0x00000f30       0x48 src\stm32l0xx_hal_msp.o
 .debug_ranges  0x00000f78       0x68 src\stm32l0xx_hw.o
 .debug_ranges  0x00000fe0       0x80 src\stm32l0xx_it.o
 .debug_ranges  0x00001060       0x18 src\system_stm32l0xx.o
 .debug_ranges  0x00001078       0x50 src\tiny_printf.o
 .debug_ranges  0x000010c8       0x50 src\vcom.o

.debug_line     0x00000000     0xabb3
 .debug_line    0x00000000      0x3cb Drivers\BSP\B-L072Z-LRWAN1\b-l072z-lrwan1.o
 .debug_line    0x000003cb      0xac1 Drivers\BSP\MLM32L07X01\Phy\sx1276.o
 .debug_line    0x00000e8c      0x476 Drivers\BSP\MLM32L07X01\mlm32l07x01.o
 .debug_line    0x00001302      0x45e Drivers\STM32L0xx_HAL_Driver\Src\stm32l0xx_hal.o
 .debug_line    0x00001760      0x778 Drivers\STM32L0xx_HAL_Driver\Src\stm32l0xx_hal_adc.o
 .debug_line    0x00001ed8      0x3a3 Drivers\STM32L0xx_HAL_Driver\Src\stm32l0xx_hal_adc_ex.o
 .debug_line    0x0000227b      0x4a6 Drivers\STM32L0xx_HAL_Driver\Src\stm32l0xx_hal_cortex.o
 .debug_line    0x00002721      0x42a Drivers\STM32L0xx_HAL_Driver\Src\stm32l0xx_hal_gpio.o
 .debug_line    0x00002b4b      0x42d Drivers\STM32L0xx_HAL_Driver\Src\stm32l0xx_hal_pwr.o
 .debug_line    0x00002f78      0x2fe Drivers\STM32L0xx_HAL_Driver\Src\stm32l0xx_hal_pwr_ex.o
 .debug_line    0x00003276      0x557 Drivers\STM32L0xx_HAL_Driver\Src\stm32l0xx_hal_rcc.o