core_cm0plus.h:655:22:NVIC_EnableIRQ	16	static
core_cm0plus.h:667:22:NVIC_DisableIRQ	16	static
core_cm0plus.h:683:26:NVIC_GetPendingIRQ	16	static
core_cm0plus.h:695:22:NVIC_SetPendingIRQ	16	static
core_cm0plus.h:707:22:NVIC_ClearPendingIRQ	16	static
core_cm0plus.h:722:22:NVIC_SetPriority	24	static
core_cm0plus.h:744:26:NVIC_GetPriority	16	static
core_cm0plus.h:758:22:NVIC_SystemReset	8	static
core_cm0plus.h:796:26:SysTick_Config	16	static
stm32l0xx_hal_cortex.c:151:6:HAL_NVIC_SetPriority	24	static
stm32l0xx_hal_cortex.c:167:6:HAL_NVIC_EnableIRQ	16	static
stm32l0xx_hal_cortex.c:183:6:HAL_NVIC_DisableIRQ	16	static
stm32l0xx_hal_cortex.c:196:6:HAL_NVIC_SystemReset	8	static
stm32l0xx_hal_cortex.c:209:10:HAL_SYSTICK_Config	16	static
stm32l0xx_hal_cortex.c:241:10:HAL_NVIC_GetPriority	16	static
stm32l0xx_hal_cortex.c:254:6:HAL_NVIC_SetPendingIRQ	16	static
stm32l0xx_hal_cortex.c:269:10:HAL_NVIC_GetPendingIRQ	16	static
stm32l0xx_hal_cortex.c:282:6:HAL_NVIC_ClearPendingIRQ	16	static
stm32l0xx_hal_cortex.c:297:6:HAL_SYSTICK_CLKSourceConfig	16	static
stm32l0xx_hal_cortex.c:315:6:HAL_SYSTICK_IRQHandler	8	static
stm32l0xx_hal_cortex.c:324:13:HAL_SYSTICK_Callback	8	static
stm32l0xx_hal_cortex.c:338:6:HAL_MPU_ConfigRegion	16	static
