display.c:15:6:LCD_Config	32	static
display.c:39:6:writePin	16	static
display.c:53:6:LCD_Enable	8	static
display.c:64:6:LCD_Output	16	static
display.c:105:6:LCD_Command	16	static
display.c:115:6:LCD_Data	16	static
display.c:125:6:LCD_Print_String	24	static
display.c:138:6:LCD_Print_Char	16	static
display.c:147:6:LCD_Print	16	static
display.c:159:6:LCD_Cursor	16	static
display.c:183:6:decToBin	48	static
display.c:205:6:intToString4	24	static
display.c:220:6:intToString3	24	static
display.c:234:6:LCD_BuildChar	24	static
display.c:250:6:LCD_Init	8	static
