display.c:15:6:LCD_Config	40	static
display.c:49:6:writePin	16	static
display.c:63:6:LCD_Enable	8	static
display.c:74:6:LCD_Output	16	static
display.c:115:6:LCD_Command	16	static
display.c:125:6:LCD_Data	16	static
display.c:135:6:LCD_Print_String	24	static
display.c:148:6:LCD_Print_Char	16	static
display.c:157:6:LCD_Print	16	static
display.c:169:6:LCD_Cursor	16	static
display.c:193:6:decToBin	48	static
display.c:215:6:intToString4	24	static
display.c:230:6:intToString3	24	static
display.c:244:6:LCD_BuildChar	24	static
display.c:260:6:LCD_Init	8	static
