stm32l0xx_it.c:91:6:NMI_Handler	8	static
stm32l0xx_it.c:103:6:HardFault_Handler	8	static
stm32l0xx_it.c:118:6:MemManage_Handler	8	static
stm32l0xx_it.c:131:6:BusFault_Handler	8	static
stm32l0xx_it.c:144:6:UsageFault_Handler	8	static
stm32l0xx_it.c:157:6:SVC_Handler	8	static
stm32l0xx_it.c:166:6:DebugMon_Handler	8	static
stm32l0xx_it.c:175:6:PendSV_Handler	8	static
stm32l0xx_it.c:184:6:SysTick_Handler	8	static
stm32l0xx_it.c:206:6:SPI2_IRQHandler	8	static
stm32l0xx_it.c:212:6:USART2_IRQHandler	8	static
stm32l0xx_it.c:217:6:RTC_IRQHandler	8	static
stm32l0xx_it.c:222:6:EXTI0_1_IRQHandler	8	static
stm32l0xx_it.c:229:6:EXTI2_3_IRQHandler	8	static
stm32l0xx_it.c:237:6:EXTI4_15_IRQHandler	8	static
