LoRaMac.c:593:13:OnRadioTxDone	32	static
LoRaMac.c:654:13:PrepareRxDoneAbort	8	static
LoRaMac.c:676:13:OnRadioRxDone	128	static
LoRaMac.c:1059:13:OnRadioTxTimeout	8	static
LoRaMac.c:1075:13:OnRadioRxError	8	static
LoRaMac.c:1097:13:OnRadioRxTimeout	8	static
LoRaMac.c:1119:13:OnMacStateCheckTimerEvent	24	static
LoRaMac.c:1311:13:OnTxDelayedTimerEvent	32	static
LoRaMac.c:1342:13:OnRxWindow1TimerEvent	24	static
LoRaMac.c:1365:13:OnRxWindow2TimerEvent	24	static
LoRaMac.c:1393:13:OnAckTimeoutTimerEvent	8	static
LoRaMac.c:1408:13:RxWindowSetup	16	static
LoRaMac.c:1420:13:ValidatePayloadLength	40	static
LoRaMac.c:1448:24:AddMacCommand	32	static
LoRaMac.c:1545:16:ParseMacCommandsToRepeat	32	static
LoRaMac.c:1598:13:ProcessMacCommands	96	static
LoRaMac.c:1780:17:Send	48	static
LoRaMac.c:1811:24:ScheduleTx	24	static
LoRaMac.c:1858:13:CalculateBackOff	32	static
LoRaMac.c:1875:13:ResetMacParameters	16	static
LoRaMac.c:1929:17:PrepareFrame	80	static
LoRaMac.c:2096:17:SendFrameOnChannel	32	static
LoRaMac.c:2138:17:SetTxContinuousWave	24	static
LoRaMac.c:2159:17:LoRaMacInitialization	32	static
LoRaMac.c:2289:17:LoRaMacQueryTxPossible	64	static
LoRaMac.c:2351:17:LoRaMacMibGetRequestConfirm	32	static
LoRaMac.c:2510:17:LoRaMacMibSetRequestConfirm	32	static
LoRaMac.c:2748:17:LoRaMacChannelAdd	40	static
LoRaMac.c:2767:17:LoRaMacChannelRemove	24	static
LoRaMac.c:2788:17:LoRaMacMulticastChannelLink	24	static
LoRaMac.c:2823:17:LoRaMacMulticastChannelUnlink	24	static
LoRaMac.c:2862:17:LoRaMacMlmeRequest	48	static
LoRaMac.c:2965:17:LoRaMacMcpsRequest	48	static
LoRaMac.c:3063:6:LoRaMacTestRxWindowsOn	16	static
LoRaMac.c:3068:6:LoRaMacTestSetMic	16	static
LoRaMac.c:3074:6:LoRaMacTestSetDutyCycleOn	24	static
LoRaMac.c:3086:6:LoRaMacTestSetChannel	16	static
LoRaMac.c:3091:13:SetPublicNetwork	16	static
